Component: ARM Compiler 5.06 update 7 (build 960) Tool: armlink [4d3601]

==============================================================================

Section Cross References

    startup_stm32f407xx.o(STACK) refers (Special) to heapauxi.o(.text) for __use_two_region_memory
    startup_stm32f407xx.o(HEAP) refers (Special) to heapauxi.o(.text) for __use_two_region_memory
    startup_stm32f407xx.o(RESET) refers (Special) to heapauxi.o(.text) for __use_two_region_memory
    startup_stm32f407xx.o(RESET) refers to startup_stm32f407xx.o(STACK) for __initial_sp
    startup_stm32f407xx.o(RESET) refers to startup_stm32f407xx.o(.text) for Reset_Handler
    startup_stm32f407xx.o(RESET) refers to stm32f4xx_it.o(i.NMI_Handler) for NMI_Handler
    startup_stm32f407xx.o(RESET) refers to stm32f4xx_it.o(i.HardFault_Handler) for HardFault_Handler
    startup_stm32f407xx.o(RESET) refers to stm32f4xx_it.o(i.MemManage_Handler) for MemManage_Handler
    startup_stm32f407xx.o(RESET) refers to stm32f4xx_it.o(i.BusFault_Handler) for BusFault_Handler
    startup_stm32f407xx.o(RESET) refers to stm32f4xx_it.o(i.UsageFault_Handler) for UsageFault_Handler
    startup_stm32f407xx.o(RESET) refers to stm32f4xx_it.o(i.SVC_Handler) for SVC_Handler
    startup_stm32f407xx.o(RESET) refers to stm32f4xx_it.o(i.DebugMon_Handler) for DebugMon_Handler
    startup_stm32f407xx.o(RESET) refers to stm32f4xx_it.o(i.PendSV_Handler) for PendSV_Handler
    startup_stm32f407xx.o(RESET) refers to stm32f4xx_it.o(i.SysTick_Handler) for SysTick_Handler
    startup_stm32f407xx.o(RESET) refers to i2s.o(i.DMA1_Stream4_IRQHandler) for DMA1_Stream4_IRQHandler
    startup_stm32f407xx.o(RESET) refers to usmart_port.o(i.TIM4_IRQHandler) for TIM4_IRQHandler
    startup_stm32f407xx.o(RESET) refers to usart.o(i.USART1_IRQHandler) for USART1_IRQHandler
    startup_stm32f407xx.o(RESET) refers to btim.o(i.TIM6_DAC_IRQHandler) for TIM6_DAC_IRQHandler
    startup_stm32f407xx.o(RESET) refers to btim.o(i.TIM7_IRQHandler) for TIM7_IRQHandler
    startup_stm32f407xx.o(.text) refers (Special) to heapauxi.o(.text) for __use_two_region_memory
    startup_stm32f407xx.o(.text) refers to system_stm32f4xx.o(i.SystemInit) for SystemInit
    startup_stm32f407xx.o(.text) refers to __main.o(!!!main) for __main
    startup_stm32f407xx.o(.text) refers to startup_stm32f407xx.o(HEAP) for Heap_Mem
    startup_stm32f407xx.o(.text) refers to startup_stm32f407xx.o(STACK) for Stack_Mem
    main.o(i.main) refers to stm32f4xx_hal.o(i.HAL_Init) for HAL_Init
    main.o(i.main) refers to sys.o(i.sys_stm32_clock_init) for sys_stm32_clock_init
    main.o(i.main) refers to delay.o(i.delay_init) for delay_init
    main.o(i.main) refers to usart.o(i.usart_init) for usart_init
    main.o(i.main) refers to led.o(i.led_init) for led_init
    main.o(i.main) refers to lcd.o(i.lcd_init) for lcd_init
    main.o(i.main) refers to key.o(i.key_init) for key_init
    main.o(i.main) refers to sram.o(i.sram_init) for sram_init
    main.o(i.main) refers to norflash.o(i.norflash_init) for norflash_init
    main.o(i.main) refers to es8388.o(i.es8388_init) for es8388_init
    main.o(i.main) refers to es8388.o(i.es8388_adda_cfg) for es8388_adda_cfg
    main.o(i.main) refers to es8388.o(i.es8388_output_cfg) for es8388_output_cfg
    main.o(i.main) refers to es8388.o(i.es8388_hpvol_set) for es8388_hpvol_set
    main.o(i.main) refers to es8388.o(i.es8388_spkvol_set) for es8388_spkvol_set
    main.o(i.main) refers to malloc.o(i.my_mem_init) for my_mem_init
    main.o(i.main) refers to exfuns.o(i.exfuns_init) for exfuns_init
    main.o(i.main) refers to ff.o(i.f_mount) for f_mount
    main.o(i.main) refers to lcd.o(i.lcd_show_string) for lcd_show_string
    main.o(i.main) refers to delay.o(i.delay_ms) for delay_ms
    main.o(i.main) refers to lcd.o(i.lcd_fill) for lcd_fill
    main.o(i.main) refers to fonts.o(i.fonts_init) for fonts_init
    main.o(i.main) refers to videoplayer.o(i.video_play) for video_play
    main.o(i.main) refers to usmart_config.o(.data) for usmart_dev
    main.o(i.main) refers to exfuns.o(.data) for fs
    stm32f4xx_it.o(i.SysTick_Handler) refers to stm32f4xx_hal.o(i.HAL_IncTick) for HAL_IncTick
    system_stm32f4xx.o(i.SystemCoreClockUpdate) refers to system_stm32f4xx.o(.data) for .data
    system_stm32f4xx.o(i.SystemCoreClockUpdate) refers to system_stm32f4xx.o(.constdata) for .constdata
    videoplayer.o(i.audio_i2s_dma_callback) refers to videoplayer.o(.data) for .data
    videoplayer.o(i.audio_i2s_dma_callback) refers to videoplayer.o(.bss) for .bss
    videoplayer.o(i.display_text_overlay_stream) refers to _printf_percent.o(.ARM.Collect$$_printf_percent$$00000000) for _printf_percent
    videoplayer.o(i.display_text_overlay_stream) refers to stm32f4xx_hal.o(i.HAL_GetTick) for HAL_GetTick
    videoplayer.o(i.display_text_overlay_stream) refers to noretval__2printf.o(.text) for __2printf
    videoplayer.o(i.display_text_overlay_stream) refers to strncpy.o(.text) for strncpy
[...]
    0x0800029e   0x0800029e   0x00000000   Code   RO         9115    .ARM.Collect$$libinit$$0000002E  c_w.l(libinit2.o)
    0x0800029e   0x0800029e   0x00000000   Code   RO         9117    .ARM.Collect$$libinit$$00000030  c_w.l(libinit2.o)
    0x0800029e   0x0800029e   0x00000000   Code   RO         9119    .ARM.Collect$$libinit$$00000032  c_w.l(libinit2.o)
    0x0800029e   0x0800029e   0x00000002   Code   RO         9120    .ARM.Collect$$libinit$$00000033  c_w.l(libinit2.o)
    0x080002a0   0x080002a0   0x00000002   Code   RO         9144    .ARM.Collect$$libshutdown$$00000000  c_w.l(libshutdown.o)
    0x080002a2   0x080002a2   0x00000000   Code   RO         9168    .ARM.Collect$$libshutdown$$00000002  c_w.l(libshutdown2.o)
    0x080002a2   0x080002a2   0x00000000   Code   RO         9170    .ARM.Collect$$libshutdown$$00000004  c_w.l(libshutdown2.o)
    0x080002a2   0x080002a2   0x00000000   Code   RO         9172    .ARM.Collect$$libshutdown$$00000006  c_w.l(libshutdown2.o)
    0x080002a2   0x080002a2   0x00000000   Code   RO         9175    .ARM.Collect$$libshutdown$$00000009  c_w.l(libshutdown2.o)
    0x080002a2   0x080002a2   0x00000000   Code   RO         9178    .ARM.Collect$$libshutdown$$0000000C  c_w.l(libshutdown2.o)
    0x080002a2   0x080002a2   0x00000000   Code   RO         9180    .ARM.Collect$$libshutdown$$0000000E  c_w.l(libshutdown2.o)
    0x080002a2   0x080002a2   0x00000000   Code   RO         9183    .ARM.Collect$$libshutdown$$00000011  c_w.l(libshutdown2.o)
    0x080002a2   0x080002a2   0x00000002   Code   RO         9184    .ARM.Collect$$libshutdown$$00000012  c_w.l(libshutdown2.o)
    0x080002a4   0x080002a4   0x00000000   Code   RO         8977    .ARM.Collect$$rtentry$$00000000  c_w.l(__rtentry.o)
    0x080002a4   0x080002a4   0x00000000   Code   RO         9015    .ARM.Collect$$rtentry$$00000002  c_w.l(__rtentry2.o)
    0x080002a4   0x080002a4   0x00000006   Code   RO         9027    .ARM.Collect$$rtentry$$00000004  c_w.l(__rtentry4.o)
    0x080002aa   0x080002aa   0x00000000   Code   RO         9017    .ARM.Collect$$rtentry$$00000009  c_w.l(__rtentry2.o)
    0x080002aa   0x080002aa   0x00000004   Code   RO         9018    .ARM.Collect$$rtentry$$0000000A  c_w.l(__rtentry2.o)
    0x080002ae   0x080002ae   0x00000000   Code   RO         9020    .ARM.Collect$$rtentry$$0000000C  c_w.l(__rtentry2.o)
    0x080002ae   0x080002ae   0x00000008   Code   RO         9021    .ARM.Collect$$rtentry$$0000000D  c_w.l(__rtentry2.o)
    0x080002b6   0x080002b6   0x00000002   Code   RO         9068    .ARM.Collect$$rtexit$$00000000  c_w.l(rtexit.o)
    0x080002b8   0x080002b8   0x00000000   Code   RO         9122    .ARM.Collect$$rtexit$$00000002  c_w.l(rtexit2.o)
    0x080002b8   0x080002b8   0x00000004   Code   RO         9123    .ARM.Collect$$rtexit$$00000003  c_w.l(rtexit2.o)
    0x080002bc   0x080002bc   0x00000006   Code   RO         9124    .ARM.Collect$$rtexit$$00000004  c_w.l(rtexit2.o)
    0x080002c2   0x080002c2   0x00000002   PAD
    0x080002c4   0x080002c4   0x0000004c   Code   RO            4    .text               startup_stm32f407xx.o
    0x08000310   0x08000310   0x00000002   Code   RO         8835    .text               c_w.l(use_no_semi_2.o)
    0x08000312   0x08000312   0x000000ee   Code   RO         8837    .text               c_w.l(lludivv7m.o)
    0x08000400   0x08000400   0x00000018   Code   RO         8845    .text               c_w.l(noretval__2printf.o)
    0x08000418   0x08000418   0x00000028   Code   RO         8847    .text               c_w.l(noretval__2sprintf.o)
    0x08000440   0x08000440   0x0000004e   Code   RO         8851    .text               c_w.l(_printf_pad.o)
    0x0800048e   0x0800048e   0x00000024   Code   RO         8853    .text               c_w.l(_printf_truncate.o)
    0x080004b2   0x080004b2   0x00000052   Code   RO         8855    .text               c_w.l(_printf_str.o)
    0x08000504   0x08000504   0x00000078   Code   RO         8857    .text               c_w.l(_printf_dec.o)
    0x0800057c   0x0800057c   0x00000028   Code   RO         8859    .text               c_w.l(_printf_charcount.o)
    0x080005a4   0x080005a4   0x000000bc   Code   RO         8861    .text               c_w.l(_printf_wctomb.o)
    0x08000660   0x08000660   0x00000050   Code   RO         8868    .text               c_w.l(_printf_oct_int.o)
    0x080006b0   0x080006b0   0x0000007c   Code   RO         8884    .text               c_w.l(_printf_hex_int_ptr.o)
    0x0800072c   0x0800072c   0x00000188   Code   RO         8910    .text               c_w.l(__printf_flags_ss_wp.o)
    0x080008b4   0x080008b4   0x0000003c   Code   RO         8925    .text               c_w.l(__0sscanf.o)
    0x080008f0   0x080008f0   0x0000014c   Code   RO         8927    .text               c_w.l(_scanf_int.o)
    0x08000a3c   0x08000a3c   0x000000e0   Code   RO         8929    .text               c_w.l(_scanf_str.o)
    0x08000b1c   0x08000b1c   0x00000014   Code   RO         8931    .text               c_w.l(strchr.o)
    0x08000b30   0x08000b30   0x00000058   Code   RO         8933    .text               c_w.l(memcmp.o)
    0x08000b88   0x08000b88   0x00000048   Code   RO         8935    .text               c_w.l(strcpy.o)
    0x08000bd0   0x08000bd0   0x0000003e   Code   RO         8937    .text               c_w.l(strlen.o)
    0x08000c0e   0x08000c0e   0x00000018   Code   RO         8939    .text               c_w.l(strcat.o)
    0x08000c26   0x08000c26   0x0000008a   Code   RO         8941    .text               c_w.l(rt_memcpy_v6.o)
    0x08000cb0   0x08000cb0   0x00000064   Code   RO         8943    .text               c_w.l(rt_memcpy_w.o)
    0x08000d14   0x08000d14   0x00000010   Code   RO         8945    .text               c_w.l(aeabi_memset.o)
    0x08000d24   0x08000d24   0x00000044   Code   RO         8947    .text               c_w.l(rt_memclr.o)
    0x08000d68   0x08000d68   0x0000004e   Code   RO         8949    .text               c_w.l(rt_memclr_w.o)
    0x08000db6   0x08000db6   0x00000056   Code   RO         8951    .text               c_w.l(strncpy.o)
    0x08000e0c   0x08000e0c   0x00000080   Code   RO         8953    .text               c_w.l(strcmpv7m.o)
    0x08000e8c   0x08000e8c   0x00000006   Code   RO         8955    .text               c_w.l(heapauxi.o)
    0x08000e92   0x08000e92   0x00000062   Code   RO         8973    .text               fz_wm.l(setjmp.o)
    0x08000ef4   0x08000ef4   0x00000002   Code   RO         8975    .text               c_w.l(use_no_semi.o)
    0x08000ef6   0x08000ef6   0x000000b2   Code   RO         8984    .text               c_w.l(_printf_intcommon.o)
    0x08000fa8   0x08000fa8   0x00000030   Code   RO         8986    .text               c_w.l(_printf_char_common.o)
    0x08000fd8   0x08000fd8   0x0000000a   Code   RO         8988    .text               c_w.l(_sputc.o)
    0x08000fe2   0x08000fe2   0x0000002c   Code   RO         8990    .text               c_w.l(_printf_char.o)
    0x0800100e   0x0800100e   0x00000002   PAD
    0x08001010   0x08001010   0x00000024   Code   RO         8992    .text               c_w.l(_printf_char_file.o)
    0x08001034   0x08001034   0x0000002c   Code   RO         8994    .text               c_w.l(_printf_wchar.o)
    0x08001060   0x08001060   0x0000001c   Code   RO         8999    .text               c_w.l(_chval.o)
    0x0800107c   0x0800107c   0x0000002c   Code   RO         9001    .text               c_w.l(scanf_char.o)
    0x080010a8   0x080010a8   0x00000040   Code   RO         9003    .text               c_w.l(_sgetc.o)
    0x080010e8   0x080010e8   0x00000040   Code   RO         9005    .text               c_w.l(_wcrtomb.o)
    0x08001128   0x08001128   0x00000010   Code   RO         9029    .text               c_w.l(rt_ctype_table.o)
    0x08001138   0x08001138   0x00000012   Code   RO         9033    .text               c_w.l(isspace.o)
    0x0800114a   0x0800114a   0x00000002   PAD
    0x0800114c   0x0800114c   0x00000374   Code   RO         9037    .text               c_w.l(_scanf.o)
    0x080014c0   0x080014c0   0x00000008   Code   RO         9039    .text               c_w.l(ferror.o)
    0x080014c8   0x080014c8   0x0000004a   Code   RO         9043    .text               c_w.l(sys_stackheap_outer.o)
    0x08001512   0x08001512   0x00000002   PAD
    0x08001514   0x08001514   0x00000008   Code   RO         9048    .text               c_w.l(rt_locale_intlibspace.o)
    0x0800151c   0x0800151c   0x00000012   Code   RO         9053    .text               c_w.l(exit.o)
    0x0800152e   0x0800152e   0x00000002   PAD
    0x08001530   0x08001530   0x00000008   Code   RO         9065    .text               c_w.l(libspace.o)
    0x08001538   0x08001538   0x00000002   Code   RO          356    i.BusFault_Handler  stm32f4xx_it.o
    0x0800153a   0x0800153a   0x00000002   PAD
    0x0800153c   0x0800153c   0x0000007c   Code   RO         5702    i.DMA1_Stream4_IRQHandler  i2s.o
    0x080015b8   0x080015b8   0x00000028   Code   RO         3587    i.DMA_CalcBaseAndBitshift  stm32f4xx_hal_dma.o
    0x080015e0   0x080015e0   0x00000054   Code   RO         3588    i.DMA_CheckFifoParam  stm32f4xx_hal_dma.o
    0x08001634   0x08001634   0x0000001e   Code   RO         2327    i.DMA_MultiBufferSetConfig  stm32f4xx_hal_dma_ex.o
    0x08001652   0x08001652   0x00000002   Code   RO          357    i.DebugMon_Handler  stm32f4xx_it.o
    0x08001654   0x08001654   0x00000040   Code   RO         3469    i.FSMC_NORSRAM_Extended_Timing_Init  stm32f4xx_ll_fsmc.o
    0x08001694   0x08001694   0x00000054   Code   RO         3470    i.FSMC_NORSRAM_Init  stm32f4xx_ll_fsmc.o
    0x080016e8   0x080016e8   0x00000044   Code   RO         3471    i.FSMC_NORSRAM_Timing_Init  stm32f4xx_ll_fsmc.o
    0x0800172c   0x0800172c   0x00000064   Code   RO         2329    i.HAL_DMAEx_MultiBufferStart  stm32f4xx_hal_dma_ex.o
    0x08001790   0x08001790   0x0000008e   Code   RO         3590    i.HAL_DMA_Abort     stm32f4xx_hal_dma.o
    0x0800181e   0x0800181e   0x00000024   Code   RO         3591    i.HAL_DMA_Abort_IT  stm32f4xx_hal_dma.o
    0x08001842   0x08001842   0x00000062   Code   RO         3592    i.HAL_DMA_DeInit    stm32f4xx_hal_dma.o
    0x080018a4   0x080018a4   0x000000d4   Code   RO         3596    i.HAL_DMA_Init      stm32f4xx_hal_dma.o
    0x08001978   0x08001978   0x00000006   Code   RO          802    i.HAL_Delay         delay.o
    0x0800197e   0x0800197e   0x00000002   PAD
    0x08001980   0x08001980   0x000001cc   Code   RO         1321    i.HAL_GPIO_Init     stm32f4xx_hal_gpio.o
    0x08001b4c   0x08001b4c   0x0000000a   Code   RO         1323    i.HAL_GPIO_ReadPin  stm32f4xx_hal_gpio.o
    0x08001b56   0x08001b56   0x00000010   Code   RO         1324    i.HAL_GPIO_TogglePin  stm32f4xx_hal_gpio.o
    0x08001b66   0x08001b66   0x0000000a   Code   RO         1325    i.HAL_GPIO_WritePin  stm32f4xx_hal_gpio.o
    0x08001b70   0x08001b70   0x0000000c   Code   RO         1009    i.HAL_GetREVID      stm32f4xx_hal.o
    0x08001b7c   0x08001b7c   0x0000000c   Code   RO         1010    i.HAL_GetTick       stm32f4xx_hal.o
    0x08001b88   0x08001b88   0x000001f4   Code   RO         4890    i.HAL_I2SEx_FullDuplex_IRQHandler  stm32f4xx_hal_i2s_ex.o
    0x08001d7c   0x08001d7c   0x00000002   Code   RO         4894    i.HAL_I2SEx_TxRxCpltCallback  stm32f4xx_hal_i2s_ex.o
    0x08001d7e   0x08001d7e   0x00000002   Code   RO         4715    i.HAL_I2S_ErrorCallback  stm32f4xx_hal_i2s.o
    0x08001d80   0x08001d80   0x00000174   Code   RO         4719    i.HAL_I2S_Init      stm32f4xx_hal_i2s.o
    0x08001ef4   0x08001ef4   0x000000d0   Code   RO         5703    i.HAL_I2S_MspInit   i2s.o
    0x08001fc4   0x08001fc4   0x00000002   Code   RO         4725    i.HAL_I2S_RxCpltCallback  stm32f4xx_hal_i2s.o
    0x08001fc6   0x08001fc6   0x00000002   Code   RO         4730    i.HAL_I2S_TxCpltCallback  stm32f4xx_hal_i2s.o
    0x08001fc8   0x08001fc8   0x00000010   Code   RO         1016    i.HAL_IncTick       stm32f4xx_hal.o
    0x08001fd8   0x08001fd8   0x0000002c   Code   RO         1017    i.HAL_Init          stm32f4xx_hal.o
    0x08002004   0x08002004   0x00000040   Code   RO         1018    i.HAL_InitTick      stm32f4xx_hal.o
    0x08002044   0x08002044   0x00000002   Code   RO         1020    i.HAL_MspInit       stm32f4xx_hal.o
    0x08002046   0x08002046   0x0000001a   Code   RO         1188    i.HAL_NVIC_EnableIRQ  stm32f4xx_hal_cortex.o
    0x08002060   0x08002060   0x00000040   Code   RO         1194    i.HAL_NVIC_SetPriority  stm32f4xx_hal_cortex.o
    0x080020a0   0x080020a0   0x00000024   Code   RO         1195    i.HAL_NVIC_SetPriorityGrouping  stm32f4xx_hal_cortex.o
    0x080020c4   0x080020c4   0x0000005c   Code   RO         1489    i.HAL_RCCEx_GetPeriphCLKFreq  stm32f4xx_hal_rcc_ex.o
    0x08002120   0x08002120   0x0000013c   Code   RO         1490    i.HAL_RCCEx_PeriphCLKConfig  stm32f4xx_hal_rcc_ex.o
    0x0800225c   0x0800225c   0x00000134   Code   RO         1385    i.HAL_RCC_ClockConfig  stm32f4xx_hal_rcc.o
    0x08002390   0x08002390   0x00000020   Code   RO         1392    i.HAL_RCC_GetPCLK1Freq  stm32f4xx_hal_rcc.o
    0x080023b0   0x080023b0   0x00000020   Code   RO         1393    i.HAL_RCC_GetPCLK2Freq  stm32f4xx_hal_rcc.o
    0x080023d0   0x080023d0   0x00000060   Code   RO         1394    i.HAL_RCC_GetSysClockFreq  stm32f4xx_hal_rcc.o
    0x08002430   0x08002430   0x00000358   Code   RO         1397    i.HAL_RCC_OscConfig  stm32f4xx_hal_rcc.o
    0x08002788   0x08002788   0x00000118   Code   RO         3874    i.HAL_SD_ConfigWideBusOperation  stm32f4xx_hal_sd.o
    0x080028a0   0x080028a0   0x00000198   Code   RO         3879    i.HAL_SD_GetCardCSD  stm32f4xx_hal_sd.o
    0x08002a38   0x08002a38   0x00000024   Code   RO         3880    i.HAL_SD_GetCardInfo  stm32f4xx_hal_sd.o
    0x08002a5c   0x08002a5c   0x00000032   Code   RO         3881    i.HAL_SD_GetCardState  stm32f4xx_hal_sd.o
    0x08002a8e   0x08002a8e   0x00000036   Code   RO         3886    i.HAL_SD_Init       stm32f4xx_hal_sd.o
    0x08002ac4   0x08002ac4   0x00000074   Code   RO         3887    i.HAL_SD_InitCard   stm32f4xx_hal_sd.o
    0x08002b38   0x08002b38   0x000000e4   Code   RO         5281    i.HAL_SD_MspInit    sdio_sdcard.o
    0x08002c1c   0x08002c1c   0x000001dc   Code   RO         3890    i.HAL_SD_ReadBlocks  stm32f4xx_hal_sd.o
    0x08002df8   0x08002df8   0x000001a8   Code   RO         3895    i.HAL_SD_WriteBlocks  stm32f4xx_hal_sd.o
    0x08002fa0   0x08002fa0   0x000000ca   Code   RO         4377    i.HAL_SPI_Init      stm32f4xx_hal_spi.o
    0x0800306a   0x0800306a   0x00000002   PAD
    0x0800306c   0x0800306c   0x00000084   Code   RO         5445    i.HAL_SPI_MspInit   spi.o
    0x080030f0   0x080030f0   0x00000272   Code   RO         4386    i.HAL_SPI_TransmitReceive  stm32f4xx_hal_spi.o
    0x08003362   0x08003362   0x00000056   Code   RO         3345    i.HAL_SRAM_Init     stm32f4xx_hal_sram.o
    0x080033b8   0x080033b8   0x00000074   Code   RO         4998    i.HAL_SRAM_MspInit  lcd.o
    0x0800342c   0x0800342c   0x00000028   Code   RO         1199    i.HAL_SYSTICK_Config  stm32f4xx_hal_cortex.o
    0x08003454   0x08003454   0x00000002   Code   RO         3074    i.HAL_TIMEx_BreakCallback  stm32f4xx_hal_tim_ex.o
    0x08003456   0x08003456   0x00000002   Code   RO         3075    i.HAL_TIMEx_CommutCallback  stm32f4xx_hal_tim_ex.o
    0x08003458   0x08003458   0x0000005a   Code   RO         2370    i.HAL_TIM_Base_Init  stm32f4xx_hal_tim.o
    0x080034b2   0x080034b2   0x00000002   PAD
    0x080034b4   0x080034b4   0x0000003c   Code   RO         5776    i.HAL_TIM_Base_MspInit  btim.o
    0x080034f0   0x080034f0   0x00000080   Code   RO         2375    i.HAL_TIM_Base_Start_IT  stm32f4xx_hal_tim.o
    0x08003570   0x08003570   0x00000002   Code   RO         2404    i.HAL_TIM_IC_CaptureCallback  stm32f4xx_hal_tim.o
    0x08003572   0x08003572   0x00000166   Code   RO         2418    i.HAL_TIM_IRQHandler  stm32f4xx_hal_tim.o
    0x080036d8   0x080036d8   0x00000002   Code   RO         2421    i.HAL_TIM_OC_DelayElapsedCallback  stm32f4xx_hal_tim.o
    0x080036da   0x080036da   0x00000002   Code   RO         2448    i.HAL_TIM_PWM_PulseFinishedCallback  stm32f4xx_hal_tim.o
    0x080036dc   0x080036dc   0x00000040   Code   RO         5777    i.HAL_TIM_PeriodElapsedCallback  btim.o
    0x0800371c   0x0800371c   0x00000002   Code   RO         2461    i.HAL_TIM_TriggerCallback  stm32f4xx_hal_tim.o
    0x0800371e   0x0800371e   0x00000002   Code   RO         1981    i.HAL_UARTEx_RxEventCallback  stm32f4xx_hal_uart.o
    0x08003720   0x08003720   0x00000002   Code   RO         1995    i.HAL_UART_ErrorCallback  stm32f4xx_hal_uart.o
    0x08003722   0x08003722   0x00000002   PAD
    0x08003724   0x08003724   0x00000210   Code   RO         1998    i.HAL_UART_IRQHandler  stm32f4xx_hal_uart.o
    0x08003934   0x08003934   0x00000062   Code   RO         1999    i.HAL_UART_Init     stm32f4xx_hal_uart.o
    0x08003996   0x08003996   0x00000002   PAD
    0x08003998   0x08003998   0x00000090   Code   RO          919    i.HAL_UART_MspInit  usart.o
    0x08003a28   0x08003a28   0x0000002a   Code   RO         2004    i.HAL_UART_Receive_IT  stm32f4xx_hal_uart.o
    0x08003a52   0x08003a52   0x00000002   PAD
    0x08003a54   0x08003a54   0x00000068   Code   RO          920    i.HAL_UART_RxCpltCallback  usart.o
    0x08003abc   0x08003abc   0x00000002   Code   RO         2010    i.HAL_UART_TxCpltCallback  stm32f4xx_hal_uart.o
    0x08003abe   0x08003abe   0x00000002   Code   RO          358    i.HardFault_Handler  stm32f4xx_it.o
    0x08003ac0   0x08003ac0   0x00000060   Code   RO         4897    i.I2SEx_RxISR_I2SExt  stm32f4xx_hal_i2s_ex.o
    0x08003b20   0x08003b20   0x00000060   Code   RO         4898    i.I2SEx_TxISR_I2SExt  stm32f4xx_hal_i2s_ex.o
    0x08003b80   0x08003b80   0x000000f2   Code   RO         4737    i.I2S_IRQHandler    stm32f4xx_hal_i2s.o
    0x08003c72   0x08003c72   0x00000002   Code   RO          359    i.MemManage_Handler  stm32f4xx_it.o
    0x08003c74   0x08003c74   0x00000002   Code   RO          360    i.NMI_Handler       stm32f4xx_it.o
    0x08003c76   0x08003c76   0x00000002   Code   RO          361    i.PendSV_Handler    stm32f4xx_it.o
    0x08003c78   0x08003c78   0x00000024   Code   RO         4096    i.SDIO_ConfigData   stm32f4xx_ll_sdmmc.o
    0x08003c9c   0x08003c9c   0x00000008   Code   RO         4100    i.SDIO_GetPowerState  stm32f4xx_ll_sdmmc.o
    0x08003ca4   0x08003ca4   0x00000006   Code   RO         4101    i.SDIO_GetResponse  stm32f4xx_ll_sdmmc.o
    0x08003caa   0x08003caa   0x00000024   Code   RO         4102    i.SDIO_Init         stm32f4xx_ll_sdmmc.o
    0x08003cce   0x08003cce   0x00000010   Code   RO         4104    i.SDIO_PowerState_ON  stm32f4xx_ll_sdmmc.o
    0x08003cde   0x08003cde   0x00000006   Code   RO         4105    i.SDIO_ReadFIFO     stm32f4xx_ll_sdmmc.o
    0x08003ce4   0x08003ce4   0x00000020   Code   RO         4106    i.SDIO_SendCommand  stm32f4xx_ll_sdmmc.o
    0x08003d04   0x08003d04   0x0000000a   Code   RO         4108    i.SDIO_WriteFIFO    stm32f4xx_ll_sdmmc.o
    0x08003d0e   0x08003d0e   0x00000030   Code   RO         4109    i.SDMMC_CmdAppCommand  stm32f4xx_ll_sdmmc.o
    0x08003d3e   0x08003d3e   0x00000002   PAD
    0x08003d40   0x08003d40   0x00000034   Code   RO         4110    i.SDMMC_CmdAppOperCommand  stm32f4xx_ll_sdmmc.o
    0x08003d74   0x08003d74   0x00000030   Code   RO         4111    i.SDMMC_CmdBlockLength  stm32f4xx_ll_sdmmc.o
    0x08003da4   0x08003da4   0x00000030   Code   RO         4112    i.SDMMC_CmdBusWidth  stm32f4xx_ll_sdmmc.o
    0x08003dd4   0x08003dd4   0x00000050   Code   RO         4116    i.SDMMC_CmdGoIdleState  stm32f4xx_ll_sdmmc.o
    0x08003e24   0x08003e24   0x00000074   Code   RO         4118    i.SDMMC_CmdOperCond  stm32f4xx_ll_sdmmc.o
    0x08003e98   0x08003e98   0x00000030   Code   RO         4119    i.SDMMC_CmdReadMultiBlock  stm32f4xx_ll_sdmmc.o
    0x08003ec8   0x08003ec8   0x00000030   Code   RO         4120    i.SDMMC_CmdReadSingleBlock  stm32f4xx_ll_sdmmc.o
    0x08003ef8   0x08003ef8   0x00000032   Code   RO         4123    i.SDMMC_CmdSelDesel  stm32f4xx_ll_sdmmc.o
    0x08003f2a   0x08003f2a   0x0000002a   Code   RO         4124    i.SDMMC_CmdSendCID  stm32f4xx_ll_sdmmc.o
    0x08003f54   0x08003f54   0x0000002c   Code   RO         4125    i.SDMMC_CmdSendCSD  stm32f4xx_ll_sdmmc.o
    0x08003f80   0x08003f80   0x00000030   Code   RO         4127    i.SDMMC_CmdSendSCR  stm32f4xx_ll_sdmmc.o
    0x08003fb0   0x08003fb0   0x00000030   Code   RO         4128    i.SDMMC_CmdSendStatus  stm32f4xx_ll_sdmmc.o
    0x08003fe0   0x08003fe0   0x00000030   Code   RO         4129    i.SDMMC_CmdSetRelAdd  stm32f4xx_ll_sdmmc.o
    0x08004010   0x08004010   0x00000034   Code   RO         4131    i.SDMMC_CmdStopTransfer  stm32f4xx_ll_sdmmc.o
    0x08004044   0x08004044   0x00000030   Code   RO         4133    i.SDMMC_CmdWriteMultiBlock  stm32f4xx_ll_sdmmc.o
    0x08004074   0x08004074   0x00000030   Code   RO         4134    i.SDMMC_CmdWriteSingleBlock  stm32f4xx_ll_sdmmc.o
    0x080040a4   0x080040a4   0x00000120   Code   RO         4135    i.SDMMC_GetCmdResp1  stm32f4xx_ll_sdmmc.o
    0x080041c4   0x080041c4   0x00000050   Code   RO         4136    i.SDMMC_GetCmdResp2  stm32f4xx_ll_sdmmc.o
    0x08004214   0x08004214   0x00000044   Code   RO         4137    i.SDMMC_GetCmdResp3  stm32f4xx_ll_sdmmc.o
    0x08004258   0x08004258   0x00000088   Code   RO         4138    i.SDMMC_GetCmdResp6  stm32f4xx_ll_sdmmc.o
    0x080042e0   0x080042e0   0x000000da   Code   RO         3903    i.SD_FindSCR        stm32f4xx_hal_sd.o
    0x080043ba   0x080043ba   0x000000ee   Code   RO         3904    i.SD_InitCard       stm32f4xx_hal_sd.o
    0x080044a8   0x080044a8   0x000000ac   Code   RO         3905    i.SD_PowerON        stm32f4xx_hal_sd.o
    0x08004554   0x08004554   0x00000058   Code   RO         4417    i.SPI_EndRxTxTransaction  stm32f4xx_hal_spi.o
    0x080045ac   0x080045ac   0x000000b8   Code   RO         4424    i.SPI_WaitFlagStateUntilTimeout  stm32f4xx_hal_spi.o
    0x08004664   0x08004664   0x00000002   Code   RO          362    i.SVC_Handler       stm32f4xx_it.o
    0x08004666   0x08004666   0x00000004   Code   RO          363    i.SysTick_Handler   stm32f4xx_it.o
    0x0800466a   0x0800466a   0x00000002   PAD
    0x0800466c   0x0800466c   0x00000010   Code   RO          432    i.SystemInit        system_stm32f4xx.o
    0x0800467c   0x0800467c   0x00000034   Code   RO         5930    i.TIM4_IRQHandler   usmart_port.o
    0x080046b0   0x080046b0   0x0000000c   Code   RO         5778    i.TIM6_DAC_IRQHandler  btim.o
    0x080046bc   0x080046bc   0x0000000c   Code   RO         5779    i.TIM7_IRQHandler   btim.o
    0x080046c8   0x080046c8   0x000000c8   Code   RO         2463    i.TIM_Base_SetConfig  stm32f4xx_hal_tim.o
    0x08004790   0x08004790   0x00000010   Code   RO         2012    i.UART_DMAAbortOnError  stm32f4xx_hal_uart.o
    0x080047a0   0x080047a0   0x00000030   Code   RO         2022    i.UART_EndRxTransfer  stm32f4xx_hal_uart.o
    0x080047d0   0x080047d0   0x000000ae   Code   RO         2024    i.UART_Receive_IT   stm32f4xx_hal_uart.o
    0x0800487e   0x0800487e   0x00000002   PAD
    0x08004880   0x08004880   0x0000010c   Code   RO         2025    i.UART_SetConfig    stm32f4xx_hal_uart.o
    0x0800498c   0x0800498c   0x00000036   Code   RO         2027    i.UART_Start_Receive_IT  stm32f4xx_hal_uart.o
    0x080049c2   0x080049c2   0x00000002   PAD
    0x080049c4   0x080049c4   0x0000000c   Code   RO          921    i.USART1_IRQHandler  usart.o
    0x080049d0   0x080049d0   0x00000002   Code   RO          364    i.UsageFault_Handler  stm32f4xx_it.o
    0x080049d2   0x080049d2   0x00000020   Code   RO         1201    i.__NVIC_SetPriority  stm32f4xx_hal_cortex.o
    0x080049f2   0x080049f2   0x0000000e   Code   RO         8903    i._is_digit         c_w.l(__printf_wp.o)
    0x08004a00   0x08004a00   0x00000002   Code   RO          923    i._sys_exit         usart.o
    0x08004a02   0x08004a02   0x00000106   Code   RO         7419    i.access_virt_barray  jmemmgr.o
    0x08004b08   0x08004b08   0x00000104   Code   RO         7420    i.access_virt_sarray  jmemmgr.o
    0x08004c0c   0x08004c0c   0x0000007c   Code   RO         7421    i.alloc_barray      jmemmgr.o
    0x08004c88   0x08004c88   0x00000032   Code   RO         8747    i.alloc_fs_workspace  jquant1.o
    0x08004cba   0x08004cba   0x0000007a   Code   RO         7961    i.alloc_funny_pointers  jdmainct.o
    0x08004d34   0x08004d34   0x0000007c   Code   RO         7422    i.alloc_large       jmemmgr.o
    0x08004db0   0x08004db0   0x00000078   Code   RO         7423    i.alloc_sarray      jmemmgr.o
    0x08004e28   0x08004e28   0x000000dc   Code   RO         7424    i.alloc_small       jmemmgr.o
    0x08004f04   0x08004f04   0x000000cc   Code   RO         7613    i.arith_decode      jdarith.o
    0x08004fd0   0x08004fd0   0x00000038   Code   RO          469    i.audio_i2s_dma_callback  videoplayer.o
    0x08005008   0x08005008   0x0000004c   Code   RO         7096    i.avi_get_streaminfo  avi.o
    0x08005054   0x08005054   0x00000204   Code   RO         7097    i.avi_init          avi.o
    0x08005258   0x08005258   0x0000004a   Code   RO         7098    i.avi_srarch_id     avi.o
    0x080052a2   0x080052a2   0x00000002   PAD
    0x080052a4   0x080052a4   0x00000050   Code   RO         5781    i.btim_tim7_int_init  btim.o
    0x080052f4   0x080052f4   0x0000009c   Code   RO         8377    i.build_bg_ycc_rgb_table  jdcolor.o
    0x08005390   0x08005390   0x0000009c   Code   RO         8549    i.build_bg_ycc_rgb_table  jdmerge.o
    0x0800542c   0x0800542c   0x00000046   Code   RO         8378    i.build_rgb_y_table  jdcolor.o
    0x08005472   0x08005472   0x00000002   PAD
    0x08005474   0x08005474   0x0000009c   Code   RO         8379    i.build_ycc_rgb_table  jdcolor.o
    0x08005510   0x08005510   0x0000009c   Code   RO         8550    i.build_ycc_rgb_table  jdmerge.o
    0x080055ac   0x080055ac   0x00000078   Code   RO         6429    i.change_bitmap     ff.o
    0x08005624   0x08005624   0x000000f4   Code   RO         6430    i.check_fs          ff.o
    0x08005718   0x08005718   0x00000032   Code   RO         6431    i.clmt_clust        ff.o
    0x0800574a   0x0800574a   0x00000018   Code   RO         6432    i.clst2sect         ff.o
    0x08005762   0x08005762   0x00000002   PAD
    0x08005764   0x08005764   0x00000084   Code   RO         6433    i.cmp_lfn           ff.o
    0x080057e8   0x080057e8   0x00000080   Code   RO         8380    i.cmyk_yk_convert   jdcolor.o
    0x08005868   0x08005868   0x00000054   Code   RO         8748    i.color_quantize    jquant1.o
    0x080058bc   0x080058bc   0x00000058   Code   RO         8749    i.color_quantize3   jquant1.o
    0x08005914   0x08005914   0x000000be   Code   RO         8459    i.compute_color     jquant2.o
    0x080059d2   0x080059d2   0x000000f4   Code   RO         8003    i.consume_data      jdcoefct.o
    0x08005ac6   0x08005ac6   0x0000009e   Code   RO         7719    i.consume_markers   jdinput.o
    0x08005b64   0x08005b64   0x0000016a   Code   RO         6434    i.create_chain      ff.o
    0x08005cce   0x08005cce   0x000000ca   Code   RO         8750    i.create_colorindex  jquant1.o
    0x08005d98   0x08005d98   0x000000c2   Code   RO         8751    i.create_colormap   jquant1.o
    0x08005e5a   0x08005e5a   0x00000002   PAD
    0x08005e5c   0x08005e5c   0x00000210   Code   RO         6435    i.create_name       ff.o
    0x0800606c   0x0800606c   0x000000a4   Code   RO         8752    i.create_odither_tables  jquant1.o
    0x08006110   0x08006110   0x0000007a   Code   RO         6437    i.create_xdir       ff.o
    0x0800618a   0x0800618a   0x00000010   Code   RO         6438    i.dbc_1st           ff.o
    0x0800619a   0x0800619a   0x00000216   Code   RO         7614    i.decode_mcu        jdarith.o
    0x080063b0   0x080063b0   0x000002d0   Code   RO         7887    i.decode_mcu        jdhuff.o
    0x08006680   0x08006680   0x0000012e   Code   RO         7615    i.decode_mcu_AC_first  jdarith.o
    0x080067ae   0x080067ae   0x00000002   PAD
    0x080067b0   0x080067b0   0x00000178   Code   RO         7888    i.decode_mcu_AC_first  jdhuff.o
    0x08006928   0x08006928   0x0000010e   Code   RO         7616    i.decode_mcu_AC_refine  jdarith.o
    0x08006a36   0x08006a36   0x00000002   PAD
    0x08006a38   0x08006a38   0x000002bc   Code   RO         7889    i.decode_mcu_AC_refine  jdhuff.o
    0x08006cf4   0x08006cf4   0x00000144   Code   RO         7617    i.decode_mcu_DC_first  jdarith.o
    0x08006e38   0x08006e38   0x00000160   Code   RO         7890    i.decode_mcu_DC_first  jdhuff.o
    0x08006f98   0x08006f98   0x00000058   Code   RO         7618    i.decode_mcu_DC_refine  jdarith.o
    0x08006ff0   0x08006ff0   0x00000096   Code   RO         7891    i.decode_mcu_DC_refine  jdhuff.o
    0x08007086   0x08007086   0x00000002   PAD
    0x08007088   0x08007088   0x000002e0   Code   RO         7892    i.decode_mcu_sub    jdhuff.o
    0x08007368   0x08007368   0x00000104   Code   RO         8004    i.decompress_data   jdcoefct.o
    0x0800746c   0x0800746c   0x00000170   Code   RO         8005    i.decompress_onepass  jdcoefct.o
    0x080075dc   0x080075dc   0x00000408   Code   RO         8006    i.decompress_smooth_data  jdcoefct.o
    0x080079e4   0x080079e4   0x00000198   Code   RO         7513    i.default_decompress_parms  jdapimin.o
    0x08007b7c   0x08007b7c   0x0000000c   Code   RO          803    i.delay_init        delay.o
    0x08007b88   0x08007b88   0x0000000a   Code   RO          804    i.delay_ms          delay.o
    0x08007b92   0x08007b92   0x00000002   PAD
    0x08007b94   0x08007b94   0x00000034   Code   RO          805    i.delay_us          delay.o
    0x08007bc8   0x08007bc8   0x00000058   Code   RO         6439    i.dir_alloc         ff.o
    0x08007c20   0x08007c20   0x000000a6   Code   RO         6440    i.dir_clear         ff.o
    0x08007cc6   0x08007cc6   0x00000146   Code   RO         6441    i.dir_find          ff.o
    0x08007e0c   0x08007e0c   0x000000c4   Code   RO         6442    i.dir_next          ff.o
    0x08007ed0   0x08007ed0   0x000000e2   Code   RO         6443    i.dir_read          ff.o
    0x08007fb2   0x08007fb2   0x00000002   PAD
    0x08007fb4   0x08007fb4   0x00000244   Code   RO         6444    i.dir_register      ff.o
    0x080081f8   0x080081f8   0x00000096   Code   RO         6446    i.dir_sdi           ff.o
    0x0800828e   0x0800828e   0x0000001c   Code   RO         6381    i.disk_initialize   diskio.o
    0x080082aa   0x080082aa   0x00000002   PAD
    0x080082ac   0x080082ac   0x0000005c   Code   RO         6382    i.disk_ioctl        diskio.o
    0x08008308   0x08008308   0x00000052   Code   RO         6383    i.disk_read         diskio.o
    0x0800835a   0x0800835a   0x00000004   Code   RO         6384    i.disk_status       diskio.o
    0x0800835e   0x0800835e   0x00000052   Code   RO         6385    i.disk_write        diskio.o
    0x080083b0   0x080083b0   0x000000f0   Code   RO          470    i.display_text_overlay_stream  videoplayer.o
    0x080084a0   0x080084a0   0x00000078   Code   RO         7425    i.do_barray_io      jmemmgr.o
    0x08008518   0x08008518   0x00000076   Code   RO         7426    i.do_sarray_io      jmemmgr.o
    0x0800858e   0x0800858e   0x00000004   Code   RO         8007    i.dummy_consume_data  jdcoefct.o
    0x08008592   0x08008592   0x0000002c   Code   RO         7363    i.emit_message      jerror.o
    0x080085be   0x080085be   0x00000016   Code   RO         7364    i.error_exit        jerror.o
    0x080085d4   0x080085d4   0x0000000a   Code   RO         5543    i.es8388_3d_set     es8388.o
    0x080085de   0x080085de   0x00000032   Code   RO         5544    i.es8388_adda_cfg   es8388.o
    0x08008610   0x08008610   0x00000018   Code   RO         5545    i.es8388_alc_ctrl   es8388.o
    0x08008628   0x08008628   0x0000001e   Code   RO         5546    i.es8388_hpvol_set  es8388.o
    0x08008646   0x08008646   0x00000012   Code   RO         5547    i.es8388_i2s_cfg    es8388.o
    0x08008658   0x08008658   0x000000c6   Code   RO         5548    i.es8388_init       es8388.o
    0x0800871e   0x0800871e   0x0000000e   Code   RO         5549    i.es8388_input_cfg  es8388.o
    0x0800872c   0x0800872c   0x0000000e   Code   RO         5550    i.es8388_mic_gain   es8388.o
    0x0800873a   0x0800873a   0x0000001a   Code   RO         5551    i.es8388_output_cfg  es8388.o
    0x08008754   0x08008754   0x00000044   Code   RO         5552    i.es8388_read_reg   es8388.o
    0x08008798   0x08008798   0x0000001e   Code   RO         5553    i.es8388_spkvol_set  es8388.o
    0x080087b6   0x080087b6   0x00000042   Code   RO         5554    i.es8388_write_reg  es8388.o
    0x080087f8   0x080087f8   0x00000156   Code   RO         7767    i.examine_app0      jdmarker.o
    0x0800894e   0x0800894e   0x0000007c   Code   RO         7768    i.examine_app14     jdmarker.o
    0x080089ca   0x080089ca   0x0000000e   Code   RO         6137    i.exfuns_char_upper  exfuns.o
    0x080089d8   0x080089d8   0x0000008c   Code   RO         6139    i.exfuns_file_type  exfuns.o
    0x08008a64   0x08008a64   0x00000034   Code   RO         6144    i.exfuns_init       exfuns.o
    0x08008a98   0x08008a98   0x0000001c   Code   RO         6447    i.f_close           ff.o
    0x08008ab4   0x08008ab4   0x00000306   Code   RO         6452    i.f_lseek           ff.o
    0x08008dba   0x08008dba   0x00000002   PAD
    0x08008dbc   0x08008dbc   0x00000048   Code   RO         6455    i.f_mount           ff.o
    0x08008e04   0x08008e04   0x00000296   Code   RO         6456    i.f_open            ff.o
    0x0800909a   0x0800909a   0x000000b0   Code   RO         6457    i.f_opendir         ff.o
    0x0800914a   0x0800914a   0x00000176   Code   RO         6461    i.f_read            ff.o
    0x080092c0   0x080092c0   0x0000006c   Code   RO         6462    i.f_readdir         ff.o
    0x0800932c   0x0800932c   0x00000166   Code   RO         6466    i.f_sync            ff.o
    0x08009492   0x08009492   0x00000008   Code   RO         6868    i.ff_memalloc       ffsystem.o
    0x0800949a   0x0800949a   0x00000008   Code   RO         6869    i.ff_memfree        ffsystem.o
    0x080094a2   0x080094a2   0x00000002   PAD
    0x080094a4   0x080094a4   0x00000070   Code   RO         6904    i.ff_oem2uni        myffunicode.o
    0x08009514   0x08009514   0x00000070   Code   RO         6905    i.ff_uni2oem        myffunicode.o
    0x08009584   0x08009584   0x00000088   Code   RO         6906    i.ff_wtoupper       myffunicode.o
    0x0800960c   0x0800960c   0x0000002e   Code   RO         6470    i.fill_first_frag   ff.o
    0x0800963a   0x0800963a   0x00000002   PAD
    0x0800963c   0x0800963c   0x00000050   Code   RO         7140    i.fill_input_buffer  mjpeg.o
    0x0800968c   0x0800968c   0x00000094   Code   RO         8460    i.fill_inverse_cmap  jquant2.o
    0x08009720   0x08009720   0x00000032   Code   RO         6471    i.fill_last_frag    ff.o
    0x08009752   0x08009752   0x000000d2   Code   RO         8461    i.find_best_colors  jquant2.o
    0x08009824   0x08009824   0x00000090   Code   RO         6472    i.find_bitmap       ff.o
    0x080098b4   0x080098b4   0x0000012a   Code   RO         8462    i.find_nearby_colors  jquant2.o
    0x080099de   0x080099de   0x00000002   PAD
    0x080099e0   0x080099e0   0x0000001c   Code   RO         7720    i.finish_input_pass  jdinput.o
    0x080099fc   0x080099fc   0x0000001c   Code   RO         7675    i.finish_output_pass  jdmaster.o
    0x08009a18   0x08009a18   0x00000002   Code   RO         7619    i.finish_pass       jdarith.o
    0x08009a1a   0x08009a1a   0x00000016   Code   RO         8463    i.finish_pass1      jquant2.o
    0x08009a30   0x08009a30   0x00000002   Code   RO         8464    i.finish_pass2      jquant2.o
    0x08009a32   0x08009a32   0x00000002   Code   RO         8753    i.finish_pass_1_quant  jquant1.o
    0x08009a34   0x08009a34   0x00000020   Code   RO         7893    i.finish_pass_huff  jdhuff.o
    0x08009a54   0x08009a54   0x00000068   Code   RO         7769    i.first_marker      jdmarker.o
    0x08009abc   0x08009abc   0x0000009c   Code   RO         6473    i.follow_path       ff.o
    0x08009b58   0x08009b58   0x0000003c   Code   RO         6985    i.fonts_init        fonts.o
    0x08009b94   0x08009b94   0x0000008e   Code   RO         7365    i.format_message    jerror.o
    0x08009c22   0x08009c22   0x00000002   PAD
    0x08009c24   0x08009c24   0x00000014   Code   RO          925    i.fputc             usart.o
    0x08009c38   0x08009c38   0x000000c6   Code   RO         7427    i.free_pool         jmemmgr.o
    0x08009cfe   0x08009cfe   0x00000004   Code   RO         8335    i.fullsize_upsample  jdsample.o
    0x08009d02   0x08009d02   0x00000002   PAD
    0x08009d04   0x08009d04   0x0000009c   Code   RO         6474    i.gen_numname       ff.o
    0x08009da0   0x08009da0   0x00000030   Code   RO         7620    i.get_byte          jdarith.o
    0x08009dd0   0x08009dd0   0x00000106   Code   RO         7770    i.get_dac           jdmarker.o
    0x08009ed6   0x08009ed6   0x00000206   Code   RO         7771    i.get_dht           jdmarker.o
    0x0800a0dc   0x0800a0dc   0x0000022c   Code   RO         7772    i.get_dqt           jdmarker.o
    0x0800a308   0x0800a308   0x000000a6   Code   RO         7773    i.get_dri           jdmarker.o
    0x0800a3ae   0x0800a3ae   0x00000132   Code   RO         6475    i.get_fat           ff.o
    0x0800a4e0   0x0800a4e0   0x00000004   Code   RO         6870    i.get_fattime       ffsystem.o
    0x0800a4e4   0x0800a4e4   0x000001ce   Code   RO         6476    i.get_fileinfo      ff.o
    0x0800a6b2   0x0800a6b2   0x000000e2   Code   RO         7774    i.get_interesting_appn  jdmarker.o
    0x0800a794   0x0800a794   0x00000036   Code   RO         6477    i.get_ldnumber      ff.o
    0x0800a7ca   0x0800a7ca   0x00000002   PAD
    0x0800a7cc   0x0800a7cc   0x00000318   Code   RO         7775    i.get_lse           jdmarker.o
    0x0800aae4   0x0800aae4   0x00000018   Code   RO         5283    i.get_sd_card_state  sdio_sdcard.o
    0x0800aafc   0x0800aafc   0x00000250   Code   RO         7776    i.get_sof           jdmarker.o
    0x0800ad4c   0x0800ad4c   0x0000006a   Code   RO         7777    i.get_soi           jdmarker.o
    0x0800adb6   0x0800adb6   0x00000002   PAD
    0x0800adb8   0x0800adb8   0x0000024c   Code   RO         7778    i.get_sos           jdmarker.o
    0x0800b004   0x0800b004   0x0000002e   Code   RO         8381    i.gray_rgb_convert  jdcolor.o
    0x0800b032   0x0800b032   0x0000001a   Code   RO         8382    i.grayscale_convert  jdcolor.o
    0x0800b04c   0x0800b04c   0x000000fa   Code   RO         8551    i.h2v1_merged_upsample  jdmerge.o
    0x0800b146   0x0800b146   0x00000032   Code   RO         8336    i.h2v1_upsample     jdsample.o
    0x0800b178   0x0800b178   0x000001da   Code   RO         8552    i.h2v2_merged_upsample  jdmerge.o
    0x0800b352   0x0800b352   0x00000044   Code   RO         8337    i.h2v2_upsample     jdsample.o
    0x0800b396   0x0800b396   0x00000002   PAD
    0x0800b398   0x0800b398   0x00000040   Code   RO         5705    i.i2s_init          i2s.o
    0x0800b3d8   0x0800b3d8   0x00000014   Code   RO         5706    i.i2s_play_start    i2s.o
    0x0800b3ec   0x0800b3ec   0x00000014   Code   RO         5707    i.i2s_play_stop     i2s.o
    0x0800b400   0x0800b400   0x00000074   Code   RO         5708    i.i2s_samplerate_set  i2s.o
    0x0800b474   0x0800b474   0x000000dc   Code   RO         5709    i.i2s_tx_dma_init   i2s.o
    0x0800b550   0x0800b550   0x00000054   Code   RO         5636    i.iic_ack           myiic.o
    0x0800b5a4   0x0800b5a4   0x00000060   Code   RO         5637    i.iic_init          myiic.o
    0x0800b604   0x0800b604   0x00000040   Code   RO         5638    i.iic_nack          myiic.o
    0x0800b644   0x0800b644   0x00000068   Code   RO         5639    i.iic_read_byte     myiic.o
    0x0800b6ac   0x0800b6ac   0x00000060   Code   RO         5640    i.iic_send_byte     myiic.o
    0x0800b70c   0x0800b70c   0x0000004c   Code   RO         5641    i.iic_start         myiic.o
    0x0800b758   0x0800b758   0x00000040   Code   RO         5642    i.iic_stop          myiic.o
    0x0800b798   0x0800b798   0x00000068   Code   RO         5643    i.iic_wait_ack      myiic.o
    0x0800b800   0x0800b800   0x0000002e   Code   RO         6478    i.init_alloc_info   ff.o
    0x0800b82e   0x0800b82e   0x00000062   Code   RO         8465    i.init_error_limit  jquant2.o
    0x0800b890   0x0800b890   0x00000002   Code   RO         7141    i.init_source       mjpeg.o
    0x0800b892   0x0800b892   0x00000002   PAD
    0x0800b894   0x0800b894   0x00000038   Code   RO          471    i.init_text_stream  videoplayer.o
    0x0800b8cc   0x0800b8cc   0x000002b8   Code   RO         7721    i.initial_setup     jdinput.o
    0x0800bb84   0x0800bb84   0x00000064   Code   RO         8338    i.int_upsample      jdsample.o
    0x0800bbe8   0x0800bbe8   0x0000000c   Code   RO         7317    i.jcopy_block_row   jutils.o
    0x0800bbf4   0x0800bbf4   0x00000022   Code   RO         7318    i.jcopy_sample_rows  jutils.o
    0x0800bc16   0x0800bc16   0x0000000a   Code   RO         7319    i.jdiv_round_up     jutils.o
    0x0800bc20   0x0800bc20   0x00000088   Code   RO         8754    i.jinit_1pass_quantizer  jquant1.o
    0x0800bca8   0x0800bca8   0x000000f4   Code   RO         8466    i.jinit_2pass_quantizer  jquant2.o
    0x0800bd9c   0x0800bd9c   0x00000074   Code   RO         7621    i.jinit_arith_decoder  jdarith.o
    0x0800be10   0x0800be10   0x00000250   Code   RO         8383    i.jinit_color_deconverter  jdcolor.o
    0x0800c060   0x0800c060   0x000000dc   Code   RO         8008    i.jinit_d_coef_controller  jdcoefct.o
    0x0800c13c   0x0800c13c   0x000000ac   Code   RO         7962    i.jinit_d_main_controller  jdmainct.o
    0x0800c1e8   0x0800c1e8   0x00000070   Code   RO         8060    i.jinit_d_post_controller  jdpostct.o
    0x0800c258   0x0800c258   0x00000078   Code   RO         7894    i.jinit_huff_decoder  jdhuff.o
    0x0800c2d0   0x0800c2d0   0x00000040   Code   RO         7722    i.jinit_input_controller  jdinput.o
    0x0800c310   0x0800c310   0x0000005c   Code   RO         8092    i.jinit_inverse_dct  jddctmgr.o
    0x0800c36c   0x0800c36c   0x0000005c   Code   RO         7779    i.jinit_marker_reader  jdmarker.o
    0x0800c3c8   0x0800c3c8   0x00000034   Code   RO         7676    i.jinit_master_decompress  jdmaster.o
    0x0800c3fc   0x0800c3fc   0x00000104   Code   RO         7428    i.jinit_memory_mgr  jmemmgr.o
    0x0800c500   0x0800c500   0x00000070   Code   RO         8553    i.jinit_merged_upsampler  jdmerge.o
    0x0800c570   0x0800c570   0x00000128   Code   RO         8339    i.jinit_upsampler   jdsample.o
    0x0800c698   0x0800c698   0x000000a0   Code   RO         7514    i.jpeg_CreateDecompress  jdapimin.o
    0x0800c738   0x0800c738   0x00000032   Code   RO         7273    i.jpeg_abort        jcomapi.o
    0x0800c76a   0x0800c76a   0x00000004   Code   RO         7515    i.jpeg_abort_decompress  jdapimin.o
    0x0800c76e   0x0800c76e   0x00000016   Code   RO         7274    i.jpeg_alloc_huff_table  jcomapi.o
    0x0800c784   0x0800c784   0x00000014   Code   RO         7275    i.jpeg_alloc_quant_table  jcomapi.o
    0x0800c798   0x0800c798   0x0000016a   Code   RO         7677    i.jpeg_calc_output_dimensions  jdmaster.o
    0x0800c902   0x0800c902   0x0000007a   Code   RO         7516    i.jpeg_consume_input  jdapimin.o
    0x0800c97c   0x0800c97c   0x00000290   Code   RO         7723    i.jpeg_core_output_dimensions  jdinput.o
    0x0800cc0c   0x0800cc0c   0x00000016   Code   RO         7276    i.jpeg_destroy      jcomapi.o
    0x0800cc22   0x0800cc22   0x00000004   Code   RO         7517    i.jpeg_destroy_decompress  jdapimin.o
    0x0800cc26   0x0800cc26   0x00000002   PAD
    0x0800cc28   0x0800cc28   0x00000054   Code   RO         7142    i.jpeg_filerw_src_init  mjpeg.o
    0x0800cc7c   0x0800cc7c   0x000000ae   Code   RO         7895    i.jpeg_fill_bit_buffer  jdhuff.o
    0x0800cd2a   0x0800cd2a   0x0000007e   Code   RO         7518    i.jpeg_finish_decompress  jdapimin.o
    0x0800cda8   0x0800cda8   0x00000002   Code   RO         8608    i.jpeg_free_large   jmemnobs.o
    0x0800cdaa   0x0800cdaa   0x00000002   Code   RO         8609    i.jpeg_free_small   jmemnobs.o
    0x0800cdac   0x0800cdac   0x00000006   Code   RO         8610    i.jpeg_get_large    jmemnobs.o
    0x0800cdb2   0x0800cdb2   0x00000006   Code   RO         8611    i.jpeg_get_small    jmemnobs.o
    0x0800cdb8   0x0800cdb8   0x00000094   Code   RO         7896    i.jpeg_huff_decode  jdhuff.o
    0x0800ce4c   0x0800ce4c   0x00000358   Code   RO         8137    i.jpeg_idct_10x10   jidctint.o
    0x0800d1a4   0x0800d1a4   0x00000250   Code   RO         8138    i.jpeg_idct_10x5    jidctint.o
    0x0800d3f4   0x0800d3f4   0x000004b4   Code   RO         8139    i.jpeg_idct_11x11   jidctint.o
    0x0800d8a8   0x0800d8a8   0x000003f4   Code   RO         8140    i.jpeg_idct_12x12   jidctint.o
    0x0800dc9c   0x0800dc9c   0x000002c0   Code   RO         8141    i.jpeg_idct_12x6    jidctint.o
    0x0800df5c   0x0800df5c   0x00000544   Code   RO         8142    i.jpeg_idct_13x13   jidctint.o
    0x0800e4a0   0x0800e4a0   0x000004b8   Code   RO         8143    i.jpeg_idct_14x14   jidctint.o
    0x0800e958   0x0800e958   0x000003a4   Code   RO         8144    i.jpeg_idct_14x7    jidctint.o
    0x0800ecfc   0x0800ecfc   0x000004f0   Code   RO         8145    i.jpeg_idct_15x15   jidctint.o
    0x0800f1ec   0x0800f1ec   0x000005fe   Code   RO         8146    i.jpeg_idct_16x16   jidctint.o
    0x0800f7ea   0x0800f7ea   0x00000002   PAD
    0x0800f7ec   0x0800f7ec   0x00000508   Code   RO         8147    i.jpeg_idct_16x8    jidctint.o
    0x0800fcf4   0x0800fcf4   0x00000026   Code   RO         8148    i.jpeg_idct_1x1     jidctint.o
    0x0800fd1a   0x0800fd1a   0x0000003a   Code   RO         8149    i.jpeg_idct_1x2     jidctint.o
    0x0800fd54   0x0800fd54   0x0000003a   Code   RO         8150    i.jpeg_idct_2x1     jidctint.o
    0x0800fd8e   0x0800fd8e   0x00000070   Code   RO         8151    i.jpeg_idct_2x2     jidctint.o
    0x0800fdfe   0x0800fdfe   0x00000002   PAD
    0x0800fe00   0x0800fe00   0x000000cc   Code   RO         8152    i.jpeg_idct_2x4     jidctint.o
    0x0800fecc   0x0800fecc   0x000000dc   Code   RO         8153    i.jpeg_idct_3x3     jidctint.o
    0x0800ffa8   0x0800ffa8   0x0000013a   Code   RO         8154    i.jpeg_idct_3x6     jidctint.o
    0x080100e2   0x080100e2   0x00000002   PAD
    0x080100e4   0x080100e4   0x000000c8   Code   RO         8155    i.jpeg_idct_4x2     jidctint.o
    0x080101ac   0x080101ac   0x00000124   Code   RO         8156    i.jpeg_idct_4x4     jidctint.o
    0x080102d0   0x080102d0   0x00000270   Code   RO         8157    i.jpeg_idct_4x8     jidctint.o
    0x08010540   0x08010540   0x0000026c   Code   RO         8158    i.jpeg_idct_5x10    jidctint.o
    0x080107ac   0x080107ac   0x0000017c   Code   RO         8159    i.jpeg_idct_5x5     jidctint.o
    0x08010928   0x08010928   0x000002cc   Code   RO         8160    i.jpeg_idct_6x12    jidctint.o
    0x08010bf4   0x08010bf4   0x0000012e   Code   RO         8161    i.jpeg_idct_6x3     jidctint.o
    0x08010d22   0x08010d22   0x00000194   Code   RO         8162    i.jpeg_idct_6x6     jidctint.o
    0x08010eb6   0x08010eb6   0x00000002   PAD
    0x08010eb8   0x08010eb8   0x00000398   Code   RO         8163    i.jpeg_idct_7x14    jidctint.o
    0x08011250   0x08011250   0x00000294   Code   RO         8164    i.jpeg_idct_7x7     jidctint.o
    0x080114e4   0x080114e4   0x000004ac   Code   RO         8165    i.jpeg_idct_8x16    jidctint.o
    0x08011990   0x08011990   0x00000200   Code   RO         8166    i.jpeg_idct_8x4     jidctint.o
    0x08011b90   0x08011b90   0x00000310   Code   RO         8167    i.jpeg_idct_9x9     jidctint.o
    0x08011ea0   0x08011ea0   0x00000344   Code   RO         8125    i.jpeg_idct_float   jidctflt.o
    0x080121e4   0x080121e4   0x000002c8   Code   RO         8113    i.jpeg_idct_ifast   jidctfst.o
    0x080124ac   0x080124ac   0x00000374   Code   RO         8168    i.jpeg_idct_islow   jidctint.o
    0x08012820   0x08012820   0x000001cc   Code   RO         7897    i.jpeg_make_d_derived_tbl  jdhuff.o
    0x080129ec   0x080129ec   0x0000000e   Code   RO         8612    i.jpeg_mem_available  jmemnobs.o
    0x080129fa   0x080129fa   0x00000004   Code   RO         8613    i.jpeg_mem_init     jmemnobs.o
    0x080129fe   0x080129fe   0x00000002   Code   RO         8614    i.jpeg_mem_term     jmemnobs.o
    0x08012a00   0x08012a00   0x0000000c   Code   RO         8615    i.jpeg_open_backing_store  jmemnobs.o
    0x08012a0c   0x08012a0c   0x00000050   Code   RO         7521    i.jpeg_read_header  jdapimin.o
    0x08012a5c   0x08012a5c   0x0000005e   Code   RO         7574    i.jpeg_read_scanlines  jdapistd.o
    0x08012aba   0x08012aba   0x000000b2   Code   RO         7780    i.jpeg_resync_to_restart  jdmarker.o
    0x08012b6c   0x08012b6c   0x00000098   Code   RO         7575    i.jpeg_start_decompress  jdapistd.o
    0x08012c04   0x08012c04   0x00000048   Code   RO         7366    i.jpeg_std_error    jerror.o
    0x08012c4c   0x08012c4c   0x000000c8   Code   RO         7277    i.jpeg_std_huff_table  jcomapi.o
    0x08012d14   0x08012d14   0x00000010   Code   RO         7320    i.jround_up         jutils.o
    0x08012d24   0x08012d24   0x000000a0   Code   RO         5250    i.key_init          key.o
    0x08012dc4   0x08012dc4   0x000000c8   Code   RO         5251    i.key_scan          key.o
    0x08012e8c   0x08012e8c   0x00000014   Code   RO         8755    i.largest_input_value  jquant1.o
    0x08012ea0   0x08012ea0   0x00000030   Code   RO         4999    i.lcd_clear         lcd.o
    0x08012ed0   0x08012ed0   0x000000e8   Code   RO         5001    i.lcd_display_dir   lcd.o
    0x08012fb8   0x08012fb8   0x00000016   Code   RO         5007    i.lcd_draw_point    lcd.o
    0x08012fce   0x08012fce   0x0000022e   Code   RO         5009    i.lcd_ex_ili9341_reginit  lcd.o
    0x080131fc   0x080131fc   0x00000342   Code   RO         5010    i.lcd_ex_ili9806_reginit  lcd.o
    0x0801353e   0x0801353e   0x00000ef4   Code   RO         5011    i.lcd_ex_nt35310_reginit  lcd.o
    0x08014432   0x08014432   0x00000efa   Code   RO         5012    i.lcd_ex_nt35510_reginit  lcd.o
    0x0801532c   0x0801532c   0x00000170   Code   RO         5013    i.lcd_ex_ssd1963_reginit  lcd.o
    0x0801549c   0x0801549c   0x000001aa   Code   RO         5014    i.lcd_ex_st7789_reginit  lcd.o
    0x08015646   0x08015646   0x000001c8   Code   RO         5015    i.lcd_ex_st7796_reginit  lcd.o
    0x0801580e   0x0801580e   0x00000046   Code   RO         5016    i.lcd_fill          lcd.o
    0x08015854   0x08015854   0x00000388   Code   RO         5018    i.lcd_init          lcd.o
    0x08015bdc   0x08015bdc   0x0000001a   Code   RO         5020    i.lcd_rd_data       lcd.o
    0x08015bf6   0x08015bf6   0x00000002   PAD
    0x08015bf8   0x08015bf8   0x000001a4   Code   RO         5022    i.lcd_scan_dir      lcd.o
    0x08015d9c   0x08015d9c   0x000000f0   Code   RO         5023    i.lcd_set_cursor    lcd.o
    0x08015e8c   0x08015e8c   0x00000154   Code   RO         5024    i.lcd_set_window    lcd.o
    0x08015fe0   0x08015fe0   0x000000dc   Code   RO         5025    i.lcd_show_char     lcd.o
    0x080160bc   0x080160bc   0x00000056   Code   RO         5027    i.lcd_show_string   lcd.o
    0x08016112   0x08016112   0x00000002   PAD
    0x08016114   0x08016114   0x00000050   Code   RO         5029    i.lcd_ssd_backlight_set  lcd.o
    0x08016164   0x08016164   0x00000018   Code   RO         5030    i.lcd_wr_data       lcd.o
    0x0801617c   0x0801617c   0x00000018   Code   RO         5031    i.lcd_wr_regno      lcd.o
    0x08016194   0x08016194   0x00000014   Code   RO         5032    i.lcd_write_ram_prepare  lcd.o
    0x080161a8   0x080161a8   0x0000000c   Code   RO         5033    i.lcd_write_reg     lcd.o
    0x080161b4   0x080161b4   0x00000026   Code   RO         6479    i.ld_clust          ff.o
    0x080161da   0x080161da   0x00000016   Code   RO         6480    i.ld_dword          ff.o
    0x080161f0   0x080161f0   0x00000056   Code   RO         6481    i.ld_qword          ff.o
    0x08016246   0x08016246   0x0000000a   Code   RO         6482    i.ld_word           ff.o
    0x08016250   0x08016250   0x0000006c   Code   RO         4974    i.led_init          led.o
    0x080162bc   0x080162bc   0x0000003a   Code   RO         6483    i.load_obj_xdir     ff.o
    0x080162f6   0x080162f6   0x00000002   PAD
    0x080162f8   0x080162f8   0x00000178   Code   RO          472    i.load_text_file_stream  videoplayer.o
    0x08016470   0x08016470   0x000000d0   Code   RO         6484    i.load_xdir         ff.o
    0x08016540   0x08016540   0x000000e8   Code   RO           13    i.main              main.o
    0x08016628   0x08016628   0x000000aa   Code   RO         7963    i.make_funny_pointers  jdmainct.o
    0x080166d2   0x080166d2   0x000001ec   Code   RO         7679    i.master_selection  jdmaster.o
    0x080168be   0x080168be   0x00000108   Code   RO         8467    i.median_cut        jquant2.o
    0x080169c6   0x080169c6   0x00000026   Code   RO         8554    i.merged_1v_upsample  jdmerge.o
    0x080169ec   0x080169ec   0x00000064   Code   RO         8555    i.merged_2v_upsample  jdmerge.o
    0x08016a50   0x08016a50   0x00000020   Code   RO         6215    i.mf_free           fattester.o
    0x08016a70   0x08016a70   0x00000034   Code   RO         6218    i.mf_init           fattester.o
    0x08016aa4   0x08016aa4   0x00000068   Code   RO         6229    i.mf_scan_files     fattester.o
    0x08016b0c   0x08016b0c   0x00000034   Code   RO         7143    i.mjpeg_malloc      mjpeg.o
    0x08016b40   0x08016b40   0x000000c4   Code   RO         7144    i.mjpegdec_decode   mjpeg.o
    0x08016c04   0x08016c04   0x00000024   Code   RO         7146    i.mjpegdec_free     mjpeg.o
    0x08016c28   0x08016c28   0x0000004c   Code   RO         7147    i.mjpegdec_init     mjpeg.o
    0x08016c74   0x08016c74   0x000003ac   Code   RO         6485    i.mount_volume      ff.o
    0x08017020   0x08017020   0x00000032   Code   RO         6486    i.move_window       ff.o
    0x08017052   0x08017052   0x00000002   PAD
    0x08017054   0x08017054   0x0000002c   Code   RO         7148    i.my_emit_message   mjpeg.o
    0x08017080   0x08017080   0x00000010   Code   RO         7149    i.my_error_exit     mjpeg.o
    0x08017090   0x08017090   0x0000002c   Code   RO         6061    i.my_mem_init       malloc.o
    0x080170bc   0x080170bc   0x0000008c   Code   RO         6062    i.my_mem_malloc     malloc.o
    0x08017148   0x08017148   0x0000003c   Code   RO         6063    i.my_mem_perused    malloc.o
    0x08017184   0x08017184   0x0000000c   Code   RO         6064    i.my_mem_set        malloc.o
    0x08017190   0x08017190   0x0000005c   Code   RO         6065    i.myfree            malloc.o
    0x080171ec   0x080171ec   0x00000020   Code   RO         6066    i.mymalloc          malloc.o
    0x0801720c   0x0801720c   0x0000000c   Code   RO         8756    i.new_color_map_1_quant  jquant1.o
    0x08017218   0x08017218   0x0000000a   Code   RO         8468    i.new_color_map_2_quant  jquant2.o
    0x08017222   0x08017222   0x000000a8   Code   RO         7783    i.next_marker       jdmarker.o
    0x080172ca   0x080172ca   0x00000002   PAD
    0x080172cc   0x080172cc   0x00000040   Code   RO         5352    i.norflash_erase_sector  norflash.o
    0x0801730c   0x0801730c   0x00000098   Code   RO         5353    i.norflash_init     norflash.o
    0x080173a4   0x080173a4   0x00000050   Code   RO         5354    i.norflash_read     norflash.o
    0x080173f4   0x080173f4   0x00000054   Code   RO         5355    i.norflash_read_id  norflash.o
    0x08017448   0x08017448   0x00000048   Code   RO         5356    i.norflash_read_sr  norflash.o
    0x08017490   0x08017490   0x00000034   Code   RO         5357    i.norflash_send_address  norflash.o
    0x080174c4   0x080174c4   0x0000000e   Code   RO         5358    i.norflash_wait_busy  norflash.o
    0x080174d2   0x080174d2   0x00000002   PAD
    0x080174d4   0x080174d4   0x0000009c   Code   RO         5359    i.norflash_write    norflash.o
    0x08017570   0x08017570   0x0000002c   Code   RO         5360    i.norflash_write_enable  norflash.o
    0x0801759c   0x0801759c   0x0000007c   Code   RO         5361    i.norflash_write_nocheck  norflash.o
    0x08017618   0x08017618   0x0000004c   Code   RO         5362    i.norflash_write_sr  norflash.o
    0x08017664   0x08017664   0x00000060   Code   RO         8384    i.null_convert      jdcolor.o
    0x080176c4   0x080176c4   0x00000010   Code   RO         7429    i.out_of_memory     jmemmgr.o
    0x080176d4   0x080176d4   0x0000001c   Code   RO         7367    i.output_message    jerror.o
    0x080176f0   0x080176f0   0x0000008e   Code   RO         7577    i.output_pass_setup  jdapistd.o
    0x0801777e   0x0801777e   0x000001da   Code   RO         8469    i.pass2_fs_dither   jquant2.o
    0x08017958   0x08017958   0x0000006e   Code   RO         8470    i.pass2_no_dither   jquant2.o
    0x080179c6   0x080179c6   0x0000010a   Code   RO         7724    i.per_scan_setup    jdinput.o
    0x08017ad0   0x08017ad0   0x00000074   Code   RO         6487    i.pick_lfn          ff.o
    0x08017b44   0x08017b44   0x00000058   Code   RO         8061    i.post_process_1pass  jdpostct.o
    0x08017b9c   0x08017b9c   0x00000082   Code   RO         8062    i.post_process_2pass  jdpostct.o
    0x08017c1e   0x08017c1e   0x00000088   Code   RO         8063    i.post_process_prepass  jdpostct.o
    0x08017ca6   0x08017ca6   0x00000116   Code   RO         7680    i.prepare_for_output_pass  jdmaster.o
    0x08017dbc   0x08017dbc   0x00000054   Code   RO         8471    i.prescan_quantize  jquant2.o
    0x08017e10   0x08017e10   0x000001d8   Code   RO         7964    i.process_data_context_main  jdmainct.o
    0x08017fe8   0x08017fe8   0x00000016   Code   RO         7965    i.process_data_crank_post  jdmainct.o
    0x08017ffe   0x08017ffe   0x0000004e   Code   RO         7966    i.process_data_simple_main  jdmainct.o
    0x0801804c   0x0801804c   0x0000009c   Code   RO         7622    i.process_restart   jdarith.o
    0x080180e8   0x080180e8   0x00000046   Code   RO         7898    i.process_restart   jdhuff.o
    0x0801812e   0x0801812e   0x000000f6   Code   RO         6488    i.put_fat           ff.o
    0x08018224   0x08018224   0x0000002e   Code   RO         6489    i.put_utf           ff.o
    0x08018252   0x08018252   0x0000009e   Code   RO         8757    i.quantize3_ord_dither  jquant1.o
    0x080182f0   0x080182f0   0x00000124   Code   RO         8758    i.quantize_fs_dither  jquant1.o
    0x08018414   0x08018414   0x0000008e   Code   RO         8759    i.quantize_ord_dither  jquant1.o
    0x080184a2   0x080184a2   0x00000004   Code   RO         5834    i.read_addr         usmart.o
    0x080184a6   0x080184a6   0x00000002   PAD
    0x080184a8   0x080184a8   0x0000019c   Code   RO         7784    i.read_markers      jdmarker.o
    0x08018644   0x08018644   0x00000064   Code   RO          473    i.read_next_char    videoplayer.o
    0x080186a8   0x080186a8   0x00000066   Code   RO         7785    i.read_restart_marker  jdmarker.o
    0x0801870e   0x0801870e   0x00000002   PAD
    0x08018710   0x08018710   0x0000011c   Code   RO         7430    i.realize_virt_arrays  jmemmgr.o
    0x0801882c   0x0801882c   0x0000010c   Code   RO         6493    i.remove_chain      ff.o
    0x08018938   0x08018938   0x0000004e   Code   RO         7431    i.request_virt_barray  jmemmgr.o
    0x08018986   0x08018986   0x0000004e   Code   RO         7432    i.request_virt_sarray  jmemmgr.o
    0x080189d4   0x080189d4   0x0000000c   Code   RO         7368    i.reset_error_mgr   jerror.o
    0x080189e0   0x080189e0   0x00000034   Code   RO         7725    i.reset_input_controller  jdinput.o
    0x08018a14   0x08018a14   0x0000001c   Code   RO         7786    i.reset_marker_reader  jdmarker.o
    0x08018a30   0x08018a30   0x0000007a   Code   RO         8385    i.rgb1_gray_convert  jdcolor.o
    0x08018aaa   0x08018aaa   0x0000005c   Code   RO         8386    i.rgb1_rgb_convert  jdcolor.o
    0x08018b06   0x08018b06   0x00000054   Code   RO         8387    i.rgb_convert       jdcolor.o
    0x08018b5a   0x08018b5a   0x0000006e   Code   RO         8388    i.rgb_gray_convert  jdcolor.o
    0x08018bc8   0x08018bc8   0x00000048   Code   RO         5284    i.sd_init           sdio_sdcard.o
    0x08018c10   0x08018c10   0x00000034   Code   RO         5285    i.sd_read_disk      sdio_sdcard.o
    0x08018c44   0x08018c44   0x00000034   Code   RO         5286    i.sd_write_disk     sdio_sdcard.o
    0x08018c78   0x08018c78   0x00000070   Code   RO         8472    i.select_colors     jquant2.o
    0x08018ce8   0x08018ce8   0x00000098   Code   RO         8760    i.select_ncolors    jquant1.o
    0x08018d80   0x08018d80   0x0000002a   Code   RO         7433    i.self_destruct     jmemmgr.o
    0x08018daa   0x08018daa   0x000000ba   Code   RO         8340    i.sep_upsample      jdsample.o
    0x08018e64   0x08018e64   0x0000002a   Code   RO         7150    i.skip_input_data   mjpeg.o
    0x08018e8e   0x08018e8e   0x00000074   Code   RO         7788    i.skip_variable     jdmarker.o
    0x08018f02   0x08018f02   0x00000092   Code   RO         8009    i.smoothing_ok      jdcoefct.o
    0x08018f94   0x08018f94   0x00000068   Code   RO         5446    i.spi1_init         spi.o
    0x08018ffc   0x08018ffc   0x00000020   Code   RO         5447    i.spi1_read_write_byte  spi.o
    0x0801901c   0x0801901c   0x00000034   Code   RO         5448    i.spi1_set_speed    spi.o
    0x08019050   0x08019050   0x00000164   Code   RO         5490    i.sram_init         sram.o
    0x080191b4   0x080191b4   0x00000028   Code   RO         6494    i.st_clust          ff.o
    0x080191dc   0x080191dc   0x00000010   Code   RO         6495    i.st_dword          ff.o
    0x080191ec   0x080191ec   0x0000004a   Code   RO         6496    i.st_qword          ff.o
    0x08019236   0x08019236   0x00000008   Code   RO         6497    i.st_word           ff.o
    0x0801923e   0x0801923e   0x00000030   Code   RO         8010    i.start_iMCU_row    jdcoefct.o
    0x0801926e   0x0801926e   0x0000008c   Code   RO         7726    i.start_input_pass  jdinput.o
    0x080192fa   0x080192fa   0x00000008   Code   RO         8011    i.start_input_pass  jdcoefct.o
    0x08019302   0x08019302   0x00000002   PAD
    0x08019304   0x08019304   0x00000030   Code   RO         8012    i.start_output_pass  jdcoefct.o
    0x08019334   0x08019334   0x0000025c   Code   RO         7623    i.start_pass        jdarith.o
    0x08019590   0x08019590   0x00000398   Code   RO         8093    i.start_pass        jddctmgr.o
    0x08019928   0x08019928   0x000000b8   Code   RO         8761    i.start_pass_1_quant  jquant1.o
    0x080199e0   0x080199e0   0x000000e4   Code   RO         8473    i.start_pass_2_quant  jquant2.o
    0x08019ac4   0x08019ac4   0x00000002   Code   RO         8389    i.start_pass_dcolor  jdcolor.o
    0x08019ac6   0x08019ac6   0x00000002   PAD
    0x08019ac8   0x08019ac8   0x00000084   Code   RO         8064    i.start_pass_dpost  jdpostct.o
    0x08019b4c   0x08019b4c   0x000003f4   Code   RO         7899    i.start_pass_huff_decoder  jdhuff.o
    0x08019f40   0x08019f40   0x00000058   Code   RO         7967    i.start_pass_main   jdmainct.o
    0x08019f98   0x08019f98   0x00000010   Code   RO         8556    i.start_pass_merged_upsample  jdmerge.o
    0x08019fa8   0x08019fa8   0x00000010   Code   RO         8341    i.start_pass_upsample  jdsample.o
    0x08019fb8   0x08019fb8   0x0000006a   Code   RO         6498    i.store_xdir        ff.o
    0x0801a022   0x0801a022   0x0000001a   Code   RO         6499    i.sum_sfn           ff.o
    0x0801a03c   0x0801a03c   0x00000084   Code   RO         6500    i.sync_fs           ff.o
    0x0801a0c0   0x0801a0c0   0x00000046   Code   RO         6501    i.sync_window       ff.o
    0x0801a106   0x0801a106   0x00000002   PAD
    0x0801a108   0x0801a108   0x000000b0   Code   RO          852    i.sys_stm32_clock_init  sys.o
    0x0801a1b8   0x0801a1b8   0x0000004e   Code   RO         6502    i.tchar2uni         ff.o
    0x0801a206   0x0801a206   0x00000002   Code   RO         7151    i.term_source       mjpeg.o
    0x0801a208   0x0801a208   0x0000008c   Code   RO         6941    i.text_get_hz_mat   text.o
    0x0801a294   0x0801a294   0x000000b4   Code   RO         6942    i.text_show_font    text.o
    0x0801a348   0x0801a348   0x000000b6   Code   RO         6943    i.text_show_string  text.o
    0x0801a3fe   0x0801a3fe   0x0000023c   Code   RO         8474    i.update_box        jquant2.o
    0x0801a63a   0x0801a63a   0x00000002   PAD
    0x0801a63c   0x0801a63c   0x00000038   Code   RO          926    i.usart_init        usart.o
    0x0801a674   0x0801a674   0x00000096   Code   RO         7681    i.use_merged_upsample  jdmaster.o
    0x0801a70a   0x0801a70a   0x00000002   PAD
    0x0801a70c   0x0801a70c   0x00000094   Code   RO         5835    i.usmart_cmd_rec    usmart.o
    0x0801a7a0   0x0801a7a0   0x00000260   Code   RO         5836    i.usmart_exe        usmart.o
    0x0801aa00   0x0801aa00   0x000000a4   Code   RO         5981    i.usmart_get_aparm  usmart_str.o
    0x0801aaa4   0x0801aaa4   0x0000002e   Code   RO         5982    i.usmart_get_cmdname  usmart_str.o
    0x0801aad2   0x0801aad2   0x00000002   PAD
    0x0801aad4   0x0801aad4   0x00000168   Code   RO         5983    i.usmart_get_fname  usmart_str.o
    0x0801ac3c   0x0801ac3c   0x000000d0   Code   RO         5984    i.usmart_get_fparam  usmart_str.o
    0x0801ad0c   0x0801ad0c   0x00000020   Code   RO         5931    i.usmart_get_input_string  usmart_port.o
    0x0801ad2c   0x0801ad2c   0x00000024   Code   RO         5985    i.usmart_get_parmpos  usmart_str.o
    0x0801ad50   0x0801ad50   0x00000028   Code   RO         5837    i.usmart_init       usmart.o
    0x0801ad78   0x0801ad78   0x00000010   Code   RO         5986    i.usmart_pow        usmart_str.o
    0x0801ad88   0x0801ad88   0x00000090   Code   RO         5838    i.usmart_scan       usmart.o
    0x0801ae18   0x0801ae18   0x00000010   Code   RO         5987    i.usmart_search_nextc  usmart_str.o
    0x0801ae28   0x0801ae28   0x000000d6   Code   RO         5988    i.usmart_str2num    usmart_str.o
    0x0801aefe   0x0801aefe   0x00000018   Code   RO         5989    i.usmart_strcmp     usmart_str.o
    0x0801af16   0x0801af16   0x00000012   Code   RO         5990    i.usmart_strcopy    usmart_str.o
    0x0801af28   0x0801af28   0x00000012   Code   RO         5991    i.usmart_strlen     usmart_str.o
    0x0801af3a   0x0801af3a   0x00000002   PAD
    0x0801af3c   0x0801af3c   0x00000680   Code   RO         5839    i.usmart_sys_cmd_exe  usmart.o
    0x0801b5bc   0x0801b5bc   0x00000030   Code   RO         5932    i.usmart_timx_get_time  usmart_port.o
    0x0801b5ec   0x0801b5ec   0x00000050   Code   RO         5933    i.usmart_timx_init  usmart_port.o
    0x0801b63c   0x0801b63c   0x00000028   Code   RO         5934    i.usmart_timx_reset_time  usmart_port.o
    0x0801b664   0x0801b664   0x00000034   Code   RO         6503    i.validate          ff.o
    0x0801b698   0x0801b698   0x00000054   Code   RO          475    i.video_get_tnum    videoplayer.o
    0x0801b6ec   0x0801b6ec   0x00000208   Code   RO          477    i.video_play        videoplayer.o
    0x0801b8f4   0x0801b8f4   0x00000388   Code   RO          478    i.video_play_mjpeg  videoplayer.o
    0x0801bc7c   0x0801bc7c   0x00000110   Code   RO          479    i.video_seek        videoplayer.o
    0x0801bd8c   0x0801bd8c   0x00000004   Code   RO         5840    i.write_addr        usmart.o
    0x0801bd90   0x0801bd90   0x00000034   Code   RO         6504    i.xdir_sum          ff.o
    0x0801bdc4   0x0801bdc4   0x0000003e   Code   RO         6505    i.xname_sum         ff.o
    0x0801be02   0x0801be02   0x000000a0   Code   RO         8390    i.ycc_rgb_convert   jdcolor.o
    0x0801bea2   0x0801bea2   0x000000b6   Code   RO         8391    i.ycck_cmyk_convert  jdcolor.o
    0x0801bf58   0x0801bf58   0x0000002c   Code   RO         9051    locale$$code        c_w.l(lc_ctype_c.o)
    0x0801bf84   0x0801bf84   0x00000062   Code   RO         8959    x$fpl$d2f           fz_wm.l(d2f.o)
    0x0801bfe6   0x0801bfe6   0x00000002   PAD
    0x0801bfe8   0x0801bfe8   0x0000005a   Code   RO         8961    x$fpl$dfixu         fz_wm.l(dfixu.o)
    0x0801c042   0x0801c042   0x00000026   Code   RO         8965    x$fpl$dfltu         fz_wm.l(dflt_clz.o)
    0x0801c068   0x0801c068   0x00000154   Code   RO         8971    x$fpl$dmul          fz_wm.l(dmul.o)
    0x0801c1bc   0x0801c1bc   0x0000009c   Code   RO         9007    x$fpl$dnaninf       fz_wm.l(dnaninf.o)
    0x0801c258   0x0801c258   0x0000000c   Code   RO         9009    x$fpl$dretinf       fz_wm.l(dretinf.o)
    0x0801c264   0x0801c264   0x0000000a   Code   RO         9134    x$fpl$fpinit        fz_wm.l(fpinit.o)
    0x0801c26e   0x0801c26e   0x0000000a   Code   RO         9011    x$fpl$fretinf       fz_wm.l(fretinf.o)
    0x0801c278   0x0801c278   0x00000000   Code   RO         9013    x$fpl$usenofp       fz_wm.l(usenofp.o)
    0x0801c278   0x0801c278   0x00000010   Data   RO          433    .constdata          system_stm32f4xx.o
    0x0801c288   0x0801c288   0x00000008   Data   RO          434    .constdata          system_stm32f4xx.o
    0x0801c290   0x0801c290   0x00000008   Data   RO         3602    .constdata          stm32f4xx_hal_dma.o
    0x0801c298   0x0801c298   0x00002f80   Data   RO         5035    .constdata          lcd.o
    0x0801f218   0x0801f218   0x0000006e   Data   RO         5711    .constdata          i2s.o
    0x0801f286   0x0801f286   0x00000002   PAD
    0x0801f288   0x0801f288   0x00000024   Data   RO         6074    .constdata          malloc.o
    0x0801f2ac   0x0801f2ac   0x000000c4   Data   RO         6145    .constdata          exfuns.o
    0x0801f370   0x0801f370   0x0000004c   Data   RO         6507    .constdata          ff.o
    0x0801f3bc   0x0801f3bc   0x000002ae   Data   RO         6907    .constdata          myffunicode.o
    0x0801f66a   0x0801f66a   0x00000002   PAD
    0x0801f66c   0x0801f66c   0x00000010   Data   RO         7100    .constdata          avi.o
    0x0801f67c   0x0801f67c   0x000001c8   Data   RO         7245    .constdata          jaricom.o
    0x0801f844   0x0801f844   0x000001a0   Data   RO         7278    .constdata          jcomapi.o
    0x0801f9e4   0x0801f9e4   0x00000140   Data   RO         7321    .constdata          jutils.o
    0x0801fb24   0x0801fb24   0x00000104   Data   RO         7322    .constdata          jutils.o
    0x0801fc28   0x0801fc28   0x000000d0   Data   RO         7323    .constdata          jutils.o
    0x0801fcf8   0x0801fcf8   0x000000a4   Data   RO         7324    .constdata          jutils.o
    0x0801fd9c   0x0801fd9c   0x00000080   Data   RO         7325    .constdata          jutils.o
    0x0801fe1c   0x0801fe1c   0x00000064   Data   RO         7326    .constdata          jutils.o
    0x0801fe80   0x0801fe80   0x00000050   Data   RO         7327    .constdata          jutils.o
    0x0801fed0   0x0801fed0   0x00000200   Data   RO         7369    .constdata          jerror.o
    0x080200d0   0x080200d0   0x00000010   Data   RO         7434    .constdata          jmemmgr.o
    0x080200e0   0x080200e0   0x0000036c   Data   RO         7900    .constdata          jdhuff.o
    0x0802044c   0x0802044c   0x00000004   PAD
    0x08020450   0x08020450   0x000000c0   Data   RO         8094    .constdata          jddctmgr.o
    0x08020510   0x08020510   0x0000010c   Data   RO         8762    .constdata          jquant1.o
    0x0802061c   0x0802061c   0x00000008   Data   RO         8862    .constdata          c_w.l(_printf_wctomb.o)
    0x08020624   0x08020624   0x00000028   Data   RO         8885    .constdata          c_w.l(_printf_hex_int_ptr.o)
    0x0802064c   0x0802064c   0x00000011   Data   RO         8911    .constdata          c_w.l(__printf_flags_ss_wp.o)
    0x0802065d   0x0802065d   0x00000003   PAD
    0x08020660   0x08020660   0x00000028   Data   RO         5841    .conststring        usmart.o
    0x08020688   0x08020688   0x0000029c   Data   RO         5901    .conststring        usmart_config.o
    0x08020924   0x08020924   0x00000054   Data   RO         6146    .conststring        exfuns.o
    0x08020978   0x08020978   0x0000001d   Data   RO         7101    .conststring        avi.o
    0x08020995   0x08020995   0x00000003   PAD
    0x08020998   0x08020998   0x00001311   Data   RO         7370    .conststring        jerror.o
    0x08021ca9   0x08021ca9   0x00000003   PAD
    0x08021cac   0x08021cac   0x00000020   Data   RO         9185    Region$$Table       anon$$obj.o
    0x08021ccc   0x08021ccc   0x00000110   Data   RO         9050    locale$$data        c_w.l(lc_ctype_c.o)


    Execution Region RW_IRAM1 (Exec base: 0x20000000, Load base: 0x08021ddc, Size: 0x0001cf30, Max: 0x00020000, ABSOLUTE, COMPRESSED[0x000000cc])

    Exec Addr    Load Addr    Size         Type   Attr      Idx    E Section Name        Object

    0x20000000   COMPRESSED   0x00000004   Data   RW          435    .data               system_stm32f4xx.o
    0x20000004   COMPRESSED   0x0000000c   Data   RW          483    .data               videoplayer.o
    0x20000010   COMPRESSED   0x00000004   Data   RW          806    .data               delay.o
    0x20000014   COMPRESSED   0x00000004   Data   RW          928    .data               usart.o
    0x20000018   COMPRESSED   0x00000004   Data   RW          929    .data               usart.o
    0x2000001c   COMPRESSED   0x0000000c   Data   RW         1024    .data               stm32f4xx_hal.o
    0x20000028   COMPRESSED   0x00000004   Data   RW         5037    .data               lcd.o
    0x2000002c   COMPRESSED   0x00000001   Data   RW         5252    .data               key.o
    0x2000002d   COMPRESSED   0x00000001   PAD
    0x2000002e   COMPRESSED   0x00000002   Data   RW         5364    .data               norflash.o
    0x20000030   COMPRESSED   0x00000004   Data   RW         5712    .data               i2s.o
    0x20000034   COMPRESSED   0x00000004   Data   RW         5783    .data               btim.o
    0x20000038   COMPRESSED   0x0000001c   Data   RW         5842    .data               usmart.o
    0x20000054   COMPRESSED   0x00000080   Data   RW         5902    .data               usmart_config.o
    0x200000d4   COMPRESSED   0x000000f4   Data   RW         5903    .data               usmart_config.o
    0x200001c8   COMPRESSED   0x00000024   Data   RW         6075    .data               malloc.o
    0x200001ec   COMPRESSED   0x00000008   Data   RW         6147    .data               exfuns.o
    0x200001f4   COMPRESSED   0x0000000c   Data   RW         6509    .data               ff.o
    0x20000200   COMPRESSED   0x00000020   Data   RW         7152    .data               mjpeg.o
    0x20000220        -       0x000005a0   Zero   RW          481    .bss                videoplayer.o
    0x200007c0        -       0x0000010c   Zero   RW          927    .bss                usart.o
    0x200008cc        -       0x0000005e   Zero   RW         5034    .bss                lcd.o
    0x2000092a   COMPRESSED   0x00000002   PAD
    0x2000092c        -       0x000000a4   Zero   RW         5287    .bss                sdio_sdcard.o
    0x200009d0        -       0x00001000   Zero   RW         5363    .bss                norflash.o
    0x200019d0        -       0x00000058   Zero   RW         5449    .bss                spi.o
    0x20001a28        -       0x00000050   Zero   RW         5495    .bss                sram.o
    0x20001a78        -       0x000000a8   Zero   RW         5710    .bss                i2s.o
    0x20001b20        -       0x00000090   Zero   RW         5782    .bss                btim.o
    0x20001bb0        -       0x00000048   Zero   RW         5935    .bss                usmart_port.o
    0x20001bf8   COMPRESSED   0x00000008   PAD
    0x20001c00        -       0x00019000   Zero   RW         6072    .bss                malloc.o
    0x2001ac00        -       0x00001900   Zero   RW         6073    .bss                malloc.o
    0x2001c500        -       0x00000180   Zero   RW         6236    .bss                fattester.o
    0x2001c680        -       0x00000021   Zero   RW         6989    .bss                fonts.o
    0x2001c6a1        -       0x00000028   Zero   RW         7099    .bss                avi.o
    0x2001c6c9   COMPRESSED   0x00000003   PAD
    0x2001c6cc        -       0x00000060   Zero   RW         9066    .bss                c_w.l(libspace.o)
    0x2001c72c   COMPRESSED   0x00000004   PAD
    0x2001c730        -       0x00000000   Zero   RW            2    HEAP                startup_stm32f407xx.o
    0x2001c730        -       0x00000800   Zero   RW            1    STACK               startup_stm32f407xx.o



  Load Region LR$$.ARM.__AT_0x10000000 (Base: 0x10000000, Size: 0x00000000, Max: 0x0000f000, ABSOLUTE)

    Execution Region ER$$.ARM.__AT_0x10000000 (Exec base: 0x10000000, Load base: 0x10000000, Size: 0x0000f000, Max: 0x0000f000, ABSOLUTE, UNINIT)

    Exec Addr    Load Addr    Size         Type   Attr      Idx    E Section Name        Object

    0x10000000        -       0x0000f000   Zero   RW         6068    .ARM.__AT_0x10000000  malloc.o



  Load Region LR$$.ARM.__AT_0x1000F000 (Base: 0x1000f000, Size: 0x00000000, Max: 0x00000f00, ABSOLUTE)

    Execution Region ER$$.ARM.__AT_0x1000F000 (Exec base: 0x1000f000, Load base: 0x1000f000, Size: 0x00000f00, Max: 0x00000f00, ABSOLUTE, UNINIT)

    Exec Addr    Load Addr    Size         Type   Attr      Idx    E Section Name        Object

    0x1000f000        -       0x00000f00   Zero   RW         6069    .ARM.__AT_0x1000F000  malloc.o



  Load Region LR$$.ARM.__AT_0x68000000 (Base: 0x68000000, Size: 0x00000000, Max: 0x000f0c00, ABSOLUTE)

    Execution Region ER$$.ARM.__AT_0x68000000 (Exec base: 0x68000000, Load base: 0x68000000, Size: 0x000f0c00, Max: 0x000f0c00, ABSOLUTE, UNINIT)

    Exec Addr    Load Addr    Size         Type   Attr      Idx    E Section Name        Object

    0x68000000        -       0x000f0c00   Zero   RW         6070    .ARM.__AT_0x68000000  malloc.o



  Load Region LR$$.ARM.__AT_0x680F0C00 (Base: 0x680f0c00, Size: 0x00000000, Max: 0x0000f0c0, ABSOLUTE)

    Execution Region ER$$.ARM.__AT_0x680F0C00 (Exec base: 0x680f0c00, Load base: 0x680f0c00, Size: 0x0000f0c0, Max: 0x0000f0c0, ABSOLUTE, UNINIT)

    Exec Addr    Load Addr    Size         Type   Attr      Idx    E Section Name        Object

    0x680f0c00        -       0x0000f0c0   Zero   RW         6071    .ARM.__AT_0x680F0C00  malloc.o


==============================================================================

Image component sizes


      Code (inc. data)   RO Data    RW Data    ZI Data      Debug   Object Name

       666         66         45          0         40       6793   avi.o
       228         48          0          4        144       3626   btim.o
        80         10          0          4          0       2807   delay.o
       288          6          0          0          0       5146   diskio.o
       548          0          0          0          0       7200   es8388.o
       206          8        280          8          0       3160   exfuns.o
       188         36          0          0        384       3152   fattester.o
     10106        100         76         12          0      81437   ff.o
        20          0          0          0          0       1597   ffsystem.o
        60          6          0          0         33       2170   fonts.o
       772         88        110          4        168       5431   i2s.o
         0          0        456          0          0       2766   jaricom.o
       314          4        416          0          0      18028   jcomapi.o
       904         20          0          0          0       5807   jdapimin.o
       388          0          0          0          0       2442   jdapistd.o
      2648         36          0          0          0      12814   jdarith.o
      2378         32          0          0          0      16730   jdcoefct.o
      2022         86          0          0          0      15138   jdcolor.o
      1012        154        192          0          0       4360   jddctmgr.o
      5050         86        876          0          0      23669   jdhuff.o
      2060         54          0          0          0       7075   jdinput.o
      1124         18          0          0          0       7602   jdmainct.o
      5472        120          0          0          0      21927   jdmarker.o
      1362         10          0          0          0       5688   jdmaster.o
      1302         46          0          0          0       7573   jdmerge.o
       598         20          0          0          0       4518   jdpostct.o
       720         24          0          0          0       6930   jdsample.o
       320         30       5393          0          0      15358   jerror.o
       836         20          0          0          0       2306   jidctflt.o
       712          0          0          0          0       2786   jidctfst.o
     21440        396          0          0          0      50616   jidctint.o
      2304         92         16          0          0      31176   jmemmgr.o
        48          0          0          0          0      21566   jmemnobs.o
      1880         42        268          0          0      15772   jquant1.o
      3066         28          0          0          0      20444   jquant2.o
        72          0       1260          0          0      16957   jutils.o
       360         28          0          1          0       1790   key.o
     13188        132      12160          4         94      26654   lcd.o
       108          8          0          0          0        951   led.o
       232         28          0          0          0     748539   main.o
       380         40         36         36    1221824       6387   malloc.o
       630        106          0         32          0      19950   mjpeg.o
       360         28        686          0          0       3488   myffunicode.o
       688         42          0          0          0       5738   myiic.o
       918         60          0          2       4096       8520   norflash.o
       428         42          0          0        164       4423   sdio_sdcard.o
       320         36          0          0         88       3031   spi.o
       356         30          0          0         80       1736   sram.o
        76         28        392          0       2048        992   startup_stm32f407xx.o
       150         28          0         12          0       9910   stm32f4xx_hal.o
       198         14          0          0          0      33999   stm32f4xx_hal_cortex.o
       612         12          8          0          0       5287   stm32f4xx_hal_dma.o
       130          0          0          0          0       2189   stm32f4xx_hal_dma_ex.o
       496         44          0          0          0       3656   stm32f4xx_hal_gpio.o
       620         16          0          0          0       4445   stm32f4xx_hal_i2s.o
       694         24          0          0          0       3823   stm32f4xx_hal_i2s_ex.o
      1324         72          0          0          0       5448   stm32f4xx_hal_rcc.o
       408         38          0          0          0       2385   stm32f4xx_hal_rcc_ex.o
      2472         32          0          0          0      12984   stm32f4xx_hal_sd.o
      1100         12          0          0          0       5185   stm32f4xx_hal_spi.o
        86          0          0          0          0       1244   stm32f4xx_hal_sram.o
       784         72          0          0          0       7085   stm32f4xx_hal_tim.o
         4          0          0          0          0       1685   stm32f4xx_hal_tim_ex.o
      1234         16          0          0          0       9092   stm32f4xx_hal_uart.o
        20          0          0          0          0       4210   stm32f4xx_it.o
       216         12          0          0          0       2751   stm32f4xx_ll_fsmc.o
      1638         48          0          0          0      23287   stm32f4xx_ll_sdmmc.o
       176         14          0          0          0       1311   sys.o
        16          4         24          4          0       1375   system_stm32f4xx.o
       502          8          0          0          0       3848   text.o
       338         52          0          8        268       5673   usart.o
      2612       1308         40         28          0       6210   usmart.o
         0          0        668        372          0       1584   usmart_config.o
       252         46          0          0         72       3562   usmart_port.o
      1120         20          0          0          0      10039   usmart_str.o
      2608        328          0         12       1440      11479   videoplayer.o

    ----------------------------------------------------------------------
    109150       4514      23448        544    1230956    1478512   Object Totals
         0          0         32          0          0          0   (incl. Generated)
       102          0         14          1         13          0   (incl. Padding)

    ----------------------------------------------------------------------

      Code (inc. data)   RO Data    RW Data    ZI Data      Debug   Library Member Name

        60          8          0          0          0         84   __0sscanf.o
        90          0          0          0          0          0   __dczerorl2.o
         8          0          0          0          0         68   __main.o
       392          4         17          0          0         92   __printf_flags_ss_wp.o
        14          0          0          0          0         68   __printf_wp.o
         0          0          0          0          0          0   __rtentry.o
        12          0          0          0          0          0   __rtentry2.o
         6          0          0          0          0          0   __rtentry4.o
        52          8          0          0          0          0   __scatter.o
        28          0          0          0          0          0   __scatter_zi.o
        28          0          0          0          0         68   _chval.o
         6          0          0          0          0          0   _printf_c.o
        44          0          0          0          0        108   _printf_char.o
        48          6          0          0          0         96   _printf_char_common.o
        36          4          0          0          0         80   _printf_char_file.o
        40          0          0          0          0         68   _printf_charcount.o
         6          0          0          0          0          0   _printf_d.o
       120         16          0          0          0         92   _printf_dec.o
       124          4         40          0          0        144   _printf_hex_int_ptr.o
         6          0          0          0          0          0   _printf_i.o
       178          0          0          0          0         88   _printf_intcommon.o
        10          0          0          0          0          0   _printf_l.o
         6          0          0          0          0          0   _printf_lc.o
         6          0          0          0          0          0   _printf_n.o
         6          0          0          0          0          0   _printf_o.o
        80          8          0          0          0         88   _printf_oct_int.o
         6          0          0          0          0          0   _printf_p.o
        78          0          0          0          0        108   _printf_pad.o
         0          0          0          0          0          0   _printf_percent.o
         4          0          0          0          0          0   _printf_percent_end.o
         6          0          0          0          0          0   _printf_s.o
        82          0          0          0          0         80   _printf_str.o
        36          0          0          0          0         84   _printf_truncate.o
         6          0          0          0          0          0   _printf_u.o
        44          0          0          0          0        108   _printf_wchar.o
       188          6          8          0          0         92   _printf_wctomb.o
         6          0          0          0          0          0   _printf_x.o
       884          4          0          0          0        100   _scanf.o
       332          0          0          0          0         96   _scanf_int.o
       224          0          0          0          0         96   _scanf_str.o
        64          0          0          0          0         84   _sgetc.o
        10          0          0          0          0         68   _sputc.o
        64          0          0          0          0         92   _wcrtomb.o
        16          0          0          0          0         68   aeabi_memset.o
        18          0          0          0          0         80   exit.o
         8          0          0          0          0         68   ferror.o
         6          0          0          0          0        152   heapauxi.o
        18          0          0          0          0         76   isspace.o
        44         10        272          0          0         76   lc_ctype_c.o
         2          0          0          0          0          0   libinit.o
        24          0          0          0          0          0   libinit2.o
         2          0          0          0          0          0   libshutdown.o
         2          0          0          0          0          0   libshutdown2.o
         8          4          0          0         96         68   libspace.o
       238          0          0          0          0        100   lludivv7m.o
        88          0          0          0          0         76   memcmp.o
        24          4          0          0          0         84   noretval__2printf.o
        40          6          0          0          0         84   noretval__2sprintf.o
        16          4          0          0          0         76   rt_ctype_table.o
         8          4          0          0          0         68   rt_locale_intlibspace.o
        68          0          0          0          0         68   rt_memclr.o
        78          0          0          0          0         80   rt_memclr_w.o
       138          0          0          0          0         68   rt_memcpy_v6.o
       100          0          0          0          0         80   rt_memcpy_w.o
         2          0          0          0          0          0   rtexit.o
        10          0          0          0          0          0   rtexit2.o
        44          8          0          0          0         84   scanf_char.o
        24          0          0          0          0         68   strcat.o
        20          0          0          0          0         68   strchr.o
       128          0          0          0          0         68   strcmpv7m.o
        72          0          0          0          0         80   strcpy.o
        62          0          0          0          0         76   strlen.o
        86          0          0          0          0         76   strncpy.o
        74          0          0          0          0         80   sys_stackheap_outer.o
         2          0          0          0          0         68   use_no_semi.o
         2          0          0          0          0         68   use_no_semi_2.o
        98          4          0          0          0        140   d2f.o
        90          4          0          0          0        140   dfixu.o
        38          0          0          0          0        116   dflt_clz.o
       340         12          0          0          0        152   dmul.o
       156          4          0          0          0        140   dnaninf.o
        12          0          0          0          0        116   dretinf.o
        10          0          0          0          0        116   fpinit.o
        10          0          0          0          0        116   fretinf.o
        98          0          0          0          0        144   setjmp.o
         0          0          0          0          0          0   usenofp.o

    ----------------------------------------------------------------------
      5778        132        340          0        100       5440   Library Totals
        14          0          3          0          4          0   (incl. Padding)

    ----------------------------------------------------------------------

      Code (inc. data)   RO Data    RW Data    ZI Data      Debug   Library Name

      4912        108        337          0         96       4260   c_w.l
       852         24          0          0          0       1180   fz_wm.l

    ----------------------------------------------------------------------
      5778        132        340          0        100       5440   Library Totals

    ----------------------------------------------------------------------

==============================================================================


      Code (inc. data)   RO Data    RW Data    ZI Data      Debug   

    114928       4646      23788        544    1231056    1425108   Grand Totals
    114928       4646      23788        204    1231056    1425108   ELF Image Totals (compressed)
    114928       4646      23788        204          0          0   ROM Totals

==============================================================================

    Total RO  Size (Code + RO Data)               138716 ( 135.46kB)
    Total RW  Size (RW Data + ZI Data)           1231600 (1202.73kB)
    Total ROM Size (Code + RO Data + RW Data)     138920 ( 135.66kB)

==============================================================================

