<html>
<body>
<pre>
<h1>�Vision Build Log</h1>
<h2>Tool Versions:</h2>
IDE-Version: µVision V5.40.0.0
Copyright (C) 2024 ARM Ltd and ARM Germany GmbH. All rights reserved.
License Information: RG thx, RG, LIC=585FJ-URUZ8-56FQ2-9VCJ3-VIYF5-2R5T4
 
Tool Versions:
Toolchain:       MDK-ARM Plus  Version: 5.40.0.3
Toolchain Path:  D:\armkeil\cores\ARM\ARMCC\Bin
C Compiler:      Armcc.exe V5.06 update 7 (build 960)
Assembler:       Armasm.exe V5.06 update 7 (build 960)
Linker/Locator:  ArmLink.exe V5.06 update 7 (build 960)
Library Manager: ArmAr.exe V5.06 update 7 (build 960)
Hex Converter:   FromElf.exe V5.06 update 7 (build 960)
CPU DLL:         SARMCM3.DLL V5.40.0.3
Dialog DLL:      DCM.DLL V1.17.5.0
Target DLL:      STLink\ST-LINKIII-KEIL_SWO.dll V3.3.0.0
Dialog DLL:      TCM.DLL V1.56.4.0
 
<h2>Project:</h2>
D:\Mycodes\stm32\xilian_stm32f407\Projects\MDK-ARM\atk_f407.uvprojx
Project File Date:  11/11/2025

<h2>Output:</h2>
*** Using Compiler 'V5.06 update 7 (build 960)', folder: 'D:\armkeil\cores\ARM\ARMCC\Bin'
Rebuild target 'VIDEO'
assembling startup_stm32f407xx.s...
compiling delay.c...
compiling stm32f4xx_it.c...
compiling system_stm32f4xx.c...
compiling stm32f4xx_hal.c...
compiling main.c...
compiling usart.c...
compiling stm32f4xx_hal_cortex.c...
compiling sys.c...
compiling audioplay.c...
compiling stm32f4xx_hal_gpio.c...
compiling stm32f4xx_hal_rcc_ex.c...
compiling stm32f4xx_hal_rcc.c...
compiling videoplayer.c...
..\..\User\APP\videoplayer.c(153): warning:  #9-D: nested comment is not allowed
      static uint32_t oldsec; /* ��һ��������ʱ�� 
..\..\User\APP\videoplayer.c(157): warning:  #9-D: nested comment is not allowed
      uint32_t totsec = 0;    /* video������ʱ�� 
..\..\User\APP\videoplayer.c(158): warning:  #9-D: nested comment is not allowed
      uint32_t cursec;        /* ��ǰ����ʱ�� 
..\..\User\APP\videoplayer.c(160): warning:  #9-D: nested comment is not allowed
      totsec = (aviinfo->SecPerFrame / 1000) * aviinfo->TotalFrame;   /* ����������(��λ:ms) 
..\..\User\APP\videoplayer.c(161): warning:  #9-D: nested comment is not allowed
      totsec /= 1000;         /* ������. 
..\..\User\APP\videoplayer.c(162): warning:  #9-D: nested comment is not allowed
      cursec = ((double)favi->fptr / favi->obj.objsize) * totsec;     /* ��ȡ��ǰ������������ 
..\..\User\APP\videoplayer.c(164): warning:  #9-D: nested comment is not allowed
      if (oldsec != cursec)   /* ��Ҫ������ʾʱ�� 
..\..\User\APP\videoplayer.c(166): warning:  #9-D: nested comment is not allowed
          buf = mymalloc(SRAMIN, 100); /* ����100�������� 
..\..\User\APP\videoplayer.c(170): warning:  #9-D: nested comment is not allowed
          text_show_string(10, 90, lcddev.width - 10, 16, (char *)buf, 16, 0, RED);   /* ��ʾ�������� 
..\..\User\APP\videoplayer.c(213): warning:  #9-D: nested comment is not allowed
      buf = mymalloc(SRAMIN, 100);    /* ����100�������� 
..\..\User\APP\videoplayer.c(216): warning:  #9-D: nested comment is not allowed
      text_show_string(10, 10, lcddev.width - 10, 16, (char *)buf, 16, 0, RED);   /* ��ʾ������ 
..\..\User\APP\videoplayer.c(219): warning:  #9-D: nested comment is not allowed
      text_show_string(10, 30, lcddev.width - 10, 16, (char *)buf, 16, 0, RED);   /* ��ʾ���� 
..\..\User\APP\videoplayer.c(808): warning:  #1-D: last line of file ends without a newline
  }
..\..\User\APP\videoplayer.c(760): warning:  #550-D: variable "last_display_start"  was set but never used
      static uint16_t last_display_start = 0xFFFF;
..\..\User\APP\videoplayer.c(761): warning:  #550-D: variable "last_displayed_lines"  was set but never used
      static uint16_t last_displayed_lines = 0;
..\..\User\APP\videoplayer.c: 15 warnings, 0 errors
compiling stm32f4xx_hal_pwr.c...
compiling stm32f4xx_hal_usart.c...
compiling stm32f4xx_hal_pwr_ex.c...
compiling stm32f4xx_ll_spi.c...
compiling stm32f4xx_hal_uart.c...
compiling stm32f4xx_hal_flash.c...
compiling stm32f4xx_hal_sram.c...
compiling stm32f4xx_hal_dma_ex.c...
compiling stm32f4xx_ll_fsmc.c...
compiling stm32f4xx_hal_dma.c...
compiling stm32f4xx_hal_flash_ex.c...
compiling stm32f4xx_hal_tim_ex.c...
compiling stm32f4xx_hal_tim.c...
compiling stm32f4xx_ll_sdmmc.c...
compiling stm32f4xx_hal_sd.c...
compiling stm32f4xx_hal_spi.c...
compiling led.c...
compiling stm32f4xx_hal_i2s.c...
compiling key.c...
compiling spi.c...
compiling stm32f4xx_hal_i2s_ex.c...
compiling sdio_sdcard.c...
compiling norflash.c...
compiling sram.c...
compiling es8388.c...
compiling lcd.c...
compiling myiic.c...
compiling btim.c...
compiling i2s.c...
compiling usmart.c...
compiling usmart_config.c...
compiling usmart_port.c...
compiling malloc.c...
compiling exfuns.c...
compiling fattester.c...
compiling diskio.c...
compiling usmart_str.c...
compiling jaricom.c...
compiling ffsystem.c...
compiling myffunicode.c...
compiling jcomapi.c...
compiling jutils.c...
compiling text.c...
compiling jerror.c...
compiling fonts.c...
compiling wavplay.c...
compiling jmemmgr.c...
compiling avi.c...
compiling mjpeg.c...
..\..\Middlewares\MJPEG\mjpeg.c(409): warning:  #1-D: last line of file ends without a newline
  }
..\..\Middlewares\MJPEG\mjpeg.c: 1 warning, 0 errors
compiling jdapistd.c...
compiling jdapimin.c...
compiling jdmaster.c...
compiling jdinput.c...
compiling ff.c...
compiling jdarith.c...
compiling jdmainct.c...
compiling jdpostct.c...
compiling jdhuff.c...
compiling jddctmgr.c...
compiling jdcoefct.c...
compiling jdmarker.c...
compiling jidctflt.c...
compiling jidctfst.c...
compiling jdsample.c...
compiling wrppm.c...
compiling jdcolor.c...
compiling jquant2.c...
compiling jquant1.c...
compiling jmemnobs.c...
compiling jdmerge.c...
compiling jidctint.c...
linking...
Program Size: Code=114928 RO-data=23788 RW-data=544 ZI-data=1231056  
FromELF: creating hex file...
"..\..\Output\atk_f407.axf" - 0 Error(s), 16 Warning(s).

<h2>Software Packages used:</h2>

Package Vendor: Keil
                https://www.keil.com/pack/Keil.STM32F4xx_DFP.2.17.1.pack
                Keil::STM32F4xx_DFP@2.17.1
                STMicroelectronics STM32F4 Series Device Support, Drivers and Examples

<h2>Collection of Component include folders:</h2>
  D:/armkeil/packs/Keil/STM32F4xx_DFP/2.17.1/Drivers/CMSIS/Device/ST/STM32F4xx/Include

<h2>Collection of Component Files used:</h2>
Build Time Elapsed:  00:00:03
</pre>
</body>
</html>
