Component: ARM Compiler 5.06 update 7 (build 960) Tool: armlink [4d3601]

==============================================================================

Section Cross References

    startup_stm32f407xx.o(STACK) refers (Special) to heapauxi.o(.text) for __use_two_region_memory
    startup_stm32f407xx.o(HEAP) refers (Special) to heapauxi.o(.text) for __use_two_region_memory
    startup_stm32f407xx.o(RESET) refers (Special) to heapauxi.o(.text) for __use_two_region_memory
    startup_stm32f407xx.o(RESET) refers to startup_stm32f407xx.o(STACK) for __initial_sp
    startup_stm32f407xx.o(RESET) refers to startup_stm32f407xx.o(.text) for Reset_Handler
    startup_stm32f407xx.o(RESET) refers to stm32f4xx_it.o(i.NMI_Handler) for NMI_Handler
    startup_stm32f407xx.o(RESET) refers to stm32f4xx_it.o(i.HardFault_Handler) for HardFault_Handler
    startup_stm32f407xx.o(RESET) refers to stm32f4xx_it.o(i.MemManage_Handler) for MemManage_Handler
    startup_stm32f407xx.o(RESET) refers to stm32f4xx_it.o(i.BusFault_Handler) for BusFault_Handler
    startup_stm32f407xx.o(RESET) refers to stm32f4xx_it.o(i.UsageFault_Handler) for UsageFault_Handler
    startup_stm32f407xx.o(RESET) refers to stm32f4xx_it.o(i.SVC_Handler) for SVC_Handler
    startup_stm32f407xx.o(RESET) refers to stm32f4xx_it.o(i.DebugMon_Handler) for DebugMon_Handler
    startup_stm32f407xx.o(RESET) refers to stm32f4xx_it.o(i.PendSV_Handler) for PendSV_Handler
    startup_stm32f407xx.o(RESET) refers to stm32f4xx_it.o(i.SysTick_Handler) for SysTick_Handler
    startup_stm32f407xx.o(RESET) refers to i2s.o(i.DMA1_Stream4_IRQHandler) for DMA1_Stream4_IRQHandler
    startup_stm32f407xx.o(RESET) refers to usmart_port.o(i.TIM4_IRQHandler) for TIM4_IRQHandler
    startup_stm32f407xx.o(RESET) refers to usart.o(i.USART1_IRQHandler) for USART1_IRQHandler
    startup_stm32f407xx.o(RESET) refers to btim.o(i.TIM6_DAC_IRQHandler) for TIM6_DAC_IRQHandler
    startup_stm32f407xx.o(RESET) refers to btim.o(i.TIM7_IRQHandler) for TIM7_IRQHandler
    startup_stm32f407xx.o(.text) refers (Special) to heapauxi.o(.text) for __use_two_region_memory
    startup_stm32f407xx.o(.text) refers to system_stm32f4xx.o(i.SystemInit) for SystemInit
    startup_stm32f407xx.o(.text) refers to __main.o(!!!main) for __main
    startup_stm32f407xx.o(.text) refers to startup_stm32f407xx.o(HEAP) for Heap_Mem
    startup_stm32f407xx.o(.text) refers to startup_stm32f407xx.o(STACK) for Stack_Mem
    main.o(i.main) refers to stm32f4xx_hal.o(i.HAL_Init) for HAL_Init
    main.o(i.main) refers to sys.o(i.sys_stm32_clock_init) for sys_stm32_clock_init
    main.o(i.main) refers to delay.o(i.delay_init) for delay_init
    main.o(i.main) refers to usart.o(i.usart_init) for usart_init
    main.o(i.main) refers to led.o(i.led_init) for led_init
    main.o(i.main) refers to lcd.o(i.lcd_init) for lcd_init
    main.o(i.main) refers to key.o(i.key_init) for key_init
    main.o(i.main) refers to sram.o(i.sram_init) for sram_init
    main.o(i.main) refers to norflash.o(i.norflash_init) for norflash_init
    main.o(i.main) refers to es8388.o(i.es8388_init) for es8388_init
    main.o(i.main) refers to es8388.o(i.es8388_adda_cfg) for es8388_adda_cfg
    main.o(i.main) refers to es8388.o(i.es8388_output_cfg) for es8388_output_cfg
    main.o(i.main) refers to es8388.o(i.es8388_hpvol_set) for es8388_hpvol_set
    main.o(i.main) refers to es8388.o(i.es8388_spkvol_set) for es8388_spkvol_set
    main.o(i.main) refers to malloc.o(i.my_mem_init) for my_mem_init
    main.o(i.main) refers to exfuns.o(i.exfuns_init) for exfuns_init
    main.o(i.main) refers to ff.o(i.f_mount) for f_mount
    main.o(i.main) refers to lcd.o(i.lcd_show_string) for lcd_show_string
    main.o(i.main) refers to delay.o(i.delay_ms) for delay_ms
    main.o(i.main) refers to lcd.o(i.lcd_fill) for lcd_fill
    main.o(i.main) refers to fonts.o(i.fonts_init) for fonts_init
    main.o(i.main) refers to videoplayer.o(i.video_play) for video_play
    main.o(i.main) refers to usmart_config.o(.data) for usmart_dev
    main.o(i.main) refers to exfuns.o(.data) for fs
    stm32f4xx_it.o(i.SysTick_Handler) refers to stm32f4xx_hal.o(i.HAL_IncTick) for HAL_IncTick
    system_stm32f4xx.o(i.SystemCoreClockUpdate) refers to system_stm32f4xx.o(.data) for .data
    system_stm32f4xx.o(i.SystemCoreClockUpdate) refers to system_stm32f4xx.o(.constdata) for .constdata
    videoplayer.o(i.audio_i2s_dma_callback) refers to videoplayer.o(.data) for .data
    videoplayer.o(i.audio_i2s_dma_callback) refers to videoplayer.o(.bss) for .bss
    videoplayer.o(i.display_text_overlay_stream) refers to _printf_percent.o(.ARM.Collect$$_printf_percent$$00000000) for _printf_percent
    videoplayer.o(i.display_text_overlay_stream) refers to _printf_s.o(.ARM.Collect$$_printf_percent$$00000014) for _printf_s
    videoplayer.o(i.display_text_overlay_stream) refers to _printf_str.o(.text) for _printf_str
[...]
    0x0800029e   0x0800029e   0x00000000   Code   RO         9096    .ARM.Collect$$libinit$$0000001F  c_w.l(libinit2.o)
    0x0800029e   0x0800029e   0x00000000   Code   RO         9098    .ARM.Collect$$libinit$$00000021  c_w.l(libinit2.o)
    0x0800029e   0x0800029e   0x00000000   Code   RO         9100    .ARM.Collect$$libinit$$00000023  c_w.l(libinit2.o)
    0x0800029e   0x0800029e   0x00000000   Code   RO         9102    .ARM.Collect$$libinit$$00000025  c_w.l(libinit2.o)
    0x0800029e   0x0800029e   0x00000000   Code   RO         9106    .ARM.Collect$$libinit$$0000002C  c_w.l(libinit2.o)
    0x0800029e   0x0800029e   0x00000000   Code   RO         9108    .ARM.Collect$$libinit$$0000002E  c_w.l(libinit2.o)
    0x0800029e   0x0800029e   0x00000000   Code   RO         9110    .ARM.Collect$$libinit$$00000030  c_w.l(libinit2.o)
    0x0800029e   0x0800029e   0x00000000   Code   RO         9112    .ARM.Collect$$libinit$$00000032  c_w.l(libinit2.o)
    0x0800029e   0x0800029e   0x00000002   Code   RO         9113    .ARM.Collect$$libinit$$00000033  c_w.l(libinit2.o)
    0x080002a0   0x080002a0   0x00000002   Code   RO         9137    .ARM.Collect$$libshutdown$$00000000  c_w.l(libshutdown.o)
    0x080002a2   0x080002a2   0x00000000   Code   RO         9161    .ARM.Collect$$libshutdown$$00000002  c_w.l(libshutdown2.o)
    0x080002a2   0x080002a2   0x00000000   Code   RO         9163    .ARM.Collect$$libshutdown$$00000004  c_w.l(libshutdown2.o)
    0x080002a2   0x080002a2   0x00000000   Code   RO         9165    .ARM.Collect$$libshutdown$$00000006  c_w.l(libshutdown2.o)
    0x080002a2   0x080002a2   0x00000000   Code   RO         9168    .ARM.Collect$$libshutdown$$00000009  c_w.l(libshutdown2.o)
    0x080002a2   0x080002a2   0x00000000   Code   RO         9171    .ARM.Collect$$libshutdown$$0000000C  c_w.l(libshutdown2.o)
    0x080002a2   0x080002a2   0x00000000   Code   RO         9173    .ARM.Collect$$libshutdown$$0000000E  c_w.l(libshutdown2.o)
    0x080002a2   0x080002a2   0x00000000   Code   RO         9176    .ARM.Collect$$libshutdown$$00000011  c_w.l(libshutdown2.o)
    0x080002a2   0x080002a2   0x00000002   Code   RO         9177    .ARM.Collect$$libshutdown$$00000012  c_w.l(libshutdown2.o)
    0x080002a4   0x080002a4   0x00000000   Code   RO         8970    .ARM.Collect$$rtentry$$00000000  c_w.l(__rtentry.o)
    0x080002a4   0x080002a4   0x00000000   Code   RO         9008    .ARM.Collect$$rtentry$$00000002  c_w.l(__rtentry2.o)
    0x080002a4   0x080002a4   0x00000006   Code   RO         9020    .ARM.Collect$$rtentry$$00000004  c_w.l(__rtentry4.o)
    0x080002aa   0x080002aa   0x00000000   Code   RO         9010    .ARM.Collect$$rtentry$$00000009  c_w.l(__rtentry2.o)
    0x080002aa   0x080002aa   0x00000004   Code   RO         9011    .ARM.Collect$$rtentry$$0000000A  c_w.l(__rtentry2.o)
    0x080002ae   0x080002ae   0x00000000   Code   RO         9013    .ARM.Collect$$rtentry$$0000000C  c_w.l(__rtentry2.o)
    0x080002ae   0x080002ae   0x00000008   Code   RO         9014    .ARM.Collect$$rtentry$$0000000D  c_w.l(__rtentry2.o)
    0x080002b6   0x080002b6   0x00000002   Code   RO         9061    .ARM.Collect$$rtexit$$00000000  c_w.l(rtexit.o)
    0x080002b8   0x080002b8   0x00000000   Code   RO         9115    .ARM.Collect$$rtexit$$00000002  c_w.l(rtexit2.o)
    0x080002b8   0x080002b8   0x00000004   Code   RO         9116    .ARM.Collect$$rtexit$$00000003  c_w.l(rtexit2.o)
    0x080002bc   0x080002bc   0x00000006   Code   RO         9117    .ARM.Collect$$rtexit$$00000004  c_w.l(rtexit2.o)
    0x080002c2   0x080002c2   0x00000002   PAD
    0x080002c4   0x080002c4   0x0000004c   Code   RO            4    .text               startup_stm32f407xx.o
    0x08000310   0x08000310   0x00000002   Code   RO         8828    .text               c_w.l(use_no_semi_2.o)
    0x08000312   0x08000312   0x000000ee   Code   RO         8830    .text               c_w.l(lludivv7m.o)
    0x08000400   0x08000400   0x00000018   Code   RO         8838    .text               c_w.l(noretval__2printf.o)
    0x08000418   0x08000418   0x00000028   Code   RO         8840    .text               c_w.l(noretval__2sprintf.o)
    0x08000440   0x08000440   0x0000004e   Code   RO         8844    .text               c_w.l(_printf_pad.o)
    0x0800048e   0x0800048e   0x00000024   Code   RO         8846    .text               c_w.l(_printf_truncate.o)
    0x080004b2   0x080004b2   0x00000052   Code   RO         8848    .text               c_w.l(_printf_str.o)
    0x08000504   0x08000504   0x00000078   Code   RO         8850    .text               c_w.l(_printf_dec.o)
    0x0800057c   0x0800057c   0x00000028   Code   RO         8852    .text               c_w.l(_printf_charcount.o)
    0x080005a4   0x080005a4   0x000000bc   Code   RO         8854    .text               c_w.l(_printf_wctomb.o)
    0x08000660   0x08000660   0x00000050   Code   RO         8861    .text               c_w.l(_printf_oct_int.o)
    0x080006b0   0x080006b0   0x0000007c   Code   RO         8877    .text               c_w.l(_printf_hex_int_ptr.o)
    0x0800072c   0x0800072c   0x00000188   Code   RO         8903    .text               c_w.l(__printf_flags_ss_wp.o)
    0x080008b4   0x080008b4   0x0000003c   Code   RO         8918    .text               c_w.l(__0sscanf.o)
    0x080008f0   0x080008f0   0x0000014c   Code   RO         8920    .text               c_w.l(_scanf_int.o)
    0x08000a3c   0x08000a3c   0x000000e0   Code   RO         8922    .text               c_w.l(_scanf_str.o)
    0x08000b1c   0x08000b1c   0x00000014   Code   RO         8924    .text               c_w.l(strchr.o)
    0x08000b30   0x08000b30   0x00000058   Code   RO         8926    .text               c_w.l(memcmp.o)
    0x08000b88   0x08000b88   0x00000048   Code   RO         8928    .text               c_w.l(strcpy.o)
    0x08000bd0   0x08000bd0   0x00000018   Code   RO         8932    .text               c_w.l(strcat.o)
    0x08000be8   0x08000be8   0x0000008a   Code   RO         8934    .text               c_w.l(rt_memcpy_v6.o)
    0x08000c72   0x08000c72   0x00000064   Code   RO         8936    .text               c_w.l(rt_memcpy_w.o)
    0x08000cd6   0x08000cd6   0x00000010   Code   RO         8938    .text               c_w.l(aeabi_memset.o)
    0x08000ce6   0x08000ce6   0x00000044   Code   RO         8940    .text               c_w.l(rt_memclr.o)
    0x08000d2a   0x08000d2a   0x0000004e   Code   RO         8942    .text               c_w.l(rt_memclr_w.o)
    0x08000d78   0x08000d78   0x00000056   Code   RO         8944    .text               c_w.l(strncpy.o)
    0x08000dce   0x08000dce   0x00000002   PAD
    0x08000dd0   0x08000dd0   0x00000080   Code   RO         8946    .text               c_w.l(strcmpv7m.o)
    0x08000e50   0x08000e50   0x00000006   Code   RO         8948    .text               c_w.l(heapauxi.o)
    0x08000e56   0x08000e56   0x00000062   Code   RO         8966    .text               fz_wm.l(setjmp.o)
    0x08000eb8   0x08000eb8   0x00000002   Code   RO         8968    .text               c_w.l(use_no_semi.o)
    0x08000eba   0x08000eba   0x000000b2   Code   RO         8977    .text               c_w.l(_printf_intcommon.o)
    0x08000f6c   0x08000f6c   0x00000030   Code   RO         8979    .text               c_w.l(_printf_char_common.o)
    0x08000f9c   0x08000f9c   0x0000000a   Code   RO         8981    .text               c_w.l(_sputc.o)
    0x08000fa6   0x08000fa6   0x0000002c   Code   RO         8983    .text               c_w.l(_printf_char.o)
    0x08000fd2   0x08000fd2   0x00000002   PAD
    0x08000fd4   0x08000fd4   0x00000024   Code   RO         8985    .text               c_w.l(_printf_char_file.o)
    0x08000ff8   0x08000ff8   0x0000002c   Code   RO         8987    .text               c_w.l(_printf_wchar.o)
    0x08001024   0x08001024   0x0000001c   Code   RO         8992    .text               c_w.l(_chval.o)
    0x08001040   0x08001040   0x0000002c   Code   RO         8994    .text               c_w.l(scanf_char.o)
    0x0800106c   0x0800106c   0x00000040   Code   RO         8996    .text               c_w.l(_sgetc.o)
    0x080010ac   0x080010ac   0x00000040   Code   RO         8998    .text               c_w.l(_wcrtomb.o)
    0x080010ec   0x080010ec   0x00000010   Code   RO         9022    .text               c_w.l(rt_ctype_table.o)
    0x080010fc   0x080010fc   0x00000012   Code   RO         9026    .text               c_w.l(isspace.o)
    0x0800110e   0x0800110e   0x00000002   PAD
    0x08001110   0x08001110   0x00000374   Code   RO         9030    .text               c_w.l(_scanf.o)
    0x08001484   0x08001484   0x00000008   Code   RO         9032    .text               c_w.l(ferror.o)
    0x0800148c   0x0800148c   0x0000004a   Code   RO         9036    .text               c_w.l(sys_stackheap_outer.o)
    0x080014d6   0x080014d6   0x00000002   PAD
    0x080014d8   0x080014d8   0x00000008   Code   RO         9041    .text               c_w.l(rt_locale_intlibspace.o)
    0x080014e0   0x080014e0   0x00000012   Code   RO         9046    .text               c_w.l(exit.o)
    0x080014f2   0x080014f2   0x00000002   PAD
    0x080014f4   0x080014f4   0x00000008   Code   RO         9058    .text               c_w.l(libspace.o)
    0x080014fc   0x080014fc   0x00000002   Code   RO          356    i.BusFault_Handler  stm32f4xx_it.o
    0x080014fe   0x080014fe   0x00000002   PAD
    0x08001500   0x08001500   0x0000007c   Code   RO         5695    i.DMA1_Stream4_IRQHandler  i2s.o
    0x0800157c   0x0800157c   0x00000028   Code   RO         3580    i.DMA_CalcBaseAndBitshift  stm32f4xx_hal_dma.o
    0x080015a4   0x080015a4   0x00000054   Code   RO         3581    i.DMA_CheckFifoParam  stm32f4xx_hal_dma.o
    0x080015f8   0x080015f8   0x0000001e   Code   RO         2320    i.DMA_MultiBufferSetConfig  stm32f4xx_hal_dma_ex.o
    0x08001616   0x08001616   0x00000002   Code   RO          357    i.DebugMon_Handler  stm32f4xx_it.o
    0x08001618   0x08001618   0x00000040   Code   RO         3462    i.FSMC_NORSRAM_Extended_Timing_Init  stm32f4xx_ll_fsmc.o
    0x08001658   0x08001658   0x00000054   Code   RO         3463    i.FSMC_NORSRAM_Init  stm32f4xx_ll_fsmc.o
    0x080016ac   0x080016ac   0x00000044   Code   RO         3464    i.FSMC_NORSRAM_Timing_Init  stm32f4xx_ll_fsmc.o
    0x080016f0   0x080016f0   0x00000064   Code   RO         2322    i.HAL_DMAEx_MultiBufferStart  stm32f4xx_hal_dma_ex.o
    0x08001754   0x08001754   0x0000008e   Code   RO         3583    i.HAL_DMA_Abort     stm32f4xx_hal_dma.o
    0x080017e2   0x080017e2   0x00000024   Code   RO         3584    i.HAL_DMA_Abort_IT  stm32f4xx_hal_dma.o
    0x08001806   0x08001806   0x00000062   Code   RO         3585    i.HAL_DMA_DeInit    stm32f4xx_hal_dma.o
    0x08001868   0x08001868   0x000000d4   Code   RO         3589    i.HAL_DMA_Init      stm32f4xx_hal_dma.o
    0x0800193c   0x0800193c   0x00000006   Code   RO          795    i.HAL_Delay         delay.o
    0x08001942   0x08001942   0x00000002   PAD
    0x08001944   0x08001944   0x000001cc   Code   RO         1314    i.HAL_GPIO_Init     stm32f4xx_hal_gpio.o
    0x08001b10   0x08001b10   0x0000000a   Code   RO         1316    i.HAL_GPIO_ReadPin  stm32f4xx_hal_gpio.o
    0x08001b1a   0x08001b1a   0x00000010   Code   RO         1317    i.HAL_GPIO_TogglePin  stm32f4xx_hal_gpio.o
    0x08001b2a   0x08001b2a   0x0000000a   Code   RO         1318    i.HAL_GPIO_WritePin  stm32f4xx_hal_gpio.o
    0x08001b34   0x08001b34   0x0000000c   Code   RO         1002    i.HAL_GetREVID      stm32f4xx_hal.o
    0x08001b40   0x08001b40   0x0000000c   Code   RO         1003    i.HAL_GetTick       stm32f4xx_hal.o
    0x08001b4c   0x08001b4c   0x000001f4   Code   RO         4883    i.HAL_I2SEx_FullDuplex_IRQHandler  stm32f4xx_hal_i2s_ex.o
    0x08001d40   0x08001d40   0x00000002   Code   RO         4887    i.HAL_I2SEx_TxRxCpltCallback  stm32f4xx_hal_i2s_ex.o
    0x08001d42   0x08001d42   0x00000002   Code   RO         4708    i.HAL_I2S_ErrorCallback  stm32f4xx_hal_i2s.o
    0x08001d44   0x08001d44   0x00000174   Code   RO         4712    i.HAL_I2S_Init      stm32f4xx_hal_i2s.o
    0x08001eb8   0x08001eb8   0x000000d0   Code   RO         5696    i.HAL_I2S_MspInit   i2s.o
    0x08001f88   0x08001f88   0x00000002   Code   RO         4718    i.HAL_I2S_RxCpltCallback  stm32f4xx_hal_i2s.o
    0x08001f8a   0x08001f8a   0x00000002   Code   RO         4723    i.HAL_I2S_TxCpltCallback  stm32f4xx_hal_i2s.o
    0x08001f8c   0x08001f8c   0x00000010   Code   RO         1009    i.HAL_IncTick       stm32f4xx_hal.o
    0x08001f9c   0x08001f9c   0x0000002c   Code   RO         1010    i.HAL_Init          stm32f4xx_hal.o
    0x08001fc8   0x08001fc8   0x00000040   Code   RO         1011    i.HAL_InitTick      stm32f4xx_hal.o
    0x08002008   0x08002008   0x00000002   Code   RO         1013    i.HAL_MspInit       stm32f4xx_hal.o
    0x0800200a   0x0800200a   0x0000001a   Code   RO         1181    i.HAL_NVIC_EnableIRQ  stm32f4xx_hal_cortex.o
    0x08002024   0x08002024   0x00000040   Code   RO         1187    i.HAL_NVIC_SetPriority  stm32f4xx_hal_cortex.o
    0x08002064   0x08002064   0x00000024   Code   RO         1188    i.HAL_NVIC_SetPriorityGrouping  stm32f4xx_hal_cortex.o
    0x08002088   0x08002088   0x0000005c   Code   RO         1482    i.HAL_RCCEx_GetPeriphCLKFreq  stm32f4xx_hal_rcc_ex.o
    0x080020e4   0x080020e4   0x0000013c   Code   RO         1483    i.HAL_RCCEx_PeriphCLKConfig  stm32f4xx_hal_rcc_ex.o
    0x08002220   0x08002220   0x00000134   Code   RO         1378    i.HAL_RCC_ClockConfig  stm32f4xx_hal_rcc.o
    0x08002354   0x08002354   0x00000020   Code   RO         1385    i.HAL_RCC_GetPCLK1Freq  stm32f4xx_hal_rcc.o
    0x08002374   0x08002374   0x00000020   Code   RO         1386    i.HAL_RCC_GetPCLK2Freq  stm32f4xx_hal_rcc.o
    0x08002394   0x08002394   0x00000060   Code   RO         1387    i.HAL_RCC_GetSysClockFreq  stm32f4xx_hal_rcc.o
    0x080023f4   0x080023f4   0x00000358   Code   RO         1390    i.HAL_RCC_OscConfig  stm32f4xx_hal_rcc.o
    0x0800274c   0x0800274c   0x00000118   Code   RO         3867    i.HAL_SD_ConfigWideBusOperation  stm32f4xx_hal_sd.o
    0x08002864   0x08002864   0x00000198   Code   RO         3872    i.HAL_SD_GetCardCSD  stm32f4xx_hal_sd.o
    0x080029fc   0x080029fc   0x00000024   Code   RO         3873    i.HAL_SD_GetCardInfo  stm32f4xx_hal_sd.o
    0x08002a20   0x08002a20   0x00000032   Code   RO         3874    i.HAL_SD_GetCardState  stm32f4xx_hal_sd.o
    0x08002a52   0x08002a52   0x00000036   Code   RO         3879    i.HAL_SD_Init       stm32f4xx_hal_sd.o
    0x08002a88   0x08002a88   0x00000074   Code   RO         3880    i.HAL_SD_InitCard   stm32f4xx_hal_sd.o
    0x08002afc   0x08002afc   0x000000e4   Code   RO         5274    i.HAL_SD_MspInit    sdio_sdcard.o
    0x08002be0   0x08002be0   0x000001dc   Code   RO         3883    i.HAL_SD_ReadBlocks  stm32f4xx_hal_sd.o
    0x08002dbc   0x08002dbc   0x000001a8   Code   RO         3888    i.HAL_SD_WriteBlocks  stm32f4xx_hal_sd.o
    0x08002f64   0x08002f64   0x000000ca   Code   RO         4370    i.HAL_SPI_Init      stm32f4xx_hal_spi.o
    0x0800302e   0x0800302e   0x00000002   PAD
    0x08003030   0x08003030   0x00000084   Code   RO         5438    i.HAL_SPI_MspInit   spi.o
    0x080030b4   0x080030b4   0x00000272   Code   RO         4379    i.HAL_SPI_TransmitReceive  stm32f4xx_hal_spi.o
    0x08003326   0x08003326   0x00000056   Code   RO         3338    i.HAL_SRAM_Init     stm32f4xx_hal_sram.o
    0x0800337c   0x0800337c   0x00000074   Code   RO         4991    i.HAL_SRAM_MspInit  lcd.o
    0x080033f0   0x080033f0   0x00000028   Code   RO         1192    i.HAL_SYSTICK_Config  stm32f4xx_hal_cortex.o
    0x08003418   0x08003418   0x00000002   Code   RO         3067    i.HAL_TIMEx_BreakCallback  stm32f4xx_hal_tim_ex.o
    0x0800341a   0x0800341a   0x00000002   Code   RO         3068    i.HAL_TIMEx_CommutCallback  stm32f4xx_hal_tim_ex.o
    0x0800341c   0x0800341c   0x0000005a   Code   RO         2363    i.HAL_TIM_Base_Init  stm32f4xx_hal_tim.o
    0x08003476   0x08003476   0x00000002   PAD
    0x08003478   0x08003478   0x0000003c   Code   RO         5769    i.HAL_TIM_Base_MspInit  btim.o
    0x080034b4   0x080034b4   0x00000080   Code   RO         2368    i.HAL_TIM_Base_Start_IT  stm32f4xx_hal_tim.o
    0x08003534   0x08003534   0x00000002   Code   RO         2397    i.HAL_TIM_IC_CaptureCallback  stm32f4xx_hal_tim.o
    0x08003536   0x08003536   0x00000166   Code   RO         2411    i.HAL_TIM_IRQHandler  stm32f4xx_hal_tim.o
    0x0800369c   0x0800369c   0x00000002   Code   RO         2414    i.HAL_TIM_OC_DelayElapsedCallback  stm32f4xx_hal_tim.o
    0x0800369e   0x0800369e   0x00000002   Code   RO         2441    i.HAL_TIM_PWM_PulseFinishedCallback  stm32f4xx_hal_tim.o
    0x080036a0   0x080036a0   0x00000040   Code   RO         5770    i.HAL_TIM_PeriodElapsedCallback  btim.o
    0x080036e0   0x080036e0   0x00000002   Code   RO         2454    i.HAL_TIM_TriggerCallback  stm32f4xx_hal_tim.o
    0x080036e2   0x080036e2   0x00000002   Code   RO         1974    i.HAL_UARTEx_RxEventCallback  stm32f4xx_hal_uart.o
    0x080036e4   0x080036e4   0x00000002   Code   RO         1988    i.HAL_UART_ErrorCallback  stm32f4xx_hal_uart.o
    0x080036e6   0x080036e6   0x00000002   PAD
    0x080036e8   0x080036e8   0x00000210   Code   RO         1991    i.HAL_UART_IRQHandler  stm32f4xx_hal_uart.o
    0x080038f8   0x080038f8   0x00000062   Code   RO         1992    i.HAL_UART_Init     stm32f4xx_hal_uart.o
    0x0800395a   0x0800395a   0x00000002   PAD
    0x0800395c   0x0800395c   0x00000090   Code   RO          912    i.HAL_UART_MspInit  usart.o
    0x080039ec   0x080039ec   0x0000002a   Code   RO         1997    i.HAL_UART_Receive_IT  stm32f4xx_hal_uart.o
    0x08003a16   0x08003a16   0x00000002   PAD
    0x08003a18   0x08003a18   0x00000068   Code   RO          913    i.HAL_UART_RxCpltCallback  usart.o
    0x08003a80   0x08003a80   0x00000002   Code   RO         2003    i.HAL_UART_TxCpltCallback  stm32f4xx_hal_uart.o
    0x08003a82   0x08003a82   0x00000002   Code   RO          358    i.HardFault_Handler  stm32f4xx_it.o
    0x08003a84   0x08003a84   0x00000060   Code   RO         4890    i.I2SEx_RxISR_I2SExt  stm32f4xx_hal_i2s_ex.o
    0x08003ae4   0x08003ae4   0x00000060   Code   RO         4891    i.I2SEx_TxISR_I2SExt  stm32f4xx_hal_i2s_ex.o
    0x08003b44   0x08003b44   0x000000f2   Code   RO         4730    i.I2S_IRQHandler    stm32f4xx_hal_i2s.o
    0x08003c36   0x08003c36   0x00000002   Code   RO          359    i.MemManage_Handler  stm32f4xx_it.o
    0x08003c38   0x08003c38   0x00000002   Code   RO          360    i.NMI_Handler       stm32f4xx_it.o
    0x08003c3a   0x08003c3a   0x00000002   Code   RO          361    i.PendSV_Handler    stm32f4xx_it.o
    0x08003c3c   0x08003c3c   0x00000024   Code   RO         4089    i.SDIO_ConfigData   stm32f4xx_ll_sdmmc.o
    0x08003c60   0x08003c60   0x00000008   Code   RO         4093    i.SDIO_GetPowerState  stm32f4xx_ll_sdmmc.o
    0x08003c68   0x08003c68   0x00000006   Code   RO         4094    i.SDIO_GetResponse  stm32f4xx_ll_sdmmc.o
    0x08003c6e   0x08003c6e   0x00000024   Code   RO         4095    i.SDIO_Init         stm32f4xx_ll_sdmmc.o
    0x08003c92   0x08003c92   0x00000010   Code   RO         4097    i.SDIO_PowerState_ON  stm32f4xx_ll_sdmmc.o
    0x08003ca2   0x08003ca2   0x00000006   Code   RO         4098    i.SDIO_ReadFIFO     stm32f4xx_ll_sdmmc.o
    0x08003ca8   0x08003ca8   0x00000020   Code   RO         4099    i.SDIO_SendCommand  stm32f4xx_ll_sdmmc.o
    0x08003cc8   0x08003cc8   0x0000000a   Code   RO         4101    i.SDIO_WriteFIFO    stm32f4xx_ll_sdmmc.o
    0x08003cd2   0x08003cd2   0x00000030   Code   RO         4102    i.SDMMC_CmdAppCommand  stm32f4xx_ll_sdmmc.o
    0x08003d02   0x08003d02   0x00000002   PAD
    0x08003d04   0x08003d04   0x00000034   Code   RO         4103    i.SDMMC_CmdAppOperCommand  stm32f4xx_ll_sdmmc.o
    0x08003d38   0x08003d38   0x00000030   Code   RO         4104    i.SDMMC_CmdBlockLength  stm32f4xx_ll_sdmmc.o
    0x08003d68   0x08003d68   0x00000030   Code   RO         4105    i.SDMMC_CmdBusWidth  stm32f4xx_ll_sdmmc.o
    0x08003d98   0x08003d98   0x00000050   Code   RO         4109    i.SDMMC_CmdGoIdleState  stm32f4xx_ll_sdmmc.o
    0x08003de8   0x08003de8   0x00000074   Code   RO         4111    i.SDMMC_CmdOperCond  stm32f4xx_ll_sdmmc.o
    0x08003e5c   0x08003e5c   0x00000030   Code   RO         4112    i.SDMMC_CmdReadMultiBlock  stm32f4xx_ll_sdmmc.o
    0x08003e8c   0x08003e8c   0x00000030   Code   RO         4113    i.SDMMC_CmdReadSingleBlock  stm32f4xx_ll_sdmmc.o
    0x08003ebc   0x08003ebc   0x00000032   Code   RO         4116    i.SDMMC_CmdSelDesel  stm32f4xx_ll_sdmmc.o
    0x08003eee   0x08003eee   0x0000002a   Code   RO         4117    i.SDMMC_CmdSendCID  stm32f4xx_ll_sdmmc.o
    0x08003f18   0x08003f18   0x0000002c   Code   RO         4118    i.SDMMC_CmdSendCSD  stm32f4xx_ll_sdmmc.o
    0x08003f44   0x08003f44   0x00000030   Code   RO         4120    i.SDMMC_CmdSendSCR  stm32f4xx_ll_sdmmc.o
    0x08003f74   0x08003f74   0x00000030   Code   RO         4121    i.SDMMC_CmdSendStatus  stm32f4xx_ll_sdmmc.o
    0x08003fa4   0x08003fa4   0x00000030   Code   RO         4122    i.SDMMC_CmdSetRelAdd  stm32f4xx_ll_sdmmc.o
    0x08003fd4   0x08003fd4   0x00000034   Code   RO         4124    i.SDMMC_CmdStopTransfer  stm32f4xx_ll_sdmmc.o
    0x08004008   0x08004008   0x00000030   Code   RO         4126    i.SDMMC_CmdWriteMultiBlock  stm32f4xx_ll_sdmmc.o
    0x08004038   0x08004038   0x00000030   Code   RO         4127    i.SDMMC_CmdWriteSingleBlock  stm32f4xx_ll_sdmmc.o
    0x08004068   0x08004068   0x00000120   Code   RO         4128    i.SDMMC_GetCmdResp1  stm32f4xx_ll_sdmmc.o
    0x08004188   0x08004188   0x00000050   Code   RO         4129    i.SDMMC_GetCmdResp2  stm32f4xx_ll_sdmmc.o
    0x080041d8   0x080041d8   0x00000044   Code   RO         4130    i.SDMMC_GetCmdResp3  stm32f4xx_ll_sdmmc.o
    0x0800421c   0x0800421c   0x00000088   Code   RO         4131    i.SDMMC_GetCmdResp6  stm32f4xx_ll_sdmmc.o
    0x080042a4   0x080042a4   0x000000da   Code   RO         3896    i.SD_FindSCR        stm32f4xx_hal_sd.o
    0x0800437e   0x0800437e   0x000000ee   Code   RO         3897    i.SD_InitCard       stm32f4xx_hal_sd.o
    0x0800446c   0x0800446c   0x000000ac   Code   RO         3898    i.SD_PowerON        stm32f4xx_hal_sd.o
    0x08004518   0x08004518   0x00000058   Code   RO         4410    i.SPI_EndRxTxTransaction  stm32f4xx_hal_spi.o
    0x08004570   0x08004570   0x000000b8   Code   RO         4417    i.SPI_WaitFlagStateUntilTimeout  stm32f4xx_hal_spi.o
    0x08004628   0x08004628   0x00000002   Code   RO          362    i.SVC_Handler       stm32f4xx_it.o
    0x0800462a   0x0800462a   0x00000004   Code   RO          363    i.SysTick_Handler   stm32f4xx_it.o
    0x0800462e   0x0800462e   0x00000002   PAD
    0x08004630   0x08004630   0x00000010   Code   RO          432    i.SystemInit        system_stm32f4xx.o
    0x08004640   0x08004640   0x00000034   Code   RO         5923    i.TIM4_IRQHandler   usmart_port.o
    0x08004674   0x08004674   0x0000000c   Code   RO         5771    i.TIM6_DAC_IRQHandler  btim.o
    0x08004680   0x08004680   0x0000000c   Code   RO         5772    i.TIM7_IRQHandler   btim.o
    0x0800468c   0x0800468c   0x000000c8   Code   RO         2456    i.TIM_Base_SetConfig  stm32f4xx_hal_tim.o
    0x08004754   0x08004754   0x00000010   Code   RO         2005    i.UART_DMAAbortOnError  stm32f4xx_hal_uart.o
    0x08004764   0x08004764   0x00000030   Code   RO         2015    i.UART_EndRxTransfer  stm32f4xx_hal_uart.o
    0x08004794   0x08004794   0x000000ae   Code   RO         2017    i.UART_Receive_IT   stm32f4xx_hal_uart.o
    0x08004842   0x08004842   0x00000002   PAD
    0x08004844   0x08004844   0x0000010c   Code   RO         2018    i.UART_SetConfig    stm32f4xx_hal_uart.o
    0x08004950   0x08004950   0x00000036   Code   RO         2020    i.UART_Start_Receive_IT  stm32f4xx_hal_uart.o
    0x08004986   0x08004986   0x00000002   PAD
    0x08004988   0x08004988   0x0000000c   Code   RO          914    i.USART1_IRQHandler  usart.o
    0x08004994   0x08004994   0x00000002   Code   RO          364    i.UsageFault_Handler  stm32f4xx_it.o
    0x08004996   0x08004996   0x00000020   Code   RO         1194    i.__NVIC_SetPriority  stm32f4xx_hal_cortex.o
    0x080049b6   0x080049b6   0x0000000e   Code   RO         8896    i._is_digit         c_w.l(__printf_wp.o)
    0x080049c4   0x080049c4   0x00000002   Code   RO          916    i._sys_exit         usart.o
    0x080049c6   0x080049c6   0x00000106   Code   RO         7412    i.access_virt_barray  jmemmgr.o
    0x08004acc   0x08004acc   0x00000104   Code   RO         7413    i.access_virt_sarray  jmemmgr.o
    0x08004bd0   0x08004bd0   0x0000007c   Code   RO         7414    i.alloc_barray      jmemmgr.o
    0x08004c4c   0x08004c4c   0x00000032   Code   RO         8740    i.alloc_fs_workspace  jquant1.o
    0x08004c7e   0x08004c7e   0x0000007a   Code   RO         7954    i.alloc_funny_pointers  jdmainct.o
    0x08004cf8   0x08004cf8   0x0000007c   Code   RO         7415    i.alloc_large       jmemmgr.o
    0x08004d74   0x08004d74   0x00000078   Code   RO         7416    i.alloc_sarray      jmemmgr.o
    0x08004dec   0x08004dec   0x000000dc   Code   RO         7417    i.alloc_small       jmemmgr.o
    0x08004ec8   0x08004ec8   0x000000cc   Code   RO         7606    i.arith_decode      jdarith.o
    0x08004f94   0x08004f94   0x00000038   Code   RO          469    i.audio_i2s_dma_callback  videoplayer.o
    0x08004fcc   0x08004fcc   0x0000004c   Code   RO         7089    i.avi_get_streaminfo  avi.o
    0x08005018   0x08005018   0x00000204   Code   RO         7090    i.avi_init          avi.o
    0x0800521c   0x0800521c   0x0000004a   Code   RO         7091    i.avi_srarch_id     avi.o
    0x08005266   0x08005266   0x00000002   PAD
    0x08005268   0x08005268   0x00000050   Code   RO         5774    i.btim_tim7_int_init  btim.o
    0x080052b8   0x080052b8   0x0000009c   Code   RO         8370    i.build_bg_ycc_rgb_table  jdcolor.o
    0x08005354   0x08005354   0x0000009c   Code   RO         8542    i.build_bg_ycc_rgb_table  jdmerge.o
    0x080053f0   0x080053f0   0x00000046   Code   RO         8371    i.build_rgb_y_table  jdcolor.o
    0x08005436   0x08005436   0x00000002   PAD
    0x08005438   0x08005438   0x0000009c   Code   RO         8372    i.build_ycc_rgb_table  jdcolor.o
    0x080054d4   0x080054d4   0x0000009c   Code   RO         8543    i.build_ycc_rgb_table  jdmerge.o
    0x08005570   0x08005570   0x00000078   Code   RO         6422    i.change_bitmap     ff.o
    0x080055e8   0x080055e8   0x000000f4   Code   RO         6423    i.check_fs          ff.o
    0x080056dc   0x080056dc   0x00000032   Code   RO         6424    i.clmt_clust        ff.o
    0x0800570e   0x0800570e   0x00000018   Code   RO         6425    i.clst2sect         ff.o
    0x08005726   0x08005726   0x00000002   PAD
    0x08005728   0x08005728   0x00000084   Code   RO         6426    i.cmp_lfn           ff.o
    0x080057ac   0x080057ac   0x00000080   Code   RO         8373    i.cmyk_yk_convert   jdcolor.o
    0x0800582c   0x0800582c   0x00000054   Code   RO         8741    i.color_quantize    jquant1.o
    0x08005880   0x08005880   0x00000058   Code   RO         8742    i.color_quantize3   jquant1.o
    0x080058d8   0x080058d8   0x000000be   Code   RO         8452    i.compute_color     jquant2.o
    0x08005996   0x08005996   0x000000f4   Code   RO         7996    i.consume_data      jdcoefct.o
    0x08005a8a   0x08005a8a   0x0000009e   Code   RO         7712    i.consume_markers   jdinput.o
    0x08005b28   0x08005b28   0x0000016a   Code   RO         6427    i.create_chain      ff.o
    0x08005c92   0x08005c92   0x000000ca   Code   RO         8743    i.create_colorindex  jquant1.o
    0x08005d5c   0x08005d5c   0x000000c2   Code   RO         8744    i.create_colormap   jquant1.o
    0x08005e1e   0x08005e1e   0x00000002   PAD
    0x08005e20   0x08005e20   0x00000210   Code   RO         6428    i.create_name       ff.o
    0x08006030   0x08006030   0x000000a4   Code   RO         8745    i.create_odither_tables  jquant1.o
    0x080060d4   0x080060d4   0x0000007a   Code   RO         6430    i.create_xdir       ff.o
    0x0800614e   0x0800614e   0x00000010   Code   RO         6431    i.dbc_1st           ff.o
    0x0800615e   0x0800615e   0x00000216   Code   RO         7607    i.decode_mcu        jdarith.o
    0x08006374   0x08006374   0x000002d0   Code   RO         7880    i.decode_mcu        jdhuff.o
    0x08006644   0x08006644   0x0000012e   Code   RO         7608    i.decode_mcu_AC_first  jdarith.o
    0x08006772   0x08006772   0x00000002   PAD
    0x08006774   0x08006774   0x00000178   Code   RO         7881    i.decode_mcu_AC_first  jdhuff.o
    0x080068ec   0x080068ec   0x0000010e   Code   RO         7609    i.decode_mcu_AC_refine  jdarith.o
    0x080069fa   0x080069fa   0x00000002   PAD
    0x080069fc   0x080069fc   0x000002bc   Code   RO         7882    i.decode_mcu_AC_refine  jdhuff.o
    0x08006cb8   0x08006cb8   0x00000144   Code   RO         7610    i.decode_mcu_DC_first  jdarith.o
    0x08006dfc   0x08006dfc   0x00000160   Code   RO         7883    i.decode_mcu_DC_first  jdhuff.o
    0x08006f5c   0x08006f5c   0x00000058   Code   RO         7611    i.decode_mcu_DC_refine  jdarith.o
    0x08006fb4   0x08006fb4   0x00000096   Code   RO         7884    i.decode_mcu_DC_refine  jdhuff.o
    0x0800704a   0x0800704a   0x00000002   PAD
    0x0800704c   0x0800704c   0x000002e0   Code   RO         7885    i.decode_mcu_sub    jdhuff.o
    0x0800732c   0x0800732c   0x00000104   Code   RO         7997    i.decompress_data   jdcoefct.o
    0x08007430   0x08007430   0x00000170   Code   RO         7998    i.decompress_onepass  jdcoefct.o
    0x080075a0   0x080075a0   0x00000408   Code   RO         7999    i.decompress_smooth_data  jdcoefct.o
    0x080079a8   0x080079a8   0x00000198   Code   RO         7506    i.default_decompress_parms  jdapimin.o
    0x08007b40   0x08007b40   0x0000000c   Code   RO          796    i.delay_init        delay.o
    0x08007b4c   0x08007b4c   0x0000000a   Code   RO          797    i.delay_ms          delay.o
    0x08007b56   0x08007b56   0x00000002   PAD
    0x08007b58   0x08007b58   0x00000034   Code   RO          798    i.delay_us          delay.o
    0x08007b8c   0x08007b8c   0x00000058   Code   RO         6432    i.dir_alloc         ff.o
    0x08007be4   0x08007be4   0x000000a6   Code   RO         6433    i.dir_clear         ff.o
    0x08007c8a   0x08007c8a   0x00000146   Code   RO         6434    i.dir_find          ff.o
    0x08007dd0   0x08007dd0   0x000000c4   Code   RO         6435    i.dir_next          ff.o
    0x08007e94   0x08007e94   0x000000e2   Code   RO         6436    i.dir_read          ff.o
    0x08007f76   0x08007f76   0x00000002   PAD
    0x08007f78   0x08007f78   0x00000244   Code   RO         6437    i.dir_register      ff.o
    0x080081bc   0x080081bc   0x00000096   Code   RO         6439    i.dir_sdi           ff.o
    0x08008252   0x08008252   0x0000001c   Code   RO         6374    i.disk_initialize   diskio.o
    0x0800826e   0x0800826e   0x00000002   PAD
    0x08008270   0x08008270   0x0000005c   Code   RO         6375    i.disk_ioctl        diskio.o
    0x080082cc   0x080082cc   0x00000052   Code   RO         6376    i.disk_read         diskio.o
    0x0800831e   0x0800831e   0x00000004   Code   RO         6377    i.disk_status       diskio.o
    0x08008322   0x08008322   0x00000052   Code   RO         6378    i.disk_write        diskio.o
    0x08008374   0x08008374   0x00000144   Code   RO          470    i.display_text_overlay_stream  videoplayer.o
    0x080084b8   0x080084b8   0x00000078   Code   RO         7418    i.do_barray_io      jmemmgr.o
    0x08008530   0x08008530   0x00000076   Code   RO         7419    i.do_sarray_io      jmemmgr.o
    0x080085a6   0x080085a6   0x00000004   Code   RO         8000    i.dummy_consume_data  jdcoefct.o
    0x080085aa   0x080085aa   0x0000002c   Code   RO         7356    i.emit_message      jerror.o
    0x080085d6   0x080085d6   0x00000016   Code   RO         7357    i.error_exit        jerror.o
    0x080085ec   0x080085ec   0x0000000a   Code   RO         5536    i.es8388_3d_set     es8388.o
    0x080085f6   0x080085f6   0x00000032   Code   RO         5537    i.es8388_adda_cfg   es8388.o
    0x08008628   0x08008628   0x00000018   Code   RO         5538    i.es8388_alc_ctrl   es8388.o
    0x08008640   0x08008640   0x0000001e   Code   RO         5539    i.es8388_hpvol_set  es8388.o
    0x0800865e   0x0800865e   0x00000012   Code   RO         5540    i.es8388_i2s_cfg    es8388.o
    0x08008670   0x08008670   0x000000c6   Code   RO         5541    i.es8388_init       es8388.o
    0x08008736   0x08008736   0x0000000e   Code   RO         5542    i.es8388_input_cfg  es8388.o
    0x08008744   0x08008744   0x0000000e   Code   RO         5543    i.es8388_mic_gain   es8388.o
    0x08008752   0x08008752   0x0000001a   Code   RO         5544    i.es8388_output_cfg  es8388.o
    0x0800876c   0x0800876c   0x00000044   Code   RO         5545    i.es8388_read_reg   es8388.o
    0x080087b0   0x080087b0   0x0000001e   Code   RO         5546    i.es8388_spkvol_set  es8388.o
    0x080087ce   0x080087ce   0x00000042   Code   RO         5547    i.es8388_write_reg  es8388.o
    0x08008810   0x08008810   0x00000156   Code   RO         7760    i.examine_app0      jdmarker.o
    0x08008966   0x08008966   0x0000007c   Code   RO         7761    i.examine_app14     jdmarker.o
    0x080089e2   0x080089e2   0x0000000e   Code   RO         6130    i.exfuns_char_upper  exfuns.o
    0x080089f0   0x080089f0   0x0000008c   Code   RO         6132    i.exfuns_file_type  exfuns.o
    0x08008a7c   0x08008a7c   0x00000034   Code   RO         6137    i.exfuns_init       exfuns.o
    0x08008ab0   0x08008ab0   0x0000001c   Code   RO         6440    i.f_close           ff.o
    0x08008acc   0x08008acc   0x00000306   Code   RO         6445    i.f_lseek           ff.o
    0x08008dd2   0x08008dd2   0x00000002   PAD
    0x08008dd4   0x08008dd4   0x00000048   Code   RO         6448    i.f_mount           ff.o
    0x08008e1c   0x08008e1c   0x00000296   Code   RO         6449    i.f_open            ff.o
    0x080090b2   0x080090b2   0x000000b0   Code   RO         6450    i.f_opendir         ff.o
    0x08009162   0x08009162   0x00000176   Code   RO         6454    i.f_read            ff.o
    0x080092d8   0x080092d8   0x0000006c   Code   RO         6455    i.f_readdir         ff.o
    0x08009344   0x08009344   0x00000166   Code   RO         6459    i.f_sync            ff.o
    0x080094aa   0x080094aa   0x00000008   Code   RO         6861    i.ff_memalloc       ffsystem.o
    0x080094b2   0x080094b2   0x00000008   Code   RO         6862    i.ff_memfree        ffsystem.o
    0x080094ba   0x080094ba   0x00000002   PAD
    0x080094bc   0x080094bc   0x00000070   Code   RO         6897    i.ff_oem2uni        myffunicode.o
    0x0800952c   0x0800952c   0x00000070   Code   RO         6898    i.ff_uni2oem        myffunicode.o
    0x0800959c   0x0800959c   0x00000088   Code   RO         6899    i.ff_wtoupper       myffunicode.o
    0x08009624   0x08009624   0x0000002e   Code   RO         6463    i.fill_first_frag   ff.o
    0x08009652   0x08009652   0x00000002   PAD
    0x08009654   0x08009654   0x00000050   Code   RO         7133    i.fill_input_buffer  mjpeg.o
    0x080096a4   0x080096a4   0x00000094   Code   RO         8453    i.fill_inverse_cmap  jquant2.o
    0x08009738   0x08009738   0x00000032   Code   RO         6464    i.fill_last_frag    ff.o
    0x0800976a   0x0800976a   0x000000d2   Code   RO         8454    i.find_best_colors  jquant2.o
    0x0800983c   0x0800983c   0x00000090   Code   RO         6465    i.find_bitmap       ff.o
    0x080098cc   0x080098cc   0x0000012a   Code   RO         8455    i.find_nearby_colors  jquant2.o
    0x080099f6   0x080099f6   0x00000002   PAD
    0x080099f8   0x080099f8   0x0000001c   Code   RO         7713    i.finish_input_pass  jdinput.o
    0x08009a14   0x08009a14   0x0000001c   Code   RO         7668    i.finish_output_pass  jdmaster.o
    0x08009a30   0x08009a30   0x00000002   Code   RO         7612    i.finish_pass       jdarith.o
    0x08009a32   0x08009a32   0x00000016   Code   RO         8456    i.finish_pass1      jquant2.o
    0x08009a48   0x08009a48   0x00000002   Code   RO         8457    i.finish_pass2      jquant2.o
    0x08009a4a   0x08009a4a   0x00000002   Code   RO         8746    i.finish_pass_1_quant  jquant1.o
    0x08009a4c   0x08009a4c   0x00000020   Code   RO         7886    i.finish_pass_huff  jdhuff.o
    0x08009a6c   0x08009a6c   0x00000068   Code   RO         7762    i.first_marker      jdmarker.o
    0x08009ad4   0x08009ad4   0x0000009c   Code   RO         6466    i.follow_path       ff.o
    0x08009b70   0x08009b70   0x0000003c   Code   RO         6978    i.fonts_init        fonts.o
    0x08009bac   0x08009bac   0x0000008e   Code   RO         7358    i.format_message    jerror.o
    0x08009c3a   0x08009c3a   0x00000002   PAD
    0x08009c3c   0x08009c3c   0x00000014   Code   RO          918    i.fputc             usart.o
    0x08009c50   0x08009c50   0x000000c6   Code   RO         7420    i.free_pool         jmemmgr.o
    0x08009d16   0x08009d16   0x00000004   Code   RO         8328    i.fullsize_upsample  jdsample.o
    0x08009d1a   0x08009d1a   0x00000002   PAD
    0x08009d1c   0x08009d1c   0x0000009c   Code   RO         6467    i.gen_numname       ff.o
    0x08009db8   0x08009db8   0x00000030   Code   RO         7613    i.get_byte          jdarith.o
    0x08009de8   0x08009de8   0x00000106   Code   RO         7763    i.get_dac           jdmarker.o
    0x08009eee   0x08009eee   0x00000206   Code   RO         7764    i.get_dht           jdmarker.o
    0x0800a0f4   0x0800a0f4   0x0000022c   Code   RO         7765    i.get_dqt           jdmarker.o
    0x0800a320   0x0800a320   0x000000a6   Code   RO         7766    i.get_dri           jdmarker.o
    0x0800a3c6   0x0800a3c6   0x00000132   Code   RO         6468    i.get_fat           ff.o
    0x0800a4f8   0x0800a4f8   0x00000004   Code   RO         6863    i.get_fattime       ffsystem.o
    0x0800a4fc   0x0800a4fc   0x000001ce   Code   RO         6469    i.get_fileinfo      ff.o
    0x0800a6ca   0x0800a6ca   0x000000e2   Code   RO         7767    i.get_interesting_appn  jdmarker.o
    0x0800a7ac   0x0800a7ac   0x00000036   Code   RO         6470    i.get_ldnumber      ff.o
    0x0800a7e2   0x0800a7e2   0x00000002   PAD
    0x0800a7e4   0x0800a7e4   0x00000318   Code   RO         7768    i.get_lse           jdmarker.o
    0x0800aafc   0x0800aafc   0x00000018   Code   RO         5276    i.get_sd_card_state  sdio_sdcard.o
    0x0800ab14   0x0800ab14   0x00000250   Code   RO         7769    i.get_sof           jdmarker.o
    0x0800ad64   0x0800ad64   0x0000006a   Code   RO         7770    i.get_soi           jdmarker.o
    0x0800adce   0x0800adce   0x00000002   PAD
    0x0800add0   0x0800add0   0x0000024c   Code   RO         7771    i.get_sos           jdmarker.o
    0x0800b01c   0x0800b01c   0x0000002e   Code   RO         8374    i.gray_rgb_convert  jdcolor.o
    0x0800b04a   0x0800b04a   0x0000001a   Code   RO         8375    i.grayscale_convert  jdcolor.o
    0x0800b064   0x0800b064   0x000000fa   Code   RO         8544    i.h2v1_merged_upsample  jdmerge.o
    0x0800b15e   0x0800b15e   0x00000032   Code   RO         8329    i.h2v1_upsample     jdsample.o
    0x0800b190   0x0800b190   0x000001da   Code   RO         8545    i.h2v2_merged_upsample  jdmerge.o
    0x0800b36a   0x0800b36a   0x00000044   Code   RO         8330    i.h2v2_upsample     jdsample.o
    0x0800b3ae   0x0800b3ae   0x00000002   PAD
    0x0800b3b0   0x0800b3b0   0x00000040   Code   RO         5698    i.i2s_init          i2s.o
    0x0800b3f0   0x0800b3f0   0x00000014   Code   RO         5699    i.i2s_play_start    i2s.o
    0x0800b404   0x0800b404   0x00000014   Code   RO         5700    i.i2s_play_stop     i2s.o
    0x0800b418   0x0800b418   0x00000074   Code   RO         5701    i.i2s_samplerate_set  i2s.o
    0x0800b48c   0x0800b48c   0x000000dc   Code   RO         5702    i.i2s_tx_dma_init   i2s.o
    0x0800b568   0x0800b568   0x00000054   Code   RO         5629    i.iic_ack           myiic.o
    0x0800b5bc   0x0800b5bc   0x00000060   Code   RO         5630    i.iic_init          myiic.o
    0x0800b61c   0x0800b61c   0x00000040   Code   RO         5631    i.iic_nack          myiic.o
    0x0800b65c   0x0800b65c   0x00000068   Code   RO         5632    i.iic_read_byte     myiic.o
    0x0800b6c4   0x0800b6c4   0x00000060   Code   RO         5633    i.iic_send_byte     myiic.o
    0x0800b724   0x0800b724   0x0000004c   Code   RO         5634    i.iic_start         myiic.o
    0x0800b770   0x0800b770   0x00000040   Code   RO         5635    i.iic_stop          myiic.o
    0x0800b7b0   0x0800b7b0   0x00000068   Code   RO         5636    i.iic_wait_ack      myiic.o
    0x0800b818   0x0800b818   0x0000002e   Code   RO         6471    i.init_alloc_info   ff.o
    0x0800b846   0x0800b846   0x00000062   Code   RO         8458    i.init_error_limit  jquant2.o
    0x0800b8a8   0x0800b8a8   0x00000002   Code   RO         7134    i.init_source       mjpeg.o
    0x0800b8aa   0x0800b8aa   0x00000002   PAD
    0x0800b8ac   0x0800b8ac   0x00000010   Code   RO          471    i.init_text_stream  videoplayer.o
    0x0800b8bc   0x0800b8bc   0x000002b8   Code   RO         7714    i.initial_setup     jdinput.o
    0x0800bb74   0x0800bb74   0x00000064   Code   RO         8331    i.int_upsample      jdsample.o
    0x0800bbd8   0x0800bbd8   0x0000000c   Code   RO         7310    i.jcopy_block_row   jutils.o
    0x0800bbe4   0x0800bbe4   0x00000022   Code   RO         7311    i.jcopy_sample_rows  jutils.o
    0x0800bc06   0x0800bc06   0x0000000a   Code   RO         7312    i.jdiv_round_up     jutils.o
    0x0800bc10   0x0800bc10   0x00000088   Code   RO         8747    i.jinit_1pass_quantizer  jquant1.o
    0x0800bc98   0x0800bc98   0x000000f4   Code   RO         8459    i.jinit_2pass_quantizer  jquant2.o
    0x0800bd8c   0x0800bd8c   0x00000074   Code   RO         7614    i.jinit_arith_decoder  jdarith.o
    0x0800be00   0x0800be00   0x00000250   Code   RO         8376    i.jinit_color_deconverter  jdcolor.o
    0x0800c050   0x0800c050   0x000000dc   Code   RO         8001    i.jinit_d_coef_controller  jdcoefct.o
    0x0800c12c   0x0800c12c   0x000000ac   Code   RO         7955    i.jinit_d_main_controller  jdmainct.o
    0x0800c1d8   0x0800c1d8   0x00000070   Code   RO         8053    i.jinit_d_post_controller  jdpostct.o
    0x0800c248   0x0800c248   0x00000078   Code   RO         7887    i.jinit_huff_decoder  jdhuff.o
    0x0800c2c0   0x0800c2c0   0x00000040   Code   RO         7715    i.jinit_input_controller  jdinput.o
    0x0800c300   0x0800c300   0x0000005c   Code   RO         8085    i.jinit_inverse_dct  jddctmgr.o
    0x0800c35c   0x0800c35c   0x0000005c   Code   RO         7772    i.jinit_marker_reader  jdmarker.o
    0x0800c3b8   0x0800c3b8   0x00000034   Code   RO         7669    i.jinit_master_decompress  jdmaster.o
    0x0800c3ec   0x0800c3ec   0x00000104   Code   RO         7421    i.jinit_memory_mgr  jmemmgr.o
    0x0800c4f0   0x0800c4f0   0x00000070   Code   RO         8546    i.jinit_merged_upsampler  jdmerge.o
    0x0800c560   0x0800c560   0x00000128   Code   RO         8332    i.jinit_upsampler   jdsample.o
    0x0800c688   0x0800c688   0x000000a0   Code   RO         7507    i.jpeg_CreateDecompress  jdapimin.o
    0x0800c728   0x0800c728   0x00000032   Code   RO         7266    i.jpeg_abort        jcomapi.o
    0x0800c75a   0x0800c75a   0x00000004   Code   RO         7508    i.jpeg_abort_decompress  jdapimin.o
    0x0800c75e   0x0800c75e   0x00000016   Code   RO         7267    i.jpeg_alloc_huff_table  jcomapi.o
    0x0800c774   0x0800c774   0x00000014   Code   RO         7268    i.jpeg_alloc_quant_table  jcomapi.o
    0x0800c788   0x0800c788   0x0000016a   Code   RO         7670    i.jpeg_calc_output_dimensions  jdmaster.o
    0x0800c8f2   0x0800c8f2   0x0000007a   Code   RO         7509    i.jpeg_consume_input  jdapimin.o
    0x0800c96c   0x0800c96c   0x00000290   Code   RO         7716    i.jpeg_core_output_dimensions  jdinput.o
    0x0800cbfc   0x0800cbfc   0x00000016   Code   RO         7269    i.jpeg_destroy      jcomapi.o
    0x0800cc12   0x0800cc12   0x00000004   Code   RO         7510    i.jpeg_destroy_decompress  jdapimin.o
    0x0800cc16   0x0800cc16   0x00000002   PAD
    0x0800cc18   0x0800cc18   0x00000054   Code   RO         7135    i.jpeg_filerw_src_init  mjpeg.o
    0x0800cc6c   0x0800cc6c   0x000000ae   Code   RO         7888    i.jpeg_fill_bit_buffer  jdhuff.o
    0x0800cd1a   0x0800cd1a   0x0000007e   Code   RO         7511    i.jpeg_finish_decompress  jdapimin.o
    0x0800cd98   0x0800cd98   0x00000002   Code   RO         8601    i.jpeg_free_large   jmemnobs.o
    0x0800cd9a   0x0800cd9a   0x00000002   Code   RO         8602    i.jpeg_free_small   jmemnobs.o
    0x0800cd9c   0x0800cd9c   0x00000006   Code   RO         8603    i.jpeg_get_large    jmemnobs.o
    0x0800cda2   0x0800cda2   0x00000006   Code   RO         8604    i.jpeg_get_small    jmemnobs.o
    0x0800cda8   0x0800cda8   0x00000094   Code   RO         7889    i.jpeg_huff_decode  jdhuff.o
    0x0800ce3c   0x0800ce3c   0x00000358   Code   RO         8130    i.jpeg_idct_10x10   jidctint.o
    0x0800d194   0x0800d194   0x00000250   Code   RO         8131    i.jpeg_idct_10x5    jidctint.o
    0x0800d3e4   0x0800d3e4   0x000004b4   Code   RO         8132    i.jpeg_idct_11x11   jidctint.o
    0x0800d898   0x0800d898   0x000003f4   Code   RO         8133    i.jpeg_idct_12x12   jidctint.o
    0x0800dc8c   0x0800dc8c   0x000002c0   Code   RO         8134    i.jpeg_idct_12x6    jidctint.o
    0x0800df4c   0x0800df4c   0x00000544   Code   RO         8135    i.jpeg_idct_13x13   jidctint.o
    0x0800e490   0x0800e490   0x000004b8   Code   RO         8136    i.jpeg_idct_14x14   jidctint.o
    0x0800e948   0x0800e948   0x000003a4   Code   RO         8137    i.jpeg_idct_14x7    jidctint.o
    0x0800ecec   0x0800ecec   0x000004f0   Code   RO         8138    i.jpeg_idct_15x15   jidctint.o
    0x0800f1dc   0x0800f1dc   0x000005fe   Code   RO         8139    i.jpeg_idct_16x16   jidctint.o
    0x0800f7da   0x0800f7da   0x00000002   PAD
    0x0800f7dc   0x0800f7dc   0x00000508   Code   RO         8140    i.jpeg_idct_16x8    jidctint.o
    0x0800fce4   0x0800fce4   0x00000026   Code   RO         8141    i.jpeg_idct_1x1     jidctint.o
    0x0800fd0a   0x0800fd0a   0x0000003a   Code   RO         8142    i.jpeg_idct_1x2     jidctint.o
    0x0800fd44   0x0800fd44   0x0000003a   Code   RO         8143    i.jpeg_idct_2x1     jidctint.o
    0x0800fd7e   0x0800fd7e   0x00000070   Code   RO         8144    i.jpeg_idct_2x2     jidctint.o
    0x0800fdee   0x0800fdee   0x00000002   PAD
    0x0800fdf0   0x0800fdf0   0x000000cc   Code   RO         8145    i.jpeg_idct_2x4     jidctint.o
    0x0800febc   0x0800febc   0x000000dc   Code   RO         8146    i.jpeg_idct_3x3     jidctint.o
    0x0800ff98   0x0800ff98   0x0000013a   Code   RO         8147    i.jpeg_idct_3x6     jidctint.o
    0x080100d2   0x080100d2   0x00000002   PAD
    0x080100d4   0x080100d4   0x000000c8   Code   RO         8148    i.jpeg_idct_4x2     jidctint.o
    0x0801019c   0x0801019c   0x00000124   Code   RO         8149    i.jpeg_idct_4x4     jidctint.o
    0x080102c0   0x080102c0   0x00000270   Code   RO         8150    i.jpeg_idct_4x8     jidctint.o
    0x08010530   0x08010530   0x0000026c   Code   RO         8151    i.jpeg_idct_5x10    jidctint.o
    0x0801079c   0x0801079c   0x0000017c   Code   RO         8152    i.jpeg_idct_5x5     jidctint.o
    0x08010918   0x08010918   0x000002cc   Code   RO         8153    i.jpeg_idct_6x12    jidctint.o
    0x08010be4   0x08010be4   0x0000012e   Code   RO         8154    i.jpeg_idct_6x3     jidctint.o
    0x08010d12   0x08010d12   0x00000194   Code   RO         8155    i.jpeg_idct_6x6     jidctint.o
    0x08010ea6   0x08010ea6   0x00000002   PAD
    0x08010ea8   0x08010ea8   0x00000398   Code   RO         8156    i.jpeg_idct_7x14    jidctint.o
    0x08011240   0x08011240   0x00000294   Code   RO         8157    i.jpeg_idct_7x7     jidctint.o
    0x080114d4   0x080114d4   0x000004ac   Code   RO         8158    i.jpeg_idct_8x16    jidctint.o
    0x08011980   0x08011980   0x00000200   Code   RO         8159    i.jpeg_idct_8x4     jidctint.o
    0x08011b80   0x08011b80   0x00000310   Code   RO         8160    i.jpeg_idct_9x9     jidctint.o
    0x08011e90   0x08011e90   0x00000344   Code   RO         8118    i.jpeg_idct_float   jidctflt.o
    0x080121d4   0x080121d4   0x000002c8   Code   RO         8106    i.jpeg_idct_ifast   jidctfst.o
    0x0801249c   0x0801249c   0x00000374   Code   RO         8161    i.jpeg_idct_islow   jidctint.o
    0x08012810   0x08012810   0x000001cc   Code   RO         7890    i.jpeg_make_d_derived_tbl  jdhuff.o
    0x080129dc   0x080129dc   0x0000000e   Code   RO         8605    i.jpeg_mem_available  jmemnobs.o
    0x080129ea   0x080129ea   0x00000004   Code   RO         8606    i.jpeg_mem_init     jmemnobs.o
    0x080129ee   0x080129ee   0x00000002   Code   RO         8607    i.jpeg_mem_term     jmemnobs.o
    0x080129f0   0x080129f0   0x0000000c   Code   RO         8608    i.jpeg_open_backing_store  jmemnobs.o
    0x080129fc   0x080129fc   0x00000050   Code   RO         7514    i.jpeg_read_header  jdapimin.o
    0x08012a4c   0x08012a4c   0x0000005e   Code   RO         7567    i.jpeg_read_scanlines  jdapistd.o
    0x08012aaa   0x08012aaa   0x000000b2   Code   RO         7773    i.jpeg_resync_to_restart  jdmarker.o
    0x08012b5c   0x08012b5c   0x00000098   Code   RO         7568    i.jpeg_start_decompress  jdapistd.o
    0x08012bf4   0x08012bf4   0x00000048   Code   RO         7359    i.jpeg_std_error    jerror.o
    0x08012c3c   0x08012c3c   0x000000c8   Code   RO         7270    i.jpeg_std_huff_table  jcomapi.o
    0x08012d04   0x08012d04   0x00000010   Code   RO         7313    i.jround_up         jutils.o
    0x08012d14   0x08012d14   0x000000a0   Code   RO         5243    i.key_init          key.o
    0x08012db4   0x08012db4   0x00000014   Code   RO         8748    i.largest_input_value  jquant1.o
    0x08012dc8   0x08012dc8   0x00000030   Code   RO         4992    i.lcd_clear         lcd.o
    0x08012df8   0x08012df8   0x000000e8   Code   RO         4994    i.lcd_display_dir   lcd.o
    0x08012ee0   0x08012ee0   0x00000016   Code   RO         5000    i.lcd_draw_point    lcd.o
    0x08012ef6   0x08012ef6   0x0000022e   Code   RO         5002    i.lcd_ex_ili9341_reginit  lcd.o
    0x08013124   0x08013124   0x00000342   Code   RO         5003    i.lcd_ex_ili9806_reginit  lcd.o
    0x08013466   0x08013466   0x00000ef4   Code   RO         5004    i.lcd_ex_nt35310_reginit  lcd.o
    0x0801435a   0x0801435a   0x00000efa   Code   RO         5005    i.lcd_ex_nt35510_reginit  lcd.o
    0x08015254   0x08015254   0x00000170   Code   RO         5006    i.lcd_ex_ssd1963_reginit  lcd.o
    0x080153c4   0x080153c4   0x000001aa   Code   RO         5007    i.lcd_ex_st7789_reginit  lcd.o
    0x0801556e   0x0801556e   0x000001c8   Code   RO         5008    i.lcd_ex_st7796_reginit  lcd.o
    0x08015736   0x08015736   0x00000046   Code   RO         5009    i.lcd_fill          lcd.o
    0x0801577c   0x0801577c   0x00000388   Code   RO         5011    i.lcd_init          lcd.o
    0x08015b04   0x08015b04   0x0000001a   Code   RO         5013    i.lcd_rd_data       lcd.o
    0x08015b1e   0x08015b1e   0x00000002   PAD
    0x08015b20   0x08015b20   0x000001a4   Code   RO         5015    i.lcd_scan_dir      lcd.o
    0x08015cc4   0x08015cc4   0x000000f0   Code   RO         5016    i.lcd_set_cursor    lcd.o
    0x08015db4   0x08015db4   0x00000154   Code   RO         5017    i.lcd_set_window    lcd.o
    0x08015f08   0x08015f08   0x000000dc   Code   RO         5018    i.lcd_show_char     lcd.o
    0x08015fe4   0x08015fe4   0x00000056   Code   RO         5020    i.lcd_show_string   lcd.o
    0x0801603a   0x0801603a   0x00000002   PAD
    0x0801603c   0x0801603c   0x00000050   Code   RO         5022    i.lcd_ssd_backlight_set  lcd.o
    0x0801608c   0x0801608c   0x00000018   Code   RO         5023    i.lcd_wr_data       lcd.o
    0x080160a4   0x080160a4   0x00000018   Code   RO         5024    i.lcd_wr_regno      lcd.o
    0x080160bc   0x080160bc   0x00000014   Code   RO         5025    i.lcd_write_ram_prepare  lcd.o
    0x080160d0   0x080160d0   0x0000000c   Code   RO         5026    i.lcd_write_reg     lcd.o
    0x080160dc   0x080160dc   0x00000026   Code   RO         6472    i.ld_clust          ff.o
    0x08016102   0x08016102   0x00000016   Code   RO         6473    i.ld_dword          ff.o
    0x08016118   0x08016118   0x00000056   Code   RO         6474    i.ld_qword          ff.o
    0x0801616e   0x0801616e   0x0000000a   Code   RO         6475    i.ld_word           ff.o
    0x08016178   0x08016178   0x0000006c   Code   RO         4967    i.led_init          led.o
    0x080161e4   0x080161e4   0x0000003a   Code   RO         6476    i.load_obj_xdir     ff.o
    0x0801621e   0x0801621e   0x00000002   PAD
    0x08016220   0x08016220   0x000000cc   Code   RO          472    i.load_text_file_stream  videoplayer.o
    0x080162ec   0x080162ec   0x000000d0   Code   RO         6477    i.load_xdir         ff.o
    0x080163bc   0x080163bc   0x000000e8   Code   RO           13    i.main              main.o
    0x080164a4   0x080164a4   0x000000aa   Code   RO         7956    i.make_funny_pointers  jdmainct.o
    0x0801654e   0x0801654e   0x000001ec   Code   RO         7672    i.master_selection  jdmaster.o
    0x0801673a   0x0801673a   0x00000108   Code   RO         8460    i.median_cut        jquant2.o
    0x08016842   0x08016842   0x00000026   Code   RO         8547    i.merged_1v_upsample  jdmerge.o
    0x08016868   0x08016868   0x00000064   Code   RO         8548    i.merged_2v_upsample  jdmerge.o
    0x080168cc   0x080168cc   0x00000020   Code   RO         6208    i.mf_free           fattester.o
    0x080168ec   0x080168ec   0x00000034   Code   RO         6211    i.mf_init           fattester.o
    0x08016920   0x08016920   0x00000068   Code   RO         6222    i.mf_scan_files     fattester.o
    0x08016988   0x08016988   0x00000034   Code   RO         7136    i.mjpeg_malloc      mjpeg.o
    0x080169bc   0x080169bc   0x000000c4   Code   RO         7137    i.mjpegdec_decode   mjpeg.o
    0x08016a80   0x08016a80   0x00000024   Code   RO         7139    i.mjpegdec_free     mjpeg.o
    0x08016aa4   0x08016aa4   0x0000004c   Code   RO         7140    i.mjpegdec_init     mjpeg.o
    0x08016af0   0x08016af0   0x000003ac   Code   RO         6478    i.mount_volume      ff.o
    0x08016e9c   0x08016e9c   0x00000032   Code   RO         6479    i.move_window       ff.o
    0x08016ece   0x08016ece   0x00000002   PAD
    0x08016ed0   0x08016ed0   0x0000002c   Code   RO         7141    i.my_emit_message   mjpeg.o
    0x08016efc   0x08016efc   0x00000010   Code   RO         7142    i.my_error_exit     mjpeg.o
    0x08016f0c   0x08016f0c   0x0000002c   Code   RO         6054    i.my_mem_init       malloc.o
    0x08016f38   0x08016f38   0x0000008c   Code   RO         6055    i.my_mem_malloc     malloc.o
    0x08016fc4   0x08016fc4   0x0000003c   Code   RO         6056    i.my_mem_perused    malloc.o
    0x08017000   0x08017000   0x0000000c   Code   RO         6057    i.my_mem_set        malloc.o
    0x0801700c   0x0801700c   0x0000005c   Code   RO         6058    i.myfree            malloc.o
    0x08017068   0x08017068   0x00000020   Code   RO         6059    i.mymalloc          malloc.o
    0x08017088   0x08017088   0x0000000c   Code   RO         8749    i.new_color_map_1_quant  jquant1.o
    0x08017094   0x08017094   0x0000000a   Code   RO         8461    i.new_color_map_2_quant  jquant2.o
    0x0801709e   0x0801709e   0x000000a8   Code   RO         7776    i.next_marker       jdmarker.o
    0x08017146   0x08017146   0x00000002   PAD
    0x08017148   0x08017148   0x00000040   Code   RO         5345    i.norflash_erase_sector  norflash.o
    0x08017188   0x08017188   0x00000098   Code   RO         5346    i.norflash_init     norflash.o
    0x08017220   0x08017220   0x00000050   Code   RO         5347    i.norflash_read     norflash.o
    0x08017270   0x08017270   0x00000054   Code   RO         5348    i.norflash_read_id  norflash.o
    0x080172c4   0x080172c4   0x00000048   Code   RO         5349    i.norflash_read_sr  norflash.o
    0x0801730c   0x0801730c   0x00000034   Code   RO         5350    i.norflash_send_address  norflash.o
    0x08017340   0x08017340   0x0000000e   Code   RO         5351    i.norflash_wait_busy  norflash.o
    0x0801734e   0x0801734e   0x00000002   PAD
    0x08017350   0x08017350   0x0000009c   Code   RO         5352    i.norflash_write    norflash.o
    0x080173ec   0x080173ec   0x0000002c   Code   RO         5353    i.norflash_write_enable  norflash.o
    0x08017418   0x08017418   0x0000007c   Code   RO         5354    i.norflash_write_nocheck  norflash.o
    0x08017494   0x08017494   0x0000004c   Code   RO         5355    i.norflash_write_sr  norflash.o
    0x080174e0   0x080174e0   0x00000060   Code   RO         8377    i.null_convert      jdcolor.o
    0x08017540   0x08017540   0x00000010   Code   RO         7422    i.out_of_memory     jmemmgr.o
    0x08017550   0x08017550   0x0000001c   Code   RO         7360    i.output_message    jerror.o
    0x0801756c   0x0801756c   0x0000008e   Code   RO         7570    i.output_pass_setup  jdapistd.o
    0x080175fa   0x080175fa   0x000001da   Code   RO         8462    i.pass2_fs_dither   jquant2.o
    0x080177d4   0x080177d4   0x0000006e   Code   RO         8463    i.pass2_no_dither   jquant2.o
    0x08017842   0x08017842   0x0000010a   Code   RO         7717    i.per_scan_setup    jdinput.o
    0x0801794c   0x0801794c   0x00000074   Code   RO         6480    i.pick_lfn          ff.o
    0x080179c0   0x080179c0   0x00000058   Code   RO         8054    i.post_process_1pass  jdpostct.o
    0x08017a18   0x08017a18   0x00000082   Code   RO         8055    i.post_process_2pass  jdpostct.o
    0x08017a9a   0x08017a9a   0x00000088   Code   RO         8056    i.post_process_prepass  jdpostct.o
    0x08017b22   0x08017b22   0x00000116   Code   RO         7673    i.prepare_for_output_pass  jdmaster.o
    0x08017c38   0x08017c38   0x00000054   Code   RO         8464    i.prescan_quantize  jquant2.o
    0x08017c8c   0x08017c8c   0x000001d8   Code   RO         7957    i.process_data_context_main  jdmainct.o
    0x08017e64   0x08017e64   0x00000016   Code   RO         7958    i.process_data_crank_post  jdmainct.o
    0x08017e7a   0x08017e7a   0x0000004e   Code   RO         7959    i.process_data_simple_main  jdmainct.o
    0x08017ec8   0x08017ec8   0x0000009c   Code   RO         7615    i.process_restart   jdarith.o
    0x08017f64   0x08017f64   0x00000046   Code   RO         7891    i.process_restart   jdhuff.o
    0x08017faa   0x08017faa   0x000000f6   Code   RO         6481    i.put_fat           ff.o
    0x080180a0   0x080180a0   0x0000002e   Code   RO         6482    i.put_utf           ff.o
    0x080180ce   0x080180ce   0x0000009e   Code   RO         8750    i.quantize3_ord_dither  jquant1.o
    0x0801816c   0x0801816c   0x00000124   Code   RO         8751    i.quantize_fs_dither  jquant1.o
    0x08018290   0x08018290   0x0000008e   Code   RO         8752    i.quantize_ord_dither  jquant1.o
    0x0801831e   0x0801831e   0x00000004   Code   RO         5827    i.read_addr         usmart.o
    0x08018322   0x08018322   0x00000002   PAD
    0x08018324   0x08018324   0x0000019c   Code   RO         7777    i.read_markers      jdmarker.o
    0x080184c0   0x080184c0   0x00000066   Code   RO         7778    i.read_restart_marker  jdmarker.o
    0x08018526   0x08018526   0x00000002   PAD
    0x08018528   0x08018528   0x0000011c   Code   RO         7423    i.realize_virt_arrays  jmemmgr.o
    0x08018644   0x08018644   0x0000010c   Code   RO         6486    i.remove_chain      ff.o
    0x08018750   0x08018750   0x0000004e   Code   RO         7424    i.request_virt_barray  jmemmgr.o
    0x0801879e   0x0801879e   0x0000004e   Code   RO         7425    i.request_virt_sarray  jmemmgr.o
    0x080187ec   0x080187ec   0x0000000c   Code   RO         7361    i.reset_error_mgr   jerror.o
    0x080187f8   0x080187f8   0x00000034   Code   RO         7718    i.reset_input_controller  jdinput.o
    0x0801882c   0x0801882c   0x0000001c   Code   RO         7779    i.reset_marker_reader  jdmarker.o
    0x08018848   0x08018848   0x0000007a   Code   RO         8378    i.rgb1_gray_convert  jdcolor.o
    0x080188c2   0x080188c2   0x0000005c   Code   RO         8379    i.rgb1_rgb_convert  jdcolor.o
    0x0801891e   0x0801891e   0x00000054   Code   RO         8380    i.rgb_convert       jdcolor.o
    0x08018972   0x08018972   0x0000006e   Code   RO         8381    i.rgb_gray_convert  jdcolor.o
    0x080189e0   0x080189e0   0x00000048   Code   RO         5277    i.sd_init           sdio_sdcard.o
    0x08018a28   0x08018a28   0x00000034   Code   RO         5278    i.sd_read_disk      sdio_sdcard.o
    0x08018a5c   0x08018a5c   0x00000034   Code   RO         5279    i.sd_write_disk     sdio_sdcard.o
    0x08018a90   0x08018a90   0x00000070   Code   RO         8465    i.select_colors     jquant2.o
    0x08018b00   0x08018b00   0x00000098   Code   RO         8753    i.select_ncolors    jquant1.o
    0x08018b98   0x08018b98   0x0000002a   Code   RO         7426    i.self_destruct     jmemmgr.o
    0x08018bc2   0x08018bc2   0x000000ba   Code   RO         8333    i.sep_upsample      jdsample.o
    0x08018c7c   0x08018c7c   0x0000002a   Code   RO         7143    i.skip_input_data   mjpeg.o
    0x08018ca6   0x08018ca6   0x00000074   Code   RO         7781    i.skip_variable     jdmarker.o
    0x08018d1a   0x08018d1a   0x00000092   Code   RO         8002    i.smoothing_ok      jdcoefct.o
    0x08018dac   0x08018dac   0x00000068   Code   RO         5439    i.spi1_init         spi.o
    0x08018e14   0x08018e14   0x00000020   Code   RO         5440    i.spi1_read_write_byte  spi.o
    0x08018e34   0x08018e34   0x00000034   Code   RO         5441    i.spi1_set_speed    spi.o
    0x08018e68   0x08018e68   0x00000164   Code   RO         5483    i.sram_init         sram.o
    0x08018fcc   0x08018fcc   0x00000028   Code   RO         6487    i.st_clust          ff.o
    0x08018ff4   0x08018ff4   0x00000010   Code   RO         6488    i.st_dword          ff.o
    0x08019004   0x08019004   0x0000004a   Code   RO         6489    i.st_qword          ff.o
    0x0801904e   0x0801904e   0x00000008   Code   RO         6490    i.st_word           ff.o
    0x08019056   0x08019056   0x00000030   Code   RO         8003    i.start_iMCU_row    jdcoefct.o
    0x08019086   0x08019086   0x0000008c   Code   RO         7719    i.start_input_pass  jdinput.o
    0x08019112   0x08019112   0x00000008   Code   RO         8004    i.start_input_pass  jdcoefct.o
    0x0801911a   0x0801911a   0x00000002   PAD
    0x0801911c   0x0801911c   0x00000030   Code   RO         8005    i.start_output_pass  jdcoefct.o
    0x0801914c   0x0801914c   0x0000025c   Code   RO         7616    i.start_pass        jdarith.o
    0x080193a8   0x080193a8   0x00000398   Code   RO         8086    i.start_pass        jddctmgr.o
    0x08019740   0x08019740   0x000000b8   Code   RO         8754    i.start_pass_1_quant  jquant1.o
    0x080197f8   0x080197f8   0x000000e4   Code   RO         8466    i.start_pass_2_quant  jquant2.o
    0x080198dc   0x080198dc   0x00000002   Code   RO         8382    i.start_pass_dcolor  jdcolor.o
    0x080198de   0x080198de   0x00000002   PAD
    0x080198e0   0x080198e0   0x00000084   Code   RO         8057    i.start_pass_dpost  jdpostct.o
    0x08019964   0x08019964   0x000003f4   Code   RO         7892    i.start_pass_huff_decoder  jdhuff.o
    0x08019d58   0x08019d58   0x00000058   Code   RO         7960    i.start_pass_main   jdmainct.o
    0x08019db0   0x08019db0   0x00000010   Code   RO         8549    i.start_pass_merged_upsample  jdmerge.o
    0x08019dc0   0x08019dc0   0x00000010   Code   RO         8334    i.start_pass_upsample  jdsample.o
    0x08019dd0   0x08019dd0   0x0000006a   Code   RO         6491    i.store_xdir        ff.o
    0x08019e3a   0x08019e3a   0x0000001a   Code   RO         6492    i.sum_sfn           ff.o
    0x08019e54   0x08019e54   0x00000084   Code   RO         6493    i.sync_fs           ff.o
    0x08019ed8   0x08019ed8   0x00000046   Code   RO         6494    i.sync_window       ff.o
    0x08019f1e   0x08019f1e   0x00000002   PAD
    0x08019f20   0x08019f20   0x000000b0   Code   RO          845    i.sys_stm32_clock_init  sys.o
    0x08019fd0   0x08019fd0   0x0000004e   Code   RO         6495    i.tchar2uni         ff.o
    0x0801a01e   0x0801a01e   0x00000002   Code   RO         7144    i.term_source       mjpeg.o
    0x0801a020   0x0801a020   0x0000008c   Code   RO         6934    i.text_get_hz_mat   text.o
    0x0801a0ac   0x0801a0ac   0x000000b4   Code   RO         6935    i.text_show_font    text.o
    0x0801a160   0x0801a160   0x000000b6   Code   RO         6936    i.text_show_string  text.o
    0x0801a216   0x0801a216   0x0000023c   Code   RO         8467    i.update_box        jquant2.o
    0x0801a452   0x0801a452   0x00000002   PAD
    0x0801a454   0x0801a454   0x00000038   Code   RO          919    i.usart_init        usart.o
    0x0801a48c   0x0801a48c   0x00000096   Code   RO         7674    i.use_merged_upsample  jdmaster.o
    0x0801a522   0x0801a522   0x00000002   PAD
    0x0801a524   0x0801a524   0x00000094   Code   RO         5828    i.usmart_cmd_rec    usmart.o
    0x0801a5b8   0x0801a5b8   0x00000260   Code   RO         5829    i.usmart_exe        usmart.o
    0x0801a818   0x0801a818   0x000000a4   Code   RO         5974    i.usmart_get_aparm  usmart_str.o
    0x0801a8bc   0x0801a8bc   0x0000002e   Code   RO         5975    i.usmart_get_cmdname  usmart_str.o
    0x0801a8ea   0x0801a8ea   0x00000002   PAD
    0x0801a8ec   0x0801a8ec   0x00000168   Code   RO         5976    i.usmart_get_fname  usmart_str.o
    0x0801aa54   0x0801aa54   0x000000d0   Code   RO         5977    i.usmart_get_fparam  usmart_str.o
    0x0801ab24   0x0801ab24   0x00000020   Code   RO         5924    i.usmart_get_input_string  usmart_port.o
    0x0801ab44   0x0801ab44   0x00000024   Code   RO         5978    i.usmart_get_parmpos  usmart_str.o
    0x0801ab68   0x0801ab68   0x00000028   Code   RO         5830    i.usmart_init       usmart.o
    0x0801ab90   0x0801ab90   0x00000010   Code   RO         5979    i.usmart_pow        usmart_str.o
    0x0801aba0   0x0801aba0   0x00000090   Code   RO         5831    i.usmart_scan       usmart.o
    0x0801ac30   0x0801ac30   0x00000010   Code   RO         5980    i.usmart_search_nextc  usmart_str.o
    0x0801ac40   0x0801ac40   0x000000d6   Code   RO         5981    i.usmart_str2num    usmart_str.o
    0x0801ad16   0x0801ad16   0x00000018   Code   RO         5982    i.usmart_strcmp     usmart_str.o
    0x0801ad2e   0x0801ad2e   0x00000012   Code   RO         5983    i.usmart_strcopy    usmart_str.o
    0x0801ad40   0x0801ad40   0x00000012   Code   RO         5984    i.usmart_strlen     usmart_str.o
    0x0801ad52   0x0801ad52   0x00000002   PAD
    0x0801ad54   0x0801ad54   0x00000680   Code   RO         5832    i.usmart_sys_cmd_exe  usmart.o
    0x0801b3d4   0x0801b3d4   0x00000030   Code   RO         5925    i.usmart_timx_get_time  usmart_port.o
    0x0801b404   0x0801b404   0x00000050   Code   RO         5926    i.usmart_timx_init  usmart_port.o
    0x0801b454   0x0801b454   0x00000028   Code   RO         5927    i.usmart_timx_reset_time  usmart_port.o
    0x0801b47c   0x0801b47c   0x00000034   Code   RO         6496    i.validate          ff.o
    0x0801b4b0   0x0801b4b0   0x00000054   Code   RO          474    i.video_get_tnum    videoplayer.o
    0x0801b504   0x0801b504   0x000001f4   Code   RO          476    i.video_play        videoplayer.o
    0x0801b6f8   0x0801b6f8   0x00000340   Code   RO          477    i.video_play_mjpeg  videoplayer.o
    0x0801ba38   0x0801ba38   0x00000004   Code   RO         5833    i.write_addr        usmart.o
    0x0801ba3c   0x0801ba3c   0x00000034   Code   RO         6497    i.xdir_sum          ff.o
    0x0801ba70   0x0801ba70   0x0000003e   Code   RO         6498    i.xname_sum         ff.o
    0x0801baae   0x0801baae   0x000000a0   Code   RO         8383    i.ycc_rgb_convert   jdcolor.o
    0x0801bb4e   0x0801bb4e   0x000000b6   Code   RO         8384    i.ycck_cmyk_convert  jdcolor.o
    0x0801bc04   0x0801bc04   0x0000002c   Code   RO         9044    locale$$code        c_w.l(lc_ctype_c.o)
    0x0801bc30   0x0801bc30   0x00000062   Code   RO         8952    x$fpl$d2f           fz_wm.l(d2f.o)
    0x0801bc92   0x0801bc92   0x00000002   PAD
    0x0801bc94   0x0801bc94   0x0000005a   Code   RO         8954    x$fpl$dfixu         fz_wm.l(dfixu.o)
    0x0801bcee   0x0801bcee   0x00000026   Code   RO         8958    x$fpl$dfltu         fz_wm.l(dflt_clz.o)
    0x0801bd14   0x0801bd14   0x00000154   Code   RO         8964    x$fpl$dmul          fz_wm.l(dmul.o)
    0x0801be68   0x0801be68   0x0000009c   Code   RO         9000    x$fpl$dnaninf       fz_wm.l(dnaninf.o)
    0x0801bf04   0x0801bf04   0x0000000c   Code   RO         9002    x$fpl$dretinf       fz_wm.l(dretinf.o)
    0x0801bf10   0x0801bf10   0x0000000a   Code   RO         9127    x$fpl$fpinit        fz_wm.l(fpinit.o)
    0x0801bf1a   0x0801bf1a   0x0000000a   Code   RO         9004    x$fpl$fretinf       fz_wm.l(fretinf.o)
    0x0801bf24   0x0801bf24   0x00000000   Code   RO         9006    x$fpl$usenofp       fz_wm.l(usenofp.o)
    0x0801bf24   0x0801bf24   0x00000010   Data   RO          433    .constdata          system_stm32f4xx.o
    0x0801bf34   0x0801bf34   0x00000008   Data   RO          434    .constdata          system_stm32f4xx.o
    0x0801bf3c   0x0801bf3c   0x00000008   Data   RO         3595    .constdata          stm32f4xx_hal_dma.o
    0x0801bf44   0x0801bf44   0x00002f80   Data   RO         5028    .constdata          lcd.o
    0x0801eec4   0x0801eec4   0x0000006e   Data   RO         5704    .constdata          i2s.o
    0x0801ef32   0x0801ef32   0x00000002   PAD
    0x0801ef34   0x0801ef34   0x00000024   Data   RO         6067    .constdata          malloc.o
    0x0801ef58   0x0801ef58   0x000000c4   Data   RO         6138    .constdata          exfuns.o
    0x0801f01c   0x0801f01c   0x0000004c   Data   RO         6500    .constdata          ff.o
    0x0801f068   0x0801f068   0x000002ae   Data   RO         6900    .constdata          myffunicode.o
    0x0801f316   0x0801f316   0x00000002   PAD
    0x0801f318   0x0801f318   0x00000010   Data   RO         7093    .constdata          avi.o
    0x0801f328   0x0801f328   0x000001c8   Data   RO         7238    .constdata          jaricom.o
    0x0801f4f0   0x0801f4f0   0x000001a0   Data   RO         7271    .constdata          jcomapi.o
    0x0801f690   0x0801f690   0x00000140   Data   RO         7314    .constdata          jutils.o
    0x0801f7d0   0x0801f7d0   0x00000104   Data   RO         7315    .constdata          jutils.o
    0x0801f8d4   0x0801f8d4   0x000000d0   Data   RO         7316    .constdata          jutils.o
    0x0801f9a4   0x0801f9a4   0x000000a4   Data   RO         7317    .constdata          jutils.o
    0x0801fa48   0x0801fa48   0x00000080   Data   RO         7318    .constdata          jutils.o
    0x0801fac8   0x0801fac8   0x00000064   Data   RO         7319    .constdata          jutils.o
    0x0801fb2c   0x0801fb2c   0x00000050   Data   RO         7320    .constdata          jutils.o
    0x0801fb7c   0x0801fb7c   0x00000200   Data   RO         7362    .constdata          jerror.o
    0x0801fd7c   0x0801fd7c   0x00000010   Data   RO         7427    .constdata          jmemmgr.o
    0x0801fd8c   0x0801fd8c   0x0000036c   Data   RO         7893    .constdata          jdhuff.o
    0x080200f8   0x080200f8   0x000000c0   Data   RO         8087    .constdata          jddctmgr.o
    0x080201b8   0x080201b8   0x0000010c   Data   RO         8755    .constdata          jquant1.o
    0x080202c4   0x080202c4   0x00000008   Data   RO         8855    .constdata          c_w.l(_printf_wctomb.o)
    0x080202cc   0x080202cc   0x00000028   Data   RO         8878    .constdata          c_w.l(_printf_hex_int_ptr.o)
    0x080202f4   0x080202f4   0x00000011   Data   RO         8904    .constdata          c_w.l(__printf_flags_ss_wp.o)
    0x08020305   0x08020305   0x00000003   PAD
    0x08020308   0x08020308   0x00000028   Data   RO         5834    .conststring        usmart.o
    0x08020330   0x08020330   0x0000029c   Data   RO         5894    .conststring        usmart_config.o
    0x080205cc   0x080205cc   0x00000054   Data   RO         6139    .conststring        exfuns.o
    0x08020620   0x08020620   0x0000001d   Data   RO         7094    .conststring        avi.o
    0x0802063d   0x0802063d   0x00000003   PAD
    0x08020640   0x08020640   0x00001311   Data   RO         7363    .conststring        jerror.o
    0x08021951   0x08021951   0x00000003   PAD
    0x08021954   0x08021954   0x00000020   Data   RO         9178    Region$$Table       anon$$obj.o
    0x08021974   0x08021974   0x00000110   Data   RO         9043    locale$$data        c_w.l(lc_ctype_c.o)


    Execution Region RW_IRAM1 (Exec base: 0x20000000, Load base: 0x08021a84, Size: 0x0001d630, Max: 0x00020000, ABSOLUTE, COMPRESSED[0x000000c4])

    Exec Addr    Load Addr    Size         Type   Attr      Idx    E Section Name        Object

    0x20000000   COMPRESSED   0x00000004   Data   RW          435    .data               system_stm32f4xx.o
    0x20000004   COMPRESSED   0x00000008   Data   RW          482    .data               videoplayer.o
    0x2000000c   COMPRESSED   0x00000004   Data   RW          799    .data               delay.o
    0x20000010   COMPRESSED   0x00000004   Data   RW          921    .data               usart.o
    0x20000014   COMPRESSED   0x00000004   Data   RW          922    .data               usart.o
    0x20000018   COMPRESSED   0x0000000c   Data   RW         1017    .data               stm32f4xx_hal.o
    0x20000024   COMPRESSED   0x00000004   Data   RW         5030    .data               lcd.o
    0x20000028   COMPRESSED   0x00000002   Data   RW         5357    .data               norflash.o
    0x2000002a   COMPRESSED   0x00000002   PAD
    0x2000002c   COMPRESSED   0x00000004   Data   RW         5705    .data               i2s.o
    0x20000030   COMPRESSED   0x00000004   Data   RW         5776    .data               btim.o
    0x20000034   COMPRESSED   0x0000001c   Data   RW         5835    .data               usmart.o
    0x20000050   COMPRESSED   0x00000080   Data   RW         5895    .data               usmart_config.o
    0x200000d0   COMPRESSED   0x000000f4   Data   RW         5896    .data               usmart_config.o
    0x200001c4   COMPRESSED   0x00000024   Data   RW         6068    .data               malloc.o
    0x200001e8   COMPRESSED   0x00000008   Data   RW         6140    .data               exfuns.o
    0x200001f0   COMPRESSED   0x0000000c   Data   RW         6502    .data               ff.o
    0x200001fc   COMPRESSED   0x00000020   Data   RW         7145    .data               mjpeg.o
    0x2000021c   COMPRESSED   0x00000004   PAD
    0x20000220        -       0x00000c78   Zero   RW          480    .bss                videoplayer.o
    0x20000e98        -       0x0000010c   Zero   RW          920    .bss                usart.o
    0x20000fa4        -       0x0000005e   Zero   RW         5027    .bss                lcd.o
    0x20001002   COMPRESSED   0x00000002   PAD
    0x20001004        -       0x000000a4   Zero   RW         5280    .bss                sdio_sdcard.o
    0x200010a8        -       0x00001000   Zero   RW         5356    .bss                norflash.o
    0x200020a8        -       0x00000058   Zero   RW         5442    .bss                spi.o
    0x20002100        -       0x00000050   Zero   RW         5488    .bss                sram.o
    0x20002150        -       0x000000a8   Zero   RW         5703    .bss                i2s.o
    0x200021f8        -       0x00000090   Zero   RW         5775    .bss                btim.o
    0x20002288        -       0x00000048   Zero   RW         5928    .bss                usmart_port.o
    0x200022d0   COMPRESSED   0x00000030   PAD
    0x20002300        -       0x00019000   Zero   RW         6065    .bss                malloc.o
    0x2001b300        -       0x00001900   Zero   RW         6066    .bss                malloc.o
    0x2001cc00        -       0x00000180   Zero   RW         6229    .bss                fattester.o
    0x2001cd80        -       0x00000021   Zero   RW         6982    .bss                fonts.o
    0x2001cda1        -       0x00000028   Zero   RW         7092    .bss                avi.o
    0x2001cdc9   COMPRESSED   0x00000003   PAD
    0x2001cdcc        -       0x00000060   Zero   RW         9059    .bss                c_w.l(libspace.o)
    0x2001ce2c   COMPRESSED   0x00000004   PAD
    0x2001ce30        -       0x00000000   Zero   RW            2    HEAP                startup_stm32f407xx.o
    0x2001ce30        -       0x00000800   Zero   RW            1    STACK               startup_stm32f407xx.o



  Load Region LR$$.ARM.__AT_0x10000000 (Base: 0x10000000, Size: 0x00000000, Max: 0x0000f000, ABSOLUTE)

    Execution Region ER$$.ARM.__AT_0x10000000 (Exec base: 0x10000000, Load base: 0x10000000, Size: 0x0000f000, Max: 0x0000f000, ABSOLUTE, UNINIT)

    Exec Addr    Load Addr    Size         Type   Attr      Idx    E Section Name        Object

    0x10000000        -       0x0000f000   Zero   RW         6061    .ARM.__AT_0x10000000  malloc.o



  Load Region LR$$.ARM.__AT_0x1000F000 (Base: 0x1000f000, Size: 0x00000000, Max: 0x00000f00, ABSOLUTE)

    Execution Region ER$$.ARM.__AT_0x1000F000 (Exec base: 0x1000f000, Load base: 0x1000f000, Size: 0x00000f00, Max: 0x00000f00, ABSOLUTE, UNINIT)

    Exec Addr    Load Addr    Size         Type   Attr      Idx    E Section Name        Object

    0x1000f000        -       0x00000f00   Zero   RW         6062    .ARM.__AT_0x1000F000  malloc.o



  Load Region LR$$.ARM.__AT_0x68000000 (Base: 0x68000000, Size: 0x00000000, Max: 0x000f0c00, ABSOLUTE)

    Execution Region ER$$.ARM.__AT_0x68000000 (Exec base: 0x68000000, Load base: 0x68000000, Size: 0x000f0c00, Max: 0x000f0c00, ABSOLUTE, UNINIT)

    Exec Addr    Load Addr    Size         Type   Attr      Idx    E Section Name        Object

    0x68000000        -       0x000f0c00   Zero   RW         6063    .ARM.__AT_0x68000000  malloc.o



  Load Region LR$$.ARM.__AT_0x680F0C00 (Base: 0x680f0c00, Size: 0x00000000, Max: 0x0000f0c0, ABSOLUTE)

    Execution Region ER$$.ARM.__AT_0x680F0C00 (Exec base: 0x680f0c00, Load base: 0x680f0c00, Size: 0x0000f0c0, Max: 0x0000f0c0, ABSOLUTE, UNINIT)

    Exec Addr    Load Addr    Size         Type   Attr      Idx    E Section Name        Object

    0x680f0c00        -       0x0000f0c0   Zero   RW         6064    .ARM.__AT_0x680F0C00  malloc.o


==============================================================================

Image component sizes


      Code (inc. data)   RO Data    RW Data    ZI Data      Debug   Object Name

       666         66         45          0         40       6793   avi.o
       228         48          0          4        144       3626   btim.o
        80         10          0          4          0       2807   delay.o
       288          6          0          0          0       5146   diskio.o
       548          0          0          0          0       7200   es8388.o
       206          8        280          8          0       3160   exfuns.o
       188         36          0          0        384       3152   fattester.o
     10106        100         76         12          0      81437   ff.o
        20          0          0          0          0       1597   ffsystem.o
        60          6          0          0         33       2170   fonts.o
       772         88        110          4        168       5431   i2s.o
         0          0        456          0          0       2766   jaricom.o
       314          4        416          0          0      18028   jcomapi.o
       904         20          0          0          0       5807   jdapimin.o
       388          0          0          0          0       2442   jdapistd.o
      2648         36          0          0          0      12814   jdarith.o
      2378         32          0          0          0      16730   jdcoefct.o
      2022         86          0          0          0      15138   jdcolor.o
      1012        154        192          0          0       4360   jddctmgr.o
      5050         86        876          0          0      23669   jdhuff.o
      2060         54          0          0          0       7075   jdinput.o
      1124         18          0          0          0       7602   jdmainct.o
      5472        120          0          0          0      21927   jdmarker.o
      1362         10          0          0          0       5688   jdmaster.o
      1302         46          0          0          0       7573   jdmerge.o
       598         20          0          0          0       4518   jdpostct.o
       720         24          0          0          0       6930   jdsample.o
       320         30       5393          0          0      15358   jerror.o
       836         20          0          0          0       2306   jidctflt.o
       712          0          0          0          0       2786   jidctfst.o
     21440        396          0          0          0      50616   jidctint.o
      2304         92         16          0          0      31176   jmemmgr.o
        48          0          0          0          0      21566   jmemnobs.o
      1880         42        268          0          0      15772   jquant1.o
      3066         28          0          0          0      20444   jquant2.o
        72          0       1260          0          0      16957   jutils.o
       160         14          0          0          0       1059   key.o
     13188        132      12160          4         94      26654   lcd.o
       108          8          0          0          0        951   led.o
       232         28          0          0          0     748539   main.o
       380         40         36         36    1221824       6387   malloc.o
       630        106          0         32          0      19950   mjpeg.o
       360         28        686          0          0       3488   myffunicode.o
       688         42          0          0          0       5738   myiic.o
       918         60          0          2       4096       8520   norflash.o
       428         42          0          0        164       4423   sdio_sdcard.o
       320         36          0          0         88       3031   spi.o
       356         30          0          0         80       1736   sram.o
        76         28        392          0       2048        992   startup_stm32f407xx.o
       150         28          0         12          0       9910   stm32f4xx_hal.o
       198         14          0          0          0      33999   stm32f4xx_hal_cortex.o
       612         12          8          0          0       5287   stm32f4xx_hal_dma.o
       130          0          0          0          0       2189   stm32f4xx_hal_dma_ex.o
       496         44          0          0          0       3656   stm32f4xx_hal_gpio.o
       620         16          0          0          0       4445   stm32f4xx_hal_i2s.o
       694         24          0          0          0       3823   stm32f4xx_hal_i2s_ex.o
      1324         72          0          0          0       5448   stm32f4xx_hal_rcc.o
       408         38          0          0          0       2385   stm32f4xx_hal_rcc_ex.o
      2472         32          0          0          0      12984   stm32f4xx_hal_sd.o
      1100         12          0          0          0       5185   stm32f4xx_hal_spi.o
        86          0          0          0          0       1244   stm32f4xx_hal_sram.o
       784         72          0          0          0       7085   stm32f4xx_hal_tim.o
         4          0          0          0          0       1685   stm32f4xx_hal_tim_ex.o
      1234         16          0          0          0       9092   stm32f4xx_hal_uart.o
        20          0          0          0          0       4210   stm32f4xx_it.o
       216         12          0          0          0       2751   stm32f4xx_ll_fsmc.o
      1638         48          0          0          0      23287   stm32f4xx_ll_sdmmc.o
       176         14          0          0          0       1311   sys.o
        16          4         24          4          0       1375   system_stm32f4xx.o
       502          8          0          0          0       3848   text.o
       338         52          0          8        268       5673   usart.o
      2612       1308         40         28          0       6210   usmart.o
         0          0        668        372          0       1584   usmart_config.o
       252         46          0          0         72       3562   usmart_port.o
      1120         20          0          0          0      10039   usmart_str.o
      2016        284          0          8       3192       9203   videoplayer.o

    ----------------------------------------------------------------------
    108358       4456      23444        540    1232752    1475505   Object Totals
         0          0         32          0          0          0   (incl. Generated)
       102          0         10          2         57          0   (incl. Padding)

    ----------------------------------------------------------------------

      Code (inc. data)   RO Data    RW Data    ZI Data      Debug   Library Member Name

        60          8          0          0          0         84   __0sscanf.o
        90          0          0          0          0          0   __dczerorl2.o
         8          0          0          0          0         68   __main.o
       392          4         17          0          0         92   __printf_flags_ss_wp.o
        14          0          0          0          0         68   __printf_wp.o
         0          0          0          0          0          0   __rtentry.o
        12          0          0          0          0          0   __rtentry2.o
         6          0          0          0          0          0   __rtentry4.o
        52          8          0          0          0          0   __scatter.o
        28          0          0          0          0          0   __scatter_zi.o
        28          0          0          0          0         68   _chval.o
         6          0          0          0          0          0   _printf_c.o
        44          0          0          0          0        108   _printf_char.o
        48          6          0          0          0         96   _printf_char_common.o
        36          4          0          0          0         80   _printf_char_file.o
        40          0          0          0          0         68   _printf_charcount.o
         6          0          0          0          0          0   _printf_d.o
       120         16          0          0          0         92   _printf_dec.o
       124          4         40          0          0        144   _printf_hex_int_ptr.o
         6          0          0          0          0          0   _printf_i.o
       178          0          0          0          0         88   _printf_intcommon.o
        10          0          0          0          0          0   _printf_l.o
         6          0          0          0          0          0   _printf_lc.o
         6          0          0          0          0          0   _printf_n.o
         6          0          0          0          0          0   _printf_o.o
        80          8          0          0          0         88   _printf_oct_int.o
         6          0          0          0          0          0   _printf_p.o
        78          0          0          0          0        108   _printf_pad.o
         0          0          0          0          0          0   _printf_percent.o
         4          0          0          0          0          0   _printf_percent_end.o
         6          0          0          0          0          0   _printf_s.o
        82          0          0          0          0         80   _printf_str.o
        36          0          0          0          0         84   _printf_truncate.o
         6          0          0          0          0          0   _printf_u.o
        44          0          0          0          0        108   _printf_wchar.o
       188          6          8          0          0         92   _printf_wctomb.o
         6          0          0          0          0          0   _printf_x.o
       884          4          0          0          0        100   _scanf.o
       332          0          0          0          0         96   _scanf_int.o
       224          0          0          0          0         96   _scanf_str.o
        64          0          0          0          0         84   _sgetc.o
        10          0          0          0          0         68   _sputc.o
        64          0          0          0          0         92   _wcrtomb.o
        16          0          0          0          0         68   aeabi_memset.o
        18          0          0          0          0         80   exit.o
         8          0          0          0          0         68   ferror.o
         6          0          0          0          0        152   heapauxi.o
        18          0          0          0          0         76   isspace.o
        44         10        272          0          0         76   lc_ctype_c.o
         2          0          0          0          0          0   libinit.o
        24          0          0          0          0          0   libinit2.o
         2          0          0          0          0          0   libshutdown.o
         2          0          0          0          0          0   libshutdown2.o
         8          4          0          0         96         68   libspace.o
       238          0          0          0          0        100   lludivv7m.o
        88          0          0          0          0         76   memcmp.o
        24          4          0          0          0         84   noretval__2printf.o
        40          6          0          0          0         84   noretval__2sprintf.o
        16          4          0          0          0         76   rt_ctype_table.o
         8          4          0          0          0         68   rt_locale_intlibspace.o
        68          0          0          0          0         68   rt_memclr.o
        78          0          0          0          0         80   rt_memclr_w.o
       138          0          0          0          0         68   rt_memcpy_v6.o
       100          0          0          0          0         80   rt_memcpy_w.o
         2          0          0          0          0          0   rtexit.o
        10          0          0          0          0          0   rtexit2.o
        44          8          0          0          0         84   scanf_char.o
        24          0          0          0          0         68   strcat.o
        20          0          0          0          0         68   strchr.o
       128          0          0          0          0         68   strcmpv7m.o
        72          0          0          0          0         80   strcpy.o
        86          0          0          0          0         76   strncpy.o
        74          0          0          0          0         80   sys_stackheap_outer.o
         2          0          0          0          0         68   use_no_semi.o
         2          0          0          0          0         68   use_no_semi_2.o
        98          4          0          0          0        140   d2f.o
        90          4          0          0          0        140   dfixu.o
        38          0          0          0          0        116   dflt_clz.o
       340         12          0          0          0        152   dmul.o
       156          4          0          0          0        140   dnaninf.o
        12          0          0          0          0        116   dretinf.o
        10          0          0          0          0        116   fpinit.o
        10          0          0          0          0        116   fretinf.o
        98          0          0          0          0        144   setjmp.o
         0          0          0          0          0          0   usenofp.o

    ----------------------------------------------------------------------
      5718        132        340          0        100       5364   Library Totals
        16          0          3          0          4          0   (incl. Padding)

    ----------------------------------------------------------------------

      Code (inc. data)   RO Data    RW Data    ZI Data      Debug   Library Name

      4850        108        337          0         96       4184   c_w.l
       852         24          0          0          0       1180   fz_wm.l

    ----------------------------------------------------------------------
      5718        132        340          0        100       5364   Library Totals

    ----------------------------------------------------------------------

==============================================================================


      Code (inc. data)   RO Data    RW Data    ZI Data      Debug   

    114076       4588      23784        540    1232852    1422377   Grand Totals
    114076       4588      23784        196    1232852    1422377   ELF Image Totals (compressed)
    114076       4588      23784        196          0          0   ROM Totals

==============================================================================

    Total RO  Size (Code + RO Data)               137860 ( 134.63kB)
    Total RW  Size (RW Data + ZI Data)           1233392 (1204.48kB)
    Total ROM Size (Code + RO Data + RW Data)     138056 ( 134.82kB)

==============================================================================

