<html>
<body>
<pre>
<h1>�Vision Build Log</h1>
<h2>Tool Versions:</h2>
IDE-Version: µVision V5.40.0.0
Copyright (C) 2024 ARM Ltd and ARM Germany GmbH. All rights reserved.
License Information: RG thx, RG, LIC=585FJ-URUZ8-56FQ2-9VCJ3-VIYF5-2R5T4
 
Tool Versions:
Toolchain:       MDK-ARM Plus  Version: 5.40.0.3
Toolchain Path:  D:\armkeil\cores\ARM\ARMCC\Bin
C Compiler:      Armcc.exe V5.06 update 7 (build 960)
Assembler:       Armasm.exe V5.06 update 7 (build 960)
Linker/Locator:  ArmLink.exe V5.06 update 7 (build 960)
Library Manager: ArmAr.exe V5.06 update 7 (build 960)
Hex Converter:   FromElf.exe V5.06 update 7 (build 960)
CPU DLL:         SARMCM3.DLL V5.40.0.3
Dialog DLL:      DCM.DLL V1.17.5.0
Target DLL:      STLink\ST-LINKIII-KEIL_SWO.dll V3.3.0.0
Dialog DLL:      TCM.DLL V1.56.4.0
 
<h2>Project:</h2>
D:\Mycodes\stm32\xilian_stm32f407\Projects\MDK-ARM\atk_f407.uvprojx
Project File Date:  11/11/2025

<h2>Output:</h2>
*** Using Compiler 'V5.06 update 7 (build 960)', folder: 'D:\armkeil\cores\ARM\ARMCC\Bin'
Rebuild target 'VIDEO'
assembling startup_stm32f407xx.s...
compiling stm32f4xx_it.c...
compiling stm32f4xx_hal_cortex.c...
compiling sys.c...
compiling usart.c...
compiling stm32f4xx_hal.c...
compiling system_stm32f4xx.c...
compiling audioplay.c...
compiling stm32f4xx_hal_rcc_ex.c...
compiling delay.c...
compiling main.c...
compiling stm32f4xx_hal_gpio.c...
compiling stm32f4xx_hal_rcc.c...
compiling videoplayer.c...
..\..\User\APP\videoplayer.c(153): warning:  #9-D: nested comment is not allowed
      static uint32_t oldsec; /* ��һ��������ʱ�� 
..\..\User\APP\videoplayer.c(157): warning:  #9-D: nested comment is not allowed
      uint32_t totsec = 0;    /* video������ʱ�� 
..\..\User\APP\videoplayer.c(158): warning:  #9-D: nested comment is not allowed
      uint32_t cursec;        /* ��ǰ����ʱ�� 
..\..\User\APP\videoplayer.c(160): warning:  #9-D: nested comment is not allowed
      totsec = (aviinfo->SecPerFrame / 1000) * aviinfo->TotalFrame;   /* ����������(��λ:ms) 
..\..\User\APP\videoplayer.c(161): warning:  #9-D: nested comment is not allowed
      totsec /= 1000;         /* ������. 
..\..\User\APP\videoplayer.c(162): warning:  #9-D: nested comment is not allowed
      cursec = ((double)favi->fptr / favi->obj.objsize) * totsec;     /* ��ȡ��ǰ������������ 
..\..\User\APP\videoplayer.c(164): warning:  #9-D: nested comment is not allowed
      if (oldsec != cursec)   /* ��Ҫ������ʾʱ�� 
..\..\User\APP\videoplayer.c(166): warning:  #9-D: nested comment is not allowed
          buf = mymalloc(SRAMIN, 100); /* ����100�������� 
..\..\User\APP\videoplayer.c(170): warning:  #9-D: nested comment is not allowed
          text_show_string(10, 90, lcddev.width - 10, 16, (char *)buf, 16, 0, RED);   /* ��ʾ�������� 
..\..\User\APP\videoplayer.c(213): warning:  #9-D: nested comment is not allowed
      buf = mymalloc(SRAMIN, 100);    /* ����100�������� 
..\..\User\APP\videoplayer.c(216): warning:  #9-D: nested comment is not allowed
      text_show_string(10, 10, lcddev.width - 10, 16, (char *)buf, 16, 0, RED);   /* ��ʾ������ 
..\..\User\APP\videoplayer.c(219): warning:  #9-D: nested comment is not allowed
      text_show_string(10, 30, lcddev.width - 10, 16, (char *)buf, 16, 0, RED);   /* ��ʾ���� 
..\..\User\APP\videoplayer.c(328): warning:  #111-D: statement is unreachable
      myfree(SRAMIN, vfileinfo);      /* �������� */
..\..\User\APP\videoplayer.c(831): warning:  #1-D: last line of file ends without a newline
  }
..\..\User\APP\videoplayer.c(49): warning:  #177-D: variable "last_scroll_time"  was declared but never referenced
  static uint32_t last_scroll_time = 0;
..\..\User\APP\videoplayer.c: 15 warnings, 0 errors
compiling stm32f4xx_hal_usart.c...
compiling stm32f4xx_hal_pwr.c...
compiling stm32f4xx_hal_pwr_ex.c...
compiling stm32f4xx_ll_spi.c...
compiling stm32f4xx_hal_uart.c...
compiling stm32f4xx_hal_sram.c...
compiling stm32f4xx_hal_flash.c...
compiling stm32f4xx_hal_flash_ex.c...
compiling stm32f4xx_ll_fsmc.c...
compiling stm32f4xx_hal_dma_ex.c...
compiling stm32f4xx_hal_dma.c...
compiling stm32f4xx_hal_tim_ex.c...
compiling stm32f4xx_ll_sdmmc.c...
compiling stm32f4xx_hal_tim.c...
compiling stm32f4xx_hal_sd.c...
compiling stm32f4xx_hal_spi.c...
compiling stm32f4xx_hal_i2s_ex.c...
compiling stm32f4xx_hal_i2s.c...
compiling key.c...
compiling led.c...
compiling sdio_sdcard.c...
compiling spi.c...
compiling norflash.c...
compiling sram.c...
compiling es8388.c...
compiling myiic.c...
compiling lcd.c...
compiling i2s.c...
compiling btim.c...
compiling usmart_config.c...
compiling usmart_port.c...
compiling usmart.c...
compiling malloc.c...
compiling diskio.c...
compiling usmart_str.c...
compiling fattester.c...
compiling exfuns.c...
compiling myffunicode.c...
compiling ffsystem.c...
compiling jaricom.c...
compiling text.c...
compiling jcomapi.c...
compiling jutils.c...
compiling fonts.c...
compiling jerror.c...
compiling wavplay.c...
compiling jmemmgr.c...
compiling avi.c...
compiling mjpeg.c...
..\..\Middlewares\MJPEG\mjpeg.c(409): warning:  #1-D: last line of file ends without a newline
  }
..\..\Middlewares\MJPEG\mjpeg.c: 1 warning, 0 errors
compiling ff.c...
compiling jdapimin.c...
compiling jdapistd.c...
compiling jdmaster.c...
compiling jdarith.c...
compiling jdinput.c...
compiling jdmainct.c...
compiling jdpostct.c...
compiling jdcoefct.c...
compiling jddctmgr.c...
compiling jidctfst.c...
compiling jdhuff.c...
compiling jdmarker.c...
compiling jidctflt.c...
compiling jdsample.c...
compiling jdcolor.c...
compiling wrppm.c...
compiling jquant2.c...
compiling jquant1.c...
compiling jmemnobs.c...
compiling jdmerge.c...
compiling jidctint.c...
linking...
Program Size: Code=114444 RO-data=23784 RW-data=540 ZI-data=1231060  
FromELF: creating hex file...
"..\..\Output\atk_f407.axf" - 0 Error(s), 16 Warning(s).

<h2>Software Packages used:</h2>

Package Vendor: Keil
                https://www.keil.com/pack/Keil.STM32F4xx_DFP.2.17.1.pack
                Keil::STM32F4xx_DFP@2.17.1
                STMicroelectronics STM32F4 Series Device Support, Drivers and Examples

<h2>Collection of Component include folders:</h2>
  D:/armkeil/packs/Keil/STM32F4xx_DFP/2.17.1/Drivers/CMSIS/Device/ST/STM32F4xx/Include

<h2>Collection of Component Files used:</h2>
Build Time Elapsed:  00:00:04
</pre>
</body>
</html>
